
----------------- Fri Jun 17 15:16:04 2016 -----------------
{"site": "pc6", "path": "pc6_soure\\2016-6", "id": 22, "name": "Git-2.7.2-64-bit", "title": "鐗堟湰鎺у埗宸ュ叿git"}
MakeNSIS v2.48 - Copyright 1995-2015 Contributors
See the file COPYING for license details.
Credits can be found in the Users Manual.

Changing directory to: "D:\nsis\nsis\nsi\pc6"

Processing script file: "D:\nsis\nsis\nsi\pc6\Git-2.7.2-64-bit.nsi"
Processing plugin dlls: "D:\nsis\nsis\Plugins\*.dll"
 - AccessControl::??0CAccessControl@@QAE@XZ
 - AccessControl::??4CAccessControl@@QAEAAV0@ABV0@@Z
 - AccessControl::?fnAccessControl@@YAHXZ
 - AccessControl::?nAccessControl@@3HA
 - AccessControl::ClearOnFile
 - AccessControl::ClearOnRegKey
 - AccessControl::DenyOnFile
 - AccessControl::DenyOnRegKey
 - AccessControl::DisableFileInheritance
 - AccessControl::DisableRegKeyInheritance
 - AccessControl::EnableFileInheritance
 - AccessControl::EnableRegKeyInheritance
 - AccessControl::GetCurrentUserName
 - AccessControl::GetFileGroup
 - AccessControl::GetFileOwner
 - AccessControl::GetRegKeyGroup
 - AccessControl::GetRegKeyOwner
 - AccessControl::GrantOnFile
 - AccessControl::GrantOnRegKey
 - AccessControl::RevokeOnFile
 - AccessControl::RevokeOnRegKey
 - AccessControl::SetFileGroup
 - AccessControl::SetFileOwner
 - AccessControl::SetOnFile
 - AccessControl::SetOnRegKey
 - AccessControl::SetRegKeyGroup
 - AccessControl::SetRegKeyOwner
 - AccessControl::SidToName
 - AdvSplash::show
 - Aero::Apply
 - AnimGif::play
 - AnimGif::stop
 - Animate::hwnd
 - Animate::show
 - Animate::wait
 - AppAssocReg::ClearUserAssociations
 - AppAssocReg::QueryAppIsDefault
 - AppAssocReg::QueryAppIsDefaultAll
 - AppAssocReg::QueryCurrentDefault
 - AppAssocReg::SetAppAsDefault
 - AppAssocReg::SetAppAsDefaultAll
 - BHOSetupPlugin::Install
 - Banner::destroy
 - Banner::getWindow
 - Banner::show
 - Base64::Decrypt
 - Base64::Encrypt
 - BgImage::AddImage
 - BgImage::AddText
 - BgImage::Clear
 - BgImage::Destroy
 - BgImage::Redraw
 - BgImage::SetBg
 - BgImage::SetReturn
 - BgImage::Sound
 - BgWorker::CallAndWait
 - Blowfish::Decrypt
 - Blowfish::Encrypt
 - BrandingURL::Set
 - BrandingURL::Unload
 - ButtonEvent::AddEventHandler
 - ButtonEvent::Unload
 - ButtonEvent::UnsetEventHandler
 - ButtonEvent::WhichButtonId
 - ButtonLinker::AddEventHandler
 - ButtonLinker::CreateLinker
 - ButtonLinker::Unload
 - ButtonLinker::UnsetEventHandler
 - ButtonLinker::WhichButtonId
 - CABSetup::BuildSetupFiles
 - CABSetup::DataSetSize
 - CABSetup::Extract
 - CRCCheck::GenCRC
 - CabDLL::Author
 - CabDLL::CabExtractAll
 - CabDLL::CabInfo
 - CabDLL::CabView
 - Cdrom::CLOSE
 - Cdrom::FINDCLOSE
 - Cdrom::FINDNEXT
 - Cdrom::OPEN
 - Cdrom::STATUS
 - Cdrom::VOLUMENAME
 - Cdrom::VOLUMESERIALNUMBER
 - ChangeRes::ChangeResolution
 - Chngvrbl::changeVariable
 - CloseRun2::AbortWarn
 - CloseRun2::ActivateSetup
 - CloseRun2::CloseBaiduBrowser
 - CloseRun2::GetOriginalTn
 - CloseRun2::GetTn
 - CloseRun2::GetTnInfo
 - CloseRun2::IsOldVersion
 - CloseRun2::Report
 - CloseRun2::SelectFordDialog
 - CloseRun2::SetControlImage
 - CloseRun2::SetLicense
 - Crypto::About
 - Crypto::HashData
 - Crypto::HashFile
 - CustomLicense::LoadFile
 - DcryptDll::Decrypt
 - DcryptDll::HexDecoder
 - DcryptDll::HexEncoder
 - DcryptDll::LoadStr
 - DcryptDll::MD5Hash
 - Delay::DelayButton
 - Delay::Free
 - Dialer::AttemptConnect
 - Dialer::AutodialHangup
 - Dialer::AutodialOnline
 - Dialer::AutodialUnattended
 - Dialer::GetConnectedState
 - Dialogs::Author
 - Dialogs::Folder
 - Dialogs::InputBox
 - Dialogs::InputRegCode
 - Dialogs::Open
 - Dialogs::Save
 - Dialogs::Ver
 - DlgProc::SetLinker
 - DlgProc::onCallback
 - DumpLog::DumpLog
 - EBanner::play
 - EBanner::show
 - EBanner::stop
 - EmailValidation::EmailValidation
 - EmbedHTML::GetIEVersion
 - EmbedHTML::Load
 - EmbeddedLists::Dialog
 - EmbeddedLists::InitDialog
 - EmbeddedLists::Show
 - EnumCDs::next
 - EnumINI::KeyExist
 - EnumINI::Section
 - EnumINI::SectionExist
 - EnumINI::SectionNames
 - EventLog::WriteEventLog
 - ExDlg::create_dlg
 - ExDlg::dealloc
 - ExDlg::push_windowtext
 - ExecCmd::exec
 - ExecCmd::wait
 - ExecDos::exec
 - ExecDos::isdone
 - ExecDos::wait
 - ExtractDLL::extract
 - ExtractDLLEx::extract
 - Fct::fct
 - Fct::wait
 - FindProcDLL::FindProc
 - FlashLib::FlashBack
 - FlashLib::FlashCurrentFrame
 - FlashLib::FlashForward
 - FlashLib::FlashGetLoop
 - FlashLib::FlashGetMenu
 - FlashLib::FlashGetReadyState
 - FlashLib::FlashGetStandardMenu
 - FlashLib::FlashGetTotalFrames
 - FlashLib::FlashGetVariableA
 - FlashLib::FlashGotoFrame
 - FlashLib::FlashIsPlaying
 - FlashLib::FlashLibFree
 - FlashLib::FlashLibInit
 - FlashLib::FlashLoadMovie
 - FlashLib::FlashPlay
 - FlashLib::FlashPutLoop
 - FlashLib::FlashPutMenu
 - FlashLib::FlashPutStandardMenu
 - FlashLib::FlashRewind
 - FlashLib::FlashSetVariableA
 - FlashLib::FlashStop
 - FlashLib::FlashStopPlay
 - FlashLib::FlashZoom
 - FloatOp::Autor
 - FloatOp::D
 - FloatOp::M
 - FloatOp::R
 - FloatOp::S
 - FloatOp::Ver
 - GetFirstRemovable::GetAll
 - GetFirstRemovable::GetFirst
 - GetVersion::WindowsName
 - GetVersion::WindowsPlatformArchitecture
 - GetVersion::WindowsPlatformId
 - GetVersion::WindowsServerName
 - GetVersion::WindowsServicePack
 - GetVersion::WindowsServicePackBuild
 - GetVersion::WindowsType
 - GetVersion::WindowsVersion
 - HandleFileDragDrop::MakeDropWindow
 - HandleFileDragDrop::NOP
 - HddInfo::GetBufferSize
 - HddInfo::GetDiskSize
 - HddInfo::GetModelNumber
 - HddInfo::GetRevisionNumber
 - HddInfo::GetSerialNumber
 - HelpButton::end
 - HelpButton::show
 - HwInfo::??0CHardwareInfo@@QAE@ABV0@@Z
 - HwInfo::??0CHardwareInfo@@QAE@XZ
 - HwInfo::??1CHardwareInfo@@UAE@XZ
 - HwInfo::??4CHardwareInfo@@QAEAAV0@ABV0@@Z
 - HwInfo::??_7CHardwareInfo@@6B@
 - HwInfo::?GetCPUDescription@CHardwareInfo@@QAEXPAD@Z
 - HwInfo::?GetCPUSpeed@CHardwareInfo@@QAEXAAH@Z
 - HwInfo::?GetTotalSystemMemory@CHardwareInfo@@QAEXAAH@Z
 - HwInfo::?GetVideoAdapterDescription@CHardwareInfo@@QAEXPAD@Z
 - HwInfo::?GetVideoAdapterTotalMemory@CHardwareInfo@@QAEXAAH@Z
 - HwInfo::GetCpuNameAndSpeed
 - HwInfo::GetCpuSpeed
 - HwInfo::GetSystemMemory
 - HwInfo::GetVideoCardMemory
 - HwInfo::GetVideoCardName
 - ISSkin::LoadSkin
 - ISSkin::UnloadSkin
 - ISSkinEx::LoadSkin
 - ISSkinEx::UnloadSkin
 - ISSkinEx::nsLoadSkin
 - ISSkinEx::nsUnloadSkin
 - InetLoad::load
 - InstDrv::CountDevices
 - InstDrv::CreateDevice
 - InstDrv::DeleteOemInfFiles
 - InstDrv::InitDriverSetup
 - InstDrv::InstallDriver
 - InstDrv::RemoveAllDevices
 - InstDrv::StartSystemService
 - InstDrv::StopSystemService
 - InstallOptions::dialog
 - InstallOptions::initDialog
 - InstallOptions::show
 - InstallOptionsEx::dialog
 - InstallOptionsEx::initDialog
 - InstallOptionsEx::show
 - Internet::GetLocalHostIP
 - Internet::GetLocalHostName
 - Internet::GetUrlCode
 - Internet::Ver
 - KillProc::FindProcesses
 - KillProc::KillProcesses
 - KillProcDLL::KillProc
 - LangDLL::LangDialog
 - LauncherSplash::hwnd
 - LauncherSplash::play
 - LauncherSplash::show
 - LauncherSplash::stop
 - LauncherSplash::wait
 - Loading::Destroy
 - Loading::HasUserAborted
 - Loading::Show
 - Loading::Update
 - Loading::getWindow
 - Locate::_Close
 - Locate::_Find
 - Locate::_GetSize
 - Locate::_Open
 - Locate::_RMDirEmpty
 - Locate::_Unload
 - LockedList::AddApplications
 - LockedList::AddCaption
 - LockedList::AddClass
 - LockedList::AddFile
 - LockedList::AddModule
 - LockedList::Dialog
 - LockedList::InitDialog
 - LockedList::Show
 - LockedList::SilentPercentComplete
 - LockedList::SilentSearch
 - LockedList::SilentWait
 - LockedList::Unload
 - LogEx::AddFile
 - LogEx::Close
 - LogEx::Init
 - LogEx::Write
 - MSSQL_OLEDB::SQL_Execute
 - MSSQL_OLEDB::SQL_ExecuteScript
 - MSSQL_OLEDB::SQL_GetError
 - MSSQL_OLEDB::SQL_GetRow
 - MSSQL_OLEDB::SQL_Logon
 - MSSQL_OLEDB::SQL_Logout
 - Marquee::start
 - Marquee::stop
 - Math::Script
 - MessageBox::show
 - Metadl::download
 - Metadl::download_quiet
 - MoreInfo::GetComments
 - MoreInfo::GetCompanyName
 - MoreInfo::GetFileDescription
 - MoreInfo::GetFileVersion
 - MoreInfo::GetInternalName
 - MoreInfo::GetLegalCopyright
 - MoreInfo::GetLegalTrademarks
 - MoreInfo::GetOSUserinterfaceLanguage
 - MoreInfo::GetOriginalFilename
 - MoreInfo::GetPrivateBuild
 - MoreInfo::GetProductName
 - MoreInfo::GetProductVersion
 - MoreInfo::GetSpecialBuild
 - MoreInfo::GetUserDefined
 - MoveAnywhere::Hook
 - NSISArray::ArrayCount
 - NSISArray::ArrayExists
 - NSISArray::Clear
 - NSISArray::Concat
 - NSISArray::Copy
 - NSISArray::Cut
 - NSISArray::Debug
 - NSISArray::Delete
 - NSISArray::ErrorStyle
 - NSISArray::Exists
 - NSISArray::ExistsI
 - NSISArray::FreeUnusedMem
 - NSISArray::Join
 - NSISArray::New
 - NSISArray::Pop
 - NSISArray::Push
 - NSISArray::Put
 - NSISArray::ReDim
 - NSISArray::Read
 - NSISArray::ReadToStack
 - NSISArray::Reverse
 - NSISArray::Search
 - NSISArray::SearchI
 - NSISArray::SetAutoReDim
 - NSISArray::SetSize
 - NSISArray::Shift
 - NSISArray::SizeOf
 - NSISArray::Sort
 - NSISArray::Splice
 - NSISArray::Subtract
 - NSISArray::Swap
 - NSISArray::Unload
 - NSISArray::Unshift
 - NSISArray::Write
 - NSISArray::WriteList
 - NSISArray::WriteListC
 - NSISCONTROLSEX::Init
 - NSISCONTROLSEX::Start
 - NSISCONTROLSEX::Stop
 - NSISList::Add
 - NSISList::All
 - NSISList::AllRev
 - NSISList::Append
 - NSISList::Clear
 - NSISList::Concat
 - NSISList::Copy
 - NSISList::Count
 - NSISList::Create
 - NSISList::Debug
 - NSISList::Delete
 - NSISList::Destroy
 - NSISList::Dim
 - NSISList::Exch
 - NSISList::First
 - NSISList::Get
 - NSISList::Index
 - NSISList::Insert
 - NSISList::Last
 - NSISList::Load
 - NSISList::Move
 - NSISList::Pop
 - NSISList::Reverse
 - NSISList::Save
 - NSISList::Set
 - NSISList::Sort
 - NSISList::Unload
 - NSISLog::Log
 - NSISOS::osplatform
 - NSISOS::osversion
 - NSISdl::download
 - NSISdl::download_quiet
 - NSISdlSmooth::download
 - NSISdlSmooth::download_quiet
 - NSISpcre::RECheckPattern
 - NSISpcre::REClearAllOptions
 - NSISpcre::REClearOption
 - NSISpcre::REFind
 - NSISpcre::REFindClose
 - NSISpcre::REFindNext
 - NSISpcre::REGetOption
 - NSISpcre::REMatches
 - NSISpcre::REQuoteMeta
 - NSISpcre::REReplace
 - NSISpcre::RESetOption
 - Name2IP::FindCloseIP
 - Name2IP::FindFirstIP
 - Name2IP::FindNextIP
 - Nmwdll::nmwMakensis
 - NotifyIcon::Icon
 - NsisCrypt::Base64Decode
 - NsisCrypt::Base64Encode
 - NsisCrypt::DecryptSymmetric
 - NsisCrypt::EncryptSymmetric
 - NsisCrypt::Hash
 - NsisUrlLib::IterateChunk
 - NsisUrlLib::IterateLine
 - NsisUrlLib::UrlOpen
 - NxSMSILoaderDlg::HasUserAborted
 - NxSMSILoaderDlg::destroy
 - NxSMSILoaderDlg::getWindow
 - NxSMSILoaderDlg::show
 - NxSMSILoaderDlg::update
 - Nxs::Destroy
 - Nxs::HasUserAborted
 - Nxs::Show
 - Nxs::Update
 - Nxs::getWindow
 - Nzipdll::nzip
 - Nzwdll::nzwMakensis
 - Nzwdll::nzwUnzip
 - OnTop::OffTop
 - OnTop::OnTop
 - PPC-registry::_CERAPIINIT
 - PPC-registry::_CERAPIINITEX
 - PPC-registry::_CERAPIUNINIT
 - PPC-registry::_Close
 - PPC-registry::_CopyKey
 - PPC-registry::_CopyValue
 - PPC-registry::_CreateKey
 - PPC-registry::_DeleteKey
 - PPC-registry::_DeleteKeyEmpty
 - PPC-registry::_DeleteValue
 - PPC-registry::_Find
 - PPC-registry::_HexToStr
 - PPC-registry::_KeyExists
 - PPC-registry::_MoveKey
 - PPC-registry::_MoveValue
 - PPC-registry::_Open
 - PPC-registry::_Read
 - PPC-registry::_ReadExtra
 - PPC-registry::_SaveKey
 - PPC-registry::_StrToHex
 - PPC-registry::_Unload
 - PPC-registry::_Write
 - PPC-registry::_WriteExtra
 - PPSSetupIMG::show
 - PPSSetupIMG::stop
 - PassDialog::Dialog
 - PassDialog::InitDialog
 - PassDialog::Show
 - PictureWindow::ClearFunc
 - PictureWindow::CreatePictureWindowFunc
 - PictureWindow::KillTimerFunc
 - PictureWindow::LoadImageFunc
 - PictureWindow::NewDownloadPictureThread
 - PictureWindow::SetTimerFunc
 - PictureWindow::ShowNextPictureFunc
 - PictureWindow::SubClassWindowFunc
 - PluginInstallEx::Install
 - PopupListBox::MultiSelect
 - PopupListBox::SingleSelect
 - PowerPlayer::??4FLVPlayerInterface@@QAEAAV0@ABV0@@Z
 - PowerPlayer::DllCanUnloadNow
 - PowerPlayer::DllGetClassObject
 - PowerPlayer::DllRegisterServer
 - PowerPlayer::DllUnregisterServer
 - Processes::FindDevice
 - Processes::FindProcess
 - Processes::KillProcess
 - Pwgen::GeneratePassword
 - RealProgress::AddProgress
 - RealProgress::DetailProgress
 - RealProgress::FileProgress
 - RealProgress::GetProgress
 - RealProgress::GradualProgress
 - RealProgress::SetProgress
 - RealProgress::Unload
 - RealProgress::UseProgressBar
 - RegBin::append
 - RegBin::init
 - RegBin::write
 - RegBin::writeRegBin
 - Rfshdktp::refreshDesktop
 - Safer::Exec
 - Safer::SupportsSAFER
 - ScrollLicense::Set
 - ScrollLicense::Unload
 - SelfDel::del
 - Services::GetServiceNameFromDisplayName
 - Services::GrantLogonAsAService
 - Services::HasLogonAsAService
 - Services::IsProcessUserAdministrator
 - Services::IsServiceInstalled
 - Services::IsServiceRunning
 - Services::RemoveLogonAsAService
 - Services::SendServiceCommand
 - SetCursor::File
 - SetCursor::Position
 - SetCursor::System
 - SetCursor::Visibility
 - SetupIMG::show
 - SetupIMG::stop
 - SfHelper::checkFile
 - SfHelper::getMirrors
 - ShellLink::GetShortCutArgs
 - ShellLink::GetShortCutDescription
 - ShellLink::GetShortCutHotkey
 - ShellLink::GetShortCutIconIndex
 - ShellLink::GetShortCutIconLocation
 - ShellLink::GetShortCutShowMode
 - ShellLink::GetShortCutTarget
 - ShellLink::GetShortCutWorkingDirectory
 - ShellLink::SetShortCutArgs
 - ShellLink::SetShortCutDescription
 - ShellLink::SetShortCutHotkey
 - ShellLink::SetShortCutIconIndex
 - ShellLink::SetShortCutIconLocation
 - ShellLink::SetShortCutShowMode
 - ShellLink::SetShortCutTarget
 - ShellLink::SetShortCutWorkingDirectory
 - ShutDown::LogOff
 - ShutDown::PowerOff
 - ShutDown::Reboot
 - ShutDown::ShutDown
 - ShutdownAllow::Allow
 - ShutdownAllow::Unload
 - SimpleBg::Destroy
 - SimpleBg::SetBg
 - SimpleSC::ContinueService
 - SimpleSC::ExistsService
 - SimpleSC::GetServiceBinaryPath
 - SimpleSC::GetServiceDisplayName
 - SimpleSC::GetServiceName
 - SimpleSC::GetServiceStartType
 - SimpleSC::GetServiceStatus
 - SimpleSC::GrantServiceLogonPrivilege
 - SimpleSC::InstallService
 - SimpleSC::PauseService
 - SimpleSC::RemoveService
 - SimpleSC::RemoveServiceLogonPrivilege
 - SimpleSC::RestartService
 - SimpleSC::ServiceIsPaused
 - SimpleSC::ServiceIsRunning
 - SimpleSC::ServiceIsStopped
 - SimpleSC::SetServiceDescription
 - SimpleSC::SetServiceLogon
 - SimpleSC::SetServiceStartType
 - SimpleSC::StartService
 - SimpleSC::StopService
 - SkinBtn::Init
 - SkinBtn::Set
 - SkinBtn::onClick
 - SkinButton::SetSkin
 - SkinH::SkinH_AdjustAero
 - SkinH::SkinH_AdjustHSV
 - SkinH::SkinH_Attach
 - SkinH::SkinH_AttachEx
 - SkinH::SkinH_AttachExt
 - SkinH::SkinH_AttachRes
 - SkinH::SkinH_AttachResEx
 - SkinH::SkinH_Detach
 - SkinH::SkinH_DetachEx
 - SkinH::SkinH_GetColor
 - SkinH::SkinH_LockUpdate
 - SkinH::SkinH_Map
 - SkinH::SkinH_NineBlt
 - SkinH::SkinH_SetAero
 - SkinH::SkinH_SetBackColor
 - SkinH::SkinH_SetFont
 - SkinH::SkinH_SetFontEx
 - SkinH::SkinH_SetForeColor
 - SkinH::SkinH_SetMenuAlpha
 - SkinH::SkinH_SetTitleMenuBar
 - SkinH::SkinH_SetWindowAlpha
 - SkinH::SkinH_SetWindowMovable
 - SkinH::SkinH_VerifySign
 - SkinProgress::Set
 - SkinSE::??0CxFile@@QAE@ABV0@@Z
 - SkinSE::??0CxFile@@QAE@XZ
 - SkinSE::??0CxIOFile@@QAE@ABV0@@Z
 - SkinSE::??0CxIOFile@@QAE@PAU_iobuf@@@Z
 - SkinSE::??0CxMemFile@@QAE@ABV0@@Z
 - SkinSE::??1CxFile@@UAE@XZ
 - SkinSE::??1CxIOFile@@UAE@XZ
 - SkinSE::??1CxImage@@UAE@XZ
 - SkinSE::??4CxFile@@QAEAAV0@ABV0@@Z
 - SkinSE::??4CxIOFile@@QAEAAV0@ABV0@@Z
 - SkinSE::??4CxMemFile@@QAEAAV0@ABV0@@Z
 - SkinSE::??_7CxFile@@6B@
 - SkinSE::??_7CxIOFile@@6B@
 - SkinSE::??_7CxImage@@6B@
 - SkinSE::??_7CxMemFile@@6B@
 - SkinSE::??_FCxIOFile@@QAEXXZ
 - SkinSE::??_FCxImage@@QAEXXZ
 - SkinSE::??_FCxMemFile@@QAEXXZ
 - SkinSE::??_OCxImage@@QAEXABV0@@Z
 - SkinSE::?Close@CxIOFile@@UAE_NXZ
 - SkinSE::?Eof@CxIOFile@@UAE_NXZ
 - SkinSE::?Error@CxIOFile@@UAEJXZ
 - SkinSE::?Flush@CxIOFile@@UAE_NXZ
 - SkinSE::?GetC@CxIOFile@@UAEJXZ
 - SkinSE::?GetS@CxIOFile@@UAEPADPADH@Z
 - SkinSE::?Open@CxIOFile@@QAE_NPBD0@Z
 - SkinSE::?PutC@CxFile@@UAE_NE@Z
 - SkinSE::?PutC@CxIOFile@@UAE_NE@Z
 - SkinSE::?Read@CxIOFile@@UAEIPAXII@Z
 - SkinSE::?Scanf@CxIOFile@@UAEJPBDPAX@Z
 - SkinSE::?Seek@CxIOFile@@UAE_NJH@Z
 - SkinSE::?Size@CxIOFile@@UAEJXZ
 - SkinSE::?Tell@CxIOFile@@UAEJXZ
 - SkinSE::?Write@CxIOFile@@UAEIPBXII@Z
 - SkinSE::InstallSkinSE
 - SkinSE::SkinSE_Button_SetCursor
 - SkinSE::SkinSE_Button_SetFont
 - SkinSE::SkinSE_Button_SetFontEx
 - SkinSE::SkinSE_Button_SetToolTipText
 - SkinSE::SkinSE_Check_SetCursor
 - SkinSE::SkinSE_Check_SetFont
 - SkinSE::SkinSE_Check_SetFontEx
 - SkinSE::SkinSE_Check_SetToolTipText
 - SkinSE::SkinSE_ComboBox_SetFont
 - SkinSE::SkinSE_ComboBox_SetTextColor
 - SkinSE::SkinSE_DirectUI_SetDrawItemEventItemSubItemImage
 - SkinSE::SkinSE_DirectUI_SetDrawItemEventItemSubItemPlayAnimate
 - SkinSE::SkinSE_DirectUI_SetDrawItemEventItemSubItemValue
 - SkinSE::SkinSE_DirectUI_SetDrawItemEventItemSubItemVisible
 - SkinSE::SkinSE_DirectUI_SetDrawItemSubItemImage
 - SkinSE::SkinSE_DirectUI_SetDrawItemSubItemPlayAnimate
 - SkinSE::SkinSE_DirectUI_SetDrawItemSubItemValue
 - SkinSE::SkinSE_DirectUI_SetDrawItemSubItemVisible
 - SkinSE::SkinSE_DirectUI_SetEventItemSubItemImage
 - SkinSE::SkinSE_DirectUI_SetEventItemSubItemPlayAnimate
 - SkinSE::SkinSE_DirectUI_SetEventItemSubItemValue
 - SkinSE::SkinSE_DirectUI_SetEventItemSubItemVisible
 - SkinSE::SkinSE_DirectUI_SetSubItemImage
 - SkinSE::SkinSE_DirectUI_SetSubItemPlayAnimate
 - SkinSE::SkinSE_DirectUI_SetSubItemValue
 - SkinSE::SkinSE_DirectUI_SetSubItemVisible
 - SkinSE::SkinSE_Edit_SetBackgroundColor
 - SkinSE::SkinSE_Edit_SetFont
 - SkinSE::SkinSE_Edit_SetFontEx
 - SkinSE::SkinSE_Edit_SetTextColor
 - SkinSE::SkinSE_EnableHookSkin
 - SkinSE::SkinSE_EnableTitleMenuBar
 - SkinSE::SkinSE_GetLastError
 - SkinSE::SkinSE_GroupBox_SetBorderColor
 - SkinSE::SkinSE_GroupBox_SetFont
 - SkinSE::SkinSE_GroupBox_SetFontEx
 - SkinSE::SkinSE_GroupBox_SetLogoImage
 - SkinSE::SkinSE_GroupBox_SetLogoImageEx
 - SkinSE::SkinSE_GroupBox_SetRoundRgn
 - SkinSE::SkinSE_GroupBox_SetTextColor
 - SkinSE::SkinSE_HeaderCtrl_CreateItemProgressCtrl
 - SkinSE::SkinSE_HeaderCtrl_GetItemProgressPos
 - SkinSE::SkinSE_HeaderCtrl_SetDrawItemEventItemImage
 - SkinSE::SkinSE_HeaderCtrl_SetDrawItemEventItemValue
 - SkinSE::SkinSE_HeaderCtrl_SetDrawItemEventItemVisible
 - SkinSE::SkinSE_HeaderCtrl_SetDrawItemSkin
 - SkinSE::SkinSE_HeaderCtrl_SetDrawItemSubItemImage
 - SkinSE::SkinSE_HeaderCtrl_SetDrawItemSubItemValue
 - SkinSE::SkinSE_HeaderCtrl_SetDrawItemSubItemVisible
 - SkinSE::SkinSE_HeaderCtrl_SetItemProgressPos
 - SkinSE::SkinSE_HeaderCtrl_SetItemProgressRange
 - SkinSE::SkinSE_Init
 - SkinSE::SkinSE_ListBox_CreateItemProgressCtrl
 - SkinSE::SkinSE_ListBox_GetItemProgressPos
 - SkinSE::SkinSE_ListBox_SetBackTransparent
 - SkinSE::SkinSE_ListBox_SetDrawItemEventItemImage
 - SkinSE::SkinSE_ListBox_SetDrawItemEventItemValue
 - SkinSE::SkinSE_ListBox_SetDrawItemEventItemVisible
 - SkinSE::SkinSE_ListBox_SetDrawItemSkin
 - SkinSE::SkinSE_ListBox_SetDrawItemSubItemImage
 - SkinSE::SkinSE_ListBox_SetDrawItemSubItemValue
 - SkinSE::SkinSE_ListBox_SetDrawItemSubItemVisible
 - SkinSE::SkinSE_ListBox_SetImageList
 - SkinSE::SkinSE_ListBox_SetImageListIndex
 - SkinSE::SkinSE_ListBox_SetItemProgressPos
 - SkinSE::SkinSE_ListBox_SetItemProgressRange
 - SkinSE::SkinSE_ListCtrl_CreateItemProgressCtrl
 - SkinSE::SkinSE_ListCtrl_GetItemProgressPos
 - SkinSE::SkinSE_ListCtrl_SetDrawItemEventItemImage
 - SkinSE::SkinSE_ListCtrl_SetDrawItemEventItemValue
 - SkinSE::SkinSE_ListCtrl_SetDrawItemEventItemVisible
 - SkinSE::SkinSE_ListCtrl_SetDrawItemSkin
 - SkinSE::SkinSE_ListCtrl_SetDrawItemSubItemImage
 - SkinSE::SkinSE_ListCtrl_SetDrawItemSubItemValue
 - SkinSE::SkinSE_ListCtrl_SetDrawItemSubItemVisible
 - SkinSE::SkinSE_ListCtrl_SetImageList
 - SkinSE::SkinSE_ListCtrl_SetImageListIndex
 - SkinSE::SkinSE_ListCtrl_SetItemProgressPos
 - SkinSE::SkinSE_ListCtrl_SetItemProgressRange
 - SkinSE::SkinSE_LoadSkinResourceFromFolder
 - SkinSE::SkinSE_LoadSkinResourceFromRes
 - SkinSE::SkinSE_LoadSkinResourceFromZIP
 - SkinSE::SkinSE_Menu_EnableSkin
 - SkinSE::SkinSE_Menu_GetImageItemCount
 - SkinSE::SkinSE_Menu_RemoveItem
 - SkinSE::SkinSE_Menu_SetCurrentSkin
 - SkinSE::SkinSE_Menu_SetItemImage
 - SkinSE::SkinSE_Radio_SetCursor
 - SkinSE::SkinSE_Radio_SetFont
 - SkinSE::SkinSE_Radio_SetFontEx
 - SkinSE::SkinSE_Radio_SetToolTipText
 - SkinSE::SkinSE_RefreshAllControls
 - SkinSE::SkinSE_RemoveLayoutPos
 - SkinSE::SkinSE_SetBitmapHSB
 - SkinSE::SkinSE_SetColorHSB
 - SkinSE::SkinSE_SetHSB
 - SkinSE::SkinSE_SetKey
 - SkinSE::SkinSE_SetLayoutMainFrame
 - SkinSE::SkinSE_SetLayoutWindowPos
 - SkinSE::SkinSE_SetScrollBarSkin
 - SkinSE::SkinSE_Static_SetCursor
 - SkinSE::SkinSE_Static_SetFont
 - SkinSE::SkinSE_Static_SetFontEx
 - SkinSE::SkinSE_Static_SetTextColor
 - SkinSE::SkinSE_Static_SetToolTipText
 - SkinSE::SkinSE_SubclassWindow
 - SkinSE::SkinSE_TabCtrl_SetFont
 - SkinSE::SkinSE_TabCtrl_SetFontEx
 - SkinSE::SkinSE_TabCtrl_SetItemImage
 - SkinSE::SkinSE_TabCtrl_SetItemImageEx
 - SkinSE::SkinSE_TreeCtrl_CreateItemProgressCtrl
 - SkinSE::SkinSE_TreeCtrl_GetItemProgressPos
 - SkinSE::SkinSE_TreeCtrl_SetBackTransparent
 - SkinSE::SkinSE_TreeCtrl_SetDrawItemEventItemImage
 - SkinSE::SkinSE_TreeCtrl_SetDrawItemEventItemValue
 - SkinSE::SkinSE_TreeCtrl_SetDrawItemEventItemVisible
 - SkinSE::SkinSE_TreeCtrl_SetDrawItemSkin
 - SkinSE::SkinSE_TreeCtrl_SetDrawItemSubItemImage
 - SkinSE::SkinSE_TreeCtrl_SetDrawItemSubItemValue
 - SkinSE::SkinSE_TreeCtrl_SetDrawItemSubItemVisible
 - SkinSE::SkinSE_TreeCtrl_SetImageList
 - SkinSE::SkinSE_TreeCtrl_SetImageListIndex
 - SkinSE::SkinSE_TreeCtrl_SetItemProgressPos
 - SkinSE::SkinSE_TreeCtrl_SetItemProgressRange
 - SkinSE::SkinSE_UI_DrawBack
 - SkinSE::SkinSE_UI_GetBitmapHandle
 - SkinSE::SkinSE_UI_GetFont
 - SkinSE::SkinSE_UI_GetResourceItem
 - SkinSE::SkinSE_UnsubclassWindow
 - SkinSE::UnstallSkinSE
 - SkinSE_NSIS::setskin
 - SkinSE_NSIS::setskinpath
 - SkinnedButton::setskin
 - SkinnedButton::skinit
 - SkinnedButton::unskinit
 - SpiderBanner::Destroy
 - SpiderBanner::Show
 - Splash::show
 - Stack::_Debug
 - Stack::_Unload
 - Stack::_dll_clear
 - Stack::_dll_create
 - Stack::_dll_delete
 - Stack::_dll_delete_range
 - Stack::_dll_destroy
 - Stack::_dll_exchange
 - Stack::_dll_insert
 - Stack::_dll_move
 - Stack::_dll_move_range
 - Stack::_dll_push_sort
 - Stack::_dll_push_sort_int
 - Stack::_dll_read
 - Stack::_dll_reverse_range
 - Stack::_dll_size
 - Stack::_dll_sort_all
 - Stack::_dll_sort_all_int
 - Stack::_dll_write
 - Stack::_ns_clear
 - Stack::_ns_pop_front
 - Stack::_ns_push_back
 - Stack::_ns_push_front
 - Stack::_ns_read
 - Stack::_ns_size
 - Stack::_ns_write
 - StartMenu::Init
 - StartMenu::Select
 - StartMenu::Show
 - StdUtils::DisableVerboseMode
 - StdUtils::Dummy
 - StdUtils::EnableVerboseMode
 - StdUtils::ExecShellAsUser
 - StdUtils::ExecShellWaitEx
 - StdUtils::FormatStr
 - StdUtils::FormatStr2
 - StdUtils::FormatStr3
 - StdUtils::GetAllParameters
 - StdUtils::GetDays
 - StdUtils::GetHours
 - StdUtils::GetLibVersion
 - StdUtils::GetMinutes
 - StdUtils::GetParameter
 - StdUtils::GetRealOsBuildNo
 - StdUtils::GetRealOsName
 - StdUtils::GetRealOsVersion
 - StdUtils::InvokeShellVerb
 - StdUtils::Rand
 - StdUtils::RandList
 - StdUtils::RandMax
 - StdUtils::RandMinMax
 - StdUtils::RevStr
 - StdUtils::SHFileCopy
 - StdUtils::SHFileMove
 - StdUtils::ScanStr
 - StdUtils::ScanStr2
 - StdUtils::ScanStr3
 - StdUtils::Time
 - StdUtils::TrimStr
 - StdUtils::TrimStrLeft
 - StdUtils::TrimStrRight
 - StdUtils::VerifyRealOsBuildNo
 - StdUtils::VerifyRealOsVersion
 - StdUtils::WaitForProcEx
 - StrList::Add
 - StrList::DelByPos
 - StrList::Delete
 - StrList::EnumName
 - StrList::EnumValue
 - StrList::Find
 - StrList::Free
 - StrList::GetNum
 - SysRestore::FinishRestorePoint
 - SysRestore::RemoveRestorePoint
 - SysRestore::StartRestorePoint
 - SysRestore::StartUnRestorePoint
 - SysRestore::Unload
 - System::Alloc
 - System::Call
 - System::Copy
 - System::Free
 - System::Get
 - System::Int64Op
 - System::Store
 - TCP::CheckPort
 - TSFD::SelectFileDialog
 - Tapihelp::getmodemid
 - Tapihelp::getmodemname
 - TextReplace::_FillReadBuffer
 - TextReplace::_FindInFile
 - TextReplace::_FreeReadBuffer
 - TextReplace::_ReplaceInFile
 - TextReplace::_Unload
 - Timeout::ExecTimeout
 - ToggleInstFiles::Set
 - ToggleInstFiles::Unload
 - ToolTips::Author
 - ToolTips::Classic
 - ToolTips::Modern
 - TypeLib::GetLibVersion
 - TypeLib::Register
 - TypeLib::UnRegister
 - UAC::Exec
 - UAC::ExecCodeSegment
 - UAC::ExecWait
 - UAC::GetElevationType
 - UAC::GetOuterHwnd
 - UAC::GetShellFolderPath
 - UAC::IsAdmin
 - UAC::RunElevated
 - UAC::ShellExec
 - UAC::ShellExecWait
 - UAC::StackPush
 - UAC::SupportsUAC
 - UAC::Unload
 - UACTool::LaunchAsUser
 - UnTGZ::extract
 - UnTGZ::extractFile
 - UnTGZ::extractV
 - UserInfo::GetAccountType
 - UserInfo::GetName
 - UserInfo::GetOriginalAccountType
 - UserMgr::AddPrivilege
 - UserMgr::AddToGroup
 - UserMgr::BuiltAccountEnv
 - UserMgr::ChangeUserPassword
 - UserMgr::CreateAccount
 - UserMgr::CreateAccountEx
 - UserMgr::CreateGroup
 - UserMgr::DeleteAccount
 - UserMgr::DeleteGroup
 - UserMgr::GetCurrentUserName
 - UserMgr::GetLocalizedStdAccountName
 - UserMgr::GetUserInfo
 - UserMgr::HasPrivilege
 - UserMgr::IsMemberOfGroup
 - UserMgr::RegLoadUserHive
 - UserMgr::RegUnLoadUserHive
 - UserMgr::RemoveFromGroup
 - UserMgr::RemovePrivilege
 - UserMgr::SetRegKeyAccess
 - UserMgr::SetUserInfo
 - VPatch::GetFileCRC32
 - VPatch::GetFileMD5
 - VPatch::vpatchfile
 - Version::GetWindowsVersion
 - Version::IsWindows2000
 - Version::IsWindows2003
 - Version::IsWindows31
 - Version::IsWindows95
 - Version::IsWindows98
 - Version::IsWindows98orLater
 - Version::IsWindowsME
 - Version::IsWindowsNT351
 - Version::IsWindowsNT40
 - Version::IsWindowsPlatform9x
 - Version::IsWindowsPlatformNT
 - Version::IsWindowsXP
 - WebCtrl::ShowWebInCtrl
 - WndProc::onCallback
 - XL7InstallUIPlugin::load_plugin
 - XL7InstallUIPlugin::page_instfiles_leave_function
 - XL7InstallUIPlugin::page_instfiles_pre_function
 - XL7InstallUIPlugin::page_instfiles_show_function
 - XZBHelper::XZB_SlideShow
 - XZBHelper::XZB_SlideStop
 - XZBHelper::XZB_Win7Taskbar
 - XiMoL::GetAttributeName
 - XiMoL::GetAttributeValue
 - XiMoL::GetContent
 - XiMoL::GetElement
 - XiMoL::GetElementFromPath
 - XiMoL::GetElementName
 - XiMoL::GetNextElement
 - XiMoL::GetNumberOfAttributes
 - XiMoL::GetNumberOfElements
 - XiMoL::GetTag
 - XiMoL::ReadXmlFile
 - XtInfoPlugin::CompareVersion
 - XtInfoPlugin::GetDotNetFrameworkId
 - XtInfoPlugin::GetDotNetFrameworkVersion
 - XtInfoPlugin::GetInstaller
 - XtInfoPlugin::GetInstallerFileName
 - XtInfoPlugin::GetInstallerFullPath
 - XtInfoPlugin::GetInternetExplorerId
 - XtInfoPlugin::GetInternetExplorerVersion
 - XtInfoPlugin::GetLanguage
 - XtInfoPlugin::GetMDACId
 - XtInfoPlugin::GetMDACVersion
 - XtInfoPlugin::GetOLEDBId
 - XtInfoPlugin::GetOLEDBVersion
 - XtInfoPlugin::GetWindowsId
 - XtInfoPlugin::GetWindowsServicePackId
 - XtInfoPlugin::GetWindowsVersion
 - XtInfoPlugin::IsAdministrator
 - XtInfoPlugin::IsDotNetFrameworkInstalled
 - XtInfoPlugin::IsWindows2000
 - XtInfoPlugin::IsWindows2003
 - XtInfoPlugin::IsWindows95
 - XtInfoPlugin::IsWindows98
 - XtInfoPlugin::IsWindowsME
 - XtInfoPlugin::IsWindowsNT3
 - XtInfoPlugin::IsWindowsNT4
 - XtInfoPlugin::IsWindowsXP
 - ZipDLL::extractall
 - ZipDLL::extractfile
 - dumpstate::debug
 - firectrl::disablefire
 - firectrl::enablefire
 - fxSlideShow::AddDefault
 - fxSlideShow::AddImage
 - fxSlideShow::Show
 - fxSlideShow::Stop
 - inetc(Modify)::get
 - inetc(Modify)::head
 - inetc(Modify)::post
 - inetc(Modify)::put
 - inetc::get
 - inetc::head
 - inetc::post
 - inetc::put
 - ip::get_ip
 - isSlideShow::DeinitializeSlideShow
 - isSlideShow::InitializeSlideShow
 - isSlideShow::ShowImage
 - kcheck::FindProcessByName
 - kcheck::KillProcessByName
 - linker::Link
 - linker::Unload
 - md5dll::GetFileMD5
 - md5dll::GetMD5
 - md5dll::GetMD5File
 - md5dll::GetMD5Random
 - md5dll::GetMD5String
 - minizip::mini_unzip_dll
 - minizip::unzClose
 - minizip::unzCloseCurrentFile
 - minizip::unzGetCurrentFileInfo
 - minizip::unzGetFilePos
 - minizip::unzGetGlobalComment
 - minizip::unzGetGlobalInfo
 - minizip::unzGetLocalExtrafield
 - minizip::unzGetOffset
 - minizip::unzGoToFilePos
 - minizip::unzGoToFirstFile
 - minizip::unzGoToNextFile
 - minizip::unzLocateFile
 - minizip::unzOpen
 - minizip::unzOpen2
 - minizip::unzOpenCurrentFile
 - minizip::unzOpenCurrentFile2
 - minizip::unzOpenCurrentFile3
 - minizip::unzOpenCurrentFilePassword
 - minizip::unzReadCurrentFile
 - minizip::unzSetOffset
 - minizip::unzStringFileNameCompare
 - minizip::unzeof
 - minizip::unztell
 - minizip::zipClose
 - minizip::zipCloseFileInZip
 - minizip::zipCloseFileInZipRaw
 - minizip::zipOpen
 - minizip::zipOpen2
 - minizip::zipOpenNewFileInZip
 - minizip::zipOpenNewFileInZip2
 - minizip::zipOpenNewFileInZip3
 - minizip::zipWriteInFileInZip
 - newadvsplash::hwnd
 - newadvsplash::play
 - newadvsplash::show
 - newadvsplash::stop
 - nsCtrl::Init
 - nsCtrl::OnChange
 - nsCtrl::OnClick
 - nsCtrl::ValidatePath
 - nsDialogs::Create
 - nsDialogs::CreateControl
 - nsDialogs::CreateItem
 - nsDialogs::CreateTimer
 - nsDialogs::GetUserData
 - nsDialogs::KillTimer
 - nsDialogs::OnBack
 - nsDialogs::OnChange
 - nsDialogs::OnClick
 - nsDialogs::OnNotify
 - nsDialogs::SelectFileDialog
 - nsDialogs::SelectFolderDialog
 - nsDialogs::SetRTL
 - nsDialogs::SetUserData
 - nsDialogs::Show
 - nsExec::Exec
 - nsExec::ExecToLog
 - nsExec::ExecToStack
 - nsFlash::Destroy
 - nsFlash::IsInstalled
 - nsFlash::Load
 - nsFlash::Window
 - nsInstallAssist::AbortWarn
 - nsInstallAssist::ActivateSetup
 - nsInstallAssist::CheckBaiduIntranet
 - nsInstallAssist::CheckRun
 - nsInstallAssist::CleanUpPendingOperation
 - nsInstallAssist::GetOriginalTn
 - nsInstallAssist::GetTn
 - nsInstallAssist::GetTnInfo
 - nsInstallAssist::IsOldVersion
 - nsInstallAssist::Report
 - nsInstallAssist::SelectFordDialog
 - nsInstallAssist::SetControlImage
 - nsInstallAssist::SetLicense
 - nsLink::Init
 - nsLink::OnClick
 - nsMCI::GetErrorString
 - nsMCI::GetFirstCDROMDrive
 - nsMCI::SendString
 - nsMailer::AddAttachment
 - nsMailer::From
 - nsMailer::InitConfig
 - nsMailer::Send
 - nsMailer::Subject
 - nsMailer::TextBody
 - nsMailer::To
 - nsODBC::AddDSN
 - nsODBC::AddSysDSN
 - nsODBC::ConfDSN
 - nsODBC::ConfSysDSN
 - nsODBC::RemoveDSN
 - nsODBC::RemoveDefDSN
 - nsODBC::RemoveSysDSN
 - nsPerl::exec
 - nsPerl::execFile
 - nsPerl::execResource
 - nsPluginInstall::Install
 - nsProcess::_FindProcess
 - nsProcess::_KillProcess
 - nsProcess::_Unload
 - nsPython::eval
 - nsPython::exec
 - nsPython::execFile
 - nsRandom::GetRandom
 - nsRestartExplorer::nsRE
 - nsRestartExplorer::nsRestartExplorer
 - nsSCM::Install
 - nsSCM::QueryStatus
 - nsSCM::Remove
 - nsSCM::Start
 - nsSCM::Stop
 - nsScreenshot::Grab
 - nsScreenshot::Grab_FullScreen
 - nsTBCIASkinEngine::ExitTBCIASkinEngine
 - nsTBCIASkinEngine::FindControl
 - nsTBCIASkinEngine::GetControlData
 - nsTBCIASkinEngine::InitTBCIAMessageBox
 - nsTBCIASkinEngine::InitTBCIASkinEngine
 - nsTBCIASkinEngine::OnControlBindNSISScript
 - nsTBCIASkinEngine::SelectFolderDialog
 - nsTBCIASkinEngine::SendInstallMsg2Svr
 - nsTBCIASkinEngine::SendUninstallMsg2Svr
 - nsTBCIASkinEngine::SetControlData
 - nsTBCIASkinEngine::ShowLicense
 - nsTBCIASkinEngine::ShowPage
 - nsTBCIASkinEngine::StartInstall
 - nsTBCIASkinEngine::StartUninstall
 - nsTBCIASkinEngine::TBCIACreatTimer
 - nsTBCIASkinEngine::TBCIAKillTimer
 - nsTBCIASkinEngine::TBCIASendMessage
 - nsURI::decodeURI
 - nsURI::decodeURIComponent
 - nsURI::encodeURI
 - nsURI::encodeURIComponent
 - nsWater::Set
 - nsWeb::IsInet
 - nsWeb::ShowHTMLInPage
 - nsWeb::ShowWebInPage
 - nsWeb::ShowWebInPopUp
 - nsWindows::Create
 - nsWindows::CreateControl
 - nsWindows::CreateItem
 - nsWindows::CreateTimer
 - nsWindows::GetUserData
 - nsWindows::KillTimer
 - nsWindows::OnBack
 - nsWindows::OnChange
 - nsWindows::OnClick
 - nsWindows::OnNotify
 - nsWindows::SelectFileDialog
 - nsWindows::SelectFolderDialog
 - nsWindows::SetRTL
 - nsWindows::SetTransparent
 - nsWindows::SetUserData
 - nsWindows::Show
 - nsWindows::onDropFiles
 - nsis7z::Extract
 - nsis7z::ExtractWithCallback
 - nsis7z::ExtractWithDetails
 - nsisDDE::Execute
 - nsisFirewall::AddAuthorizedApplication
 - nsisFirewall::RemoveAuthorizedApplication
 - nsisMultiMon::CenterInstallerOnMonitor
 - nsisMultiMon::GetActiveMonitorCount
 - nsisMultiMon::GetAllMonitorCount
 - nsisMultiMon::GetMonitorName
 - nsisMultiMon::GetMonitorRect
 - nsisMultiMon::GetPrimaryMonitor
 - nsisMultiMon::GetVirtualDesktopRect
 - nsisMultiMon::GetWorkArea
 - nsisMultiMon::IsPointOnMonitor
 - nsisSlideshow::show
 - nsisSlideshow::stop
 - nsisSlideshowx::Initialize
 - nsisSlideshowx::Release
 - nsisSlideshowx::show
 - nsisSlideshowx::stop
 - nsisStartMenu::RegenerateFolder
 - nsisStartMenu::RegenerateFolderW
 - nsisStartMenu::_RegenerateFolder
 - nsisUser::IsLoginValid
 - nsisXML::appendChild
 - nsisXML::create
 - nsisXML::createElement
 - nsisXML::createProcessingInstruction
 - nsisXML::getAttribute
 - nsisXML::getText
 - nsisXML::insertBefore
 - nsisXML::load
 - nsisXML::loadAndValidate
 - nsisXML::parentNode
 - nsisXML::removeChild
 - nsisXML::save
 - nsisXML::select
 - nsisXML::setAttribute
 - nsisXML::setDocumentElement
 - nsisXML::setText
 - nsisdt::currentdate
 - processwork::CloseProcess
 - processwork::ExistsProcess
 - processwork::KillProcess
 - processwork::QuitProcess
 - registry::_Close
 - registry::_CopyKey
 - registry::_CopyValue
 - registry::_CreateKey
 - registry::_DeleteKey
 - registry::_DeleteKeyEmpty
 - registry::_DeleteValue
 - registry::_Find
 - registry::_HexToStr
 - registry::_KeyExists
 - registry::_MoveKey
 - registry::_MoveValue
 - registry::_Open
 - registry::_Read
 - registry::_ReadExtra
 - registry::_RestoreKey
 - registry::_SaveKey
 - registry::_StrToHex
 - registry::_Unload
 - registry::_Write
 - registry::_WriteExtra
 - section::call
 - show_pic::CreateWindowFromPNG
 - show_pic::SetWindowBKPng
 - show_pic::check_process
 - show_pic::createwindow
 - time::_GetFileTime
 - time::_GetFileTimeUTC
 - time::_GetLocalTime
 - time::_GetLocalTimeUTC
 - time::_MathTime
 - time::_SetFileTime
 - time::_SetFileTimeUTC
 - time::_SetLocalTime
 - time::_SetLocalTimeUTC
 - time::_TimeString
 - time::_Unload
 - timer::t0
 - timer::t1
 - titprog::Start
 - unicode::FileAnsi2Unicode
 - unicode::FileUnicode2Ansi
 - unicode::UnicodeType
 - w7tbp::Start
 - wansis::config
 - wansis::setskin
 - wansis::skinit
 - wansis::unskinit
 - waterctrl::disablewater
 - waterctrl::enablewater
 - waterctrl::flattenwater
 - waterctrl::setwaterparent
 - waterctrl::waterblob
 - xID::GetHardDiskID
 - xID::GetNetCardID
 - xml::_CloneNode
 - xml::_Coordinate
 - xml::_CreateNode
 - xml::_CreateText
 - xml::_CurrentAttribute
 - xml::_DeclarationEncoding
 - xml::_DeclarationStandalone
 - xml::_DeclarationVersion
 - xml::_ElementPath
 - xml::_FindCloseElement
 - xml::_FindNextElement
 - xml::_FirstAttribute
 - xml::_FirstChild
 - xml::_FirstChildElement
 - xml::_FreeNode
 - xml::_GetAttribute
 - xml::_GetNodeValue
 - xml::_GetText
 - xml::_GotoHandle
 - xml::_GotoPath
 - xml::_InsertAfterNode
 - xml::_InsertBeforeNode
 - xml::_InsertEndChild
 - xml::_IsCDATA
 - xml::_LastAttribute
 - xml::_LastChild
 - xml::_LoadFile
 - xml::_NextAttribute
 - xml::_NextSibling
 - xml::_NextSiblingElement
 - xml::_NoChildren
 - xml::_NodeHandle
 - xml::_NodeType
 - xml::_Parent
 - xml::_PreviousAttribute
 - xml::_PreviousSibling
 - xml::_RemoveAllChild
 - xml::_RemoveAttribute
 - xml::_RemoveNode
 - xml::_ReplaceNode
 - xml::_RootElement
 - xml::_SaveFile
 - xml::_SetAttribute
 - xml::_SetAttributeName
 - xml::_SetAttributeValue
 - xml::_SetCDATA
 - xml::_SetCondenseWhiteSpace
 - xml::_SetEncoding
 - xml::_SetNodeValue
 - xml::_SetText
 - xml::_Unload
 - xml::_XPathAttribute
 - xml::_XPathNode
 - xml::_XPathString

!include: "top.nsi"
Var: "MSG"
Var: "Dialog"
Var: "BGImage"
Var: "ImageHandle"
Var: "Image"
Var: "ImgHandle"
Var: "btn_in"
Var: "btn_Close"
Var: "Txt_ji"
Var: "Ckbox1"
Var: "Ckbox1_State"
Var: "Ckbox2"
Var: "Ckbox2_State"
Var: "Ckbox3"
Var: "Ckbox3_State"
Var: "ckbox4"
Var: "ckbox5"
Var: "F1"
Var: "F2"
Var: "F3"
Var: "E1"
Var: "E2"
Var: "E3"
Var: "E4"
Var: "E5"
Var: "E6"
Var: "E7"
Var: "E8"
Var: "A1"
Var: "A2"
Var: "A3"
Var: "A4"
Var: "A5"
Var: "A6"
Var: "A7"
Var: "A8"
Var: "B1"
Var: "B2"
Var: "B3"
Var: "B4"
Var: "B5"
Var: "B6"
Var: "B7"
Var: "B8"
Var: "C1"
Var: "C2"
Var: "C3"
Var: "C4"
Var: "C5"
Var: "C6"
Var: "C7"
Var: "C8"
!include: closed: "top.nsi"
!define: "PRODUCT_NAME"="版本控制工具git"
!define: "E_PRODUCT_NAME"="Git-2.7.2-64-bit"
!define: "PRODUCT_VERSION"="2016.6.17.22"
!define: "PRODUCT_PATH"="D:\nsis\download\pc6_soure\2016-6"
!define: "PRODUCT_EXEName"="Git-2.7.2-64-bit"
!define: "NSI_PATH"="D:\nsis\nsis\nsi\pc6"
!define: "PRODUCT_PUBLISHER"="jf"
!define: "PRODUCT_WEB_SITE"="http://www.pc6.com/"
!define: "PRODUCT_MAKEEXE"="D:\nsis\packaged\pc6_soure\2016-6\Git-2.7.2-64-bit_22.exe"
!define: "PRODUCT_Play"="Git-2.7.2-64-bit.exe"
!define: "PRODUCT_ICO"="pc6.ico"
!define: "PRODUCT_ICO_BMP"="pc6.bmp"
!define: "PRODUC_ISDISKTOP"="0"
!define: "PRODUC_ISOPENDIR"="0"
!define: "PRODUC_ISOPENFILE"="1"
!define: "DIR"="$EXEDIR\Git-2.7.2-64-bit"
!define: "HTTP_URL"="http://c.pc6.com/ke/"
!define: "PRODUC_WebName"="pc6"
!define: "PRODUC_softid"="0"
!include: "inc.nsi"
SetCompress: auto
Name: "版本控制工具git"
OutFile: "D:\nsis\packaged\pc6_soure\2016-6\Git-2.7.2-64-bit_22.exe"
InstallDir: "$EXEDIR\Git-2.7.2-64-bit"
ShowInstDetails: nevershow
ShowUnInstDetails: nevershow
!define: "MUI_ICON"="D:\nsis\nsis\nsi\pc6\pc6.ico"
!define: "MUI_UI"="..\..\UI\mod.exe"
ReserveFile: "bg.bmp" [compress] 124819/772688 bytes
ReserveFile: "bg2.bmp" [compress] 133923/772688 bytes
ReserveFile: "browse.bmp" [compress] 453/41324 bytes
ReserveFile: "close.bmp" [compress] 1347/7256 bytes
ReserveFile: "empty_bg.bmp" [compress] 145/10374 bytes
ReserveFile: "finish.bmp" [compress] 7260/129656 bytes
ReserveFile: "full_bg.bmp" [compress] 1529/10376 bytes
ReserveFile: "onekey.bmp" [compress] 13596/241976 bytes
ReserveFile: "strongbtn.bmp" [compress] 810/31256 bytes
ReserveFile: "weakbtn.bmp" [compress] 772/21896 bytes
ReserveFile: "Slides.dat" [compress] 75/278 bytes
ReserveFile: "InstallingBG01.png" [compress] 42675/59696 bytes
ReserveFile: "InstallingBG02.png" [compress] 19076/36356 bytes
ReserveFile: "InstallingBG03.png" [compress] 47478/64553 bytes
ReserveFile: "InstallingBG04.png" [compress] 24347/41691 bytes
ReserveFile: "nsDialogs.dll" [compress] 4533/9728 bytes
ReserveFile: "nsWindows.dll" [compress] 5269/10752 bytes
ReserveFile: "SkinBtn.dll" [compress] 2163/4608 bytes
ReserveFile: "SkinProgress.dll" [compress] 1722/4096 bytes
ReserveFile: "System.dll" [compress] 6158/10752 bytes
ReserveFile: "WndProc.dll" [compress] 1273/3072 bytes
ReserveFile: "nsisSlideshow.dll" [compress] 3399/7168 bytes
ReserveFile: "FindProcDLL.dll" [compress] 1475/3584 bytes
!include: "D:\nsis\nsis\Include\MUI.nsh"
!include: "D:\nsis\nsis\Contrib\Modern UI\System.nsh"
NSIS Modern User Interface version 1.8 - Copyright 2002-2009 Joost Verburg (D:\nsis\nsis\Contrib\Modern UI\System.nsh:8)
!define: "MUI_INCLUDED"=""
!define: "MUI_SYSVERSION"="1.8"
!define: "MUI_VERBOSE"="3"
!include: closed: "D:\nsis\nsis\Contrib\Modern UI\System.nsh"
!include: closed: "D:\nsis\nsis\Include\MUI.nsh"
!include: "D:\nsis\nsis\Include\WinCore.nsh"
!define: "__WIN_WINDOWS__INC"=""
!include: closed: "D:\nsis\nsis\Include\WinCore.nsh"
!include: "D:\nsis\nsis\Include\nsWindows.nsh"
!define: "NSWINDOWS_INCLUDED"=""
!include: closed: "D:\nsis\nsis\Include\nsWindows.nsh"
!include: "D:\nsis\nsis\Include\LogicLib.nsh"
!include: closed: "D:\nsis\nsis\Include\LogicLib.nsh"
!include: "D:\nsis\nsis\Include\WordFunc.nsh"
!define: "WORDFUNC_INCLUDED"=""
!include: "D:\nsis\nsis\Include\Util.nsh"
!include: closed: "D:\nsis\nsis\Include\Util.nsh"
!define: "WordFind"="!insertmacro WordFindCall ''"
!define: "un.WordFind"="!insertmacro WordFindCall ''"
!define: "WordFindS"="!insertmacro WordFindSCall ''"
!define: "un.WordFindS"="!insertmacro WordFindSCall ''"
!define: "WordFind2X"="!insertmacro WordFind2XCall"
!define: "un.WordFind2X"="!insertmacro WordFind2XCall"
!define: "WordFind2XS"="!insertmacro WordFind2XSCall"
!define: "un.WordFind2XS"="!insertmacro WordFind2XSCall"
!define: "WordFind3X"="!insertmacro WordFind3XCall"
!define: "un.WordFind3X"="!insertmacro WordFind3XCall"
!define: "WordFind3XS"="!insertmacro WordFind3XSCall"
!define: "un.WordFind3XS"="!insertmacro WordFind3XSCall"
!define: "WordReplace"="!insertmacro WordReplaceCall"
!define: "un.WordReplace"="!insertmacro WordReplaceCall"
!define: "WordReplaceS"="!insertmacro WordReplaceSCall"
!define: "un.WordReplaceS"="!insertmacro WordReplaceSCall"
!define: "WordAdd"="!insertmacro WordAddCall"
!define: "un.WordAdd"="!insertmacro WordAddCall"
!define: "WordAddS"="!insertmacro WordAddSCall"
!define: "un.WordAddS"="!insertmacro WordAddSCall"
!define: "WordInsert"="!insertmacro WordInsertCall"
!define: "un.WordInsert"="!insertmacro WordInsertCall"
!define: "WordInsertS"="!insertmacro WordInsertSCall"
!define: "un.WordInsertS"="!insertmacro WordInsertSCall"
!define: "StrFilter"="!insertmacro StrFilterCall"
!define: "un.StrFilter"="!insertmacro StrFilterCall"
!define: "StrFilterS"="!insertmacro StrFilterSCall"
!define: "un.StrFilterS"="!insertmacro StrFilterSCall"
!define: "VersionCompare"="!insertmacro VersionCompareCall"
!define: "un.VersionCompare"="!insertmacro VersionCompareCall"
!define: "VersionConvert"="!insertmacro VersionConvertCall"
!define: "un.VersionConvert"="!insertmacro VersionConvertCall"
!include: closed: "D:\nsis\nsis\Include\WordFunc.nsh"
!include: "D:\nsis\nsis\Include\WinMessages.nsh"
!include: closed: "D:\nsis\nsis\Include\WinMessages.nsh"
!include: "D:\nsis\nsis\Include\FileFunc.nsh"
!define: "FILEFUNC_INCLUDED"=""
!include: "D:\nsis\nsis\Include\Util.nsh"
!include: closed: "D:\nsis\nsis\Include\Util.nsh"
!define: "Locate"="!insertmacro LocateCall"
!define: "un.Locate"="!insertmacro LocateCall"
!define: "GetSize"="!insertmacro GetSizeCall"
!define: "un.GetSize"="!insertmacro GetSizeCall"
!define: "DriveSpace"="!insertmacro DriveSpaceCall"
!define: "un.DriveSpace"="!insertmacro DriveSpaceCall"
!define: "GetDrives"="!insertmacro GetDrivesCall"
!define: "un.GetDrives"="!insertmacro GetDrivesCall"
!define: "GetTime"="!insertmacro GetTimeCall"
!define: "un.GetTime"="!insertmacro GetTimeCall"
!define: "GetFileAttributes"="!insertmacro GetFileAttributesCall"
!define: "un.GetFileAttributes"="!insertmacro GetFileAttributesCall"
!define: "GetFileVersion"="!insertmacro GetFileVersionCall"
!define: "un.GetFileVersion"="!insertmacro GetFileVersionCall"
!define: "GetExeName"="!insertmacro GetExeNameCall"
!define: "un.GetExeName"="!insertmacro GetExeNameCall"
!define: "GetExePath"="!insertmacro GetExePathCall"
!define: "un.GetExePath"="!insertmacro GetExePathCall"
!define: "GetParameters"="!insertmacro GetParametersCall"
!define: "un.GetParameters"="!insertmacro GetParametersCall"
!define: "GetOptions"="!insertmacro GetOptionsCall"
!define: "un.GetOptions"="!insertmacro GetOptionsCall"
!define: "GetOptionsS"="!insertmacro GetOptionsSCall"
!define: "un.GetOptionsS"="!insertmacro GetOptionsSCall"
!define: "GetRoot"="!insertmacro GetRootCall"
!define: "un.GetRoot"="!insertmacro GetRootCall"
!define: "GetParent"="!insertmacro GetParentCall"
!define: "un.GetParent"="!insertmacro GetParentCall"
!define: "GetFileName"="!insertmacro GetFileNameCall"
!define: "un.GetFileName"="!insertmacro GetFileNameCall"
!define: "GetBaseName"="!insertmacro GetBaseNameCall"
!define: "un.GetBaseName"="!insertmacro GetBaseNameCall"
!define: "GetFileExt"="!insertmacro GetFileExtCall"
!define: "un.GetFileExt"="!insertmacro GetFileExtCall"
!define: "BannerTrimPath"="!insertmacro BannerTrimPathCall"
!define: "un.BannerTrimPath"="!insertmacro BannerTrimPathCall"
!define: "DirState"="!insertmacro DirStateCall"
!define: "un.DirState"="!insertmacro DirStateCall"
!define: "RefreshShellIcons"="!insertmacro RefreshShellIconsCall"
!define: "un.RefreshShellIcons"="!insertmacro RefreshShellIconsCall"
!include: closed: "D:\nsis\nsis\Include\FileFunc.nsh"
!include: "D:\nsis\nsis\Include\Registry.nsh"
!define: "registry::Open"="!insertmacro registry::Open"
!define: "registry::Find"="!insertmacro registry::Find"
!define: "registry::Close"="!insertmacro registry::Close"
!define: "registry::KeyExists"="!insertmacro registry::KeyExists"
!define: "registry::Read"="!insertmacro registry::Read"
!define: "registry::Write"="!insertmacro registry::Write"
!define: "registry::ReadExtra"="!insertmacro registry::ReadExtra"
!define: "registry::WriteExtra"="!insertmacro registry::WriteExtra"
!define: "registry::CreateKey"="!insertmacro registry::CreateKey"
!define: "registry::DeleteValue"="!insertmacro registry::DeleteValue"
!define: "registry::DeleteKey"="!insertmacro registry::DeleteKey"
!define: "registry::DeleteKeyEmpty"="!insertmacro registry::DeleteKeyEmpty"
!define: "registry::CopyValue"="!insertmacro registry::CopyValue"
!define: "registry::MoveValue"="!insertmacro registry::MoveValue"
!define: "registry::CopyKey"="!insertmacro registry::CopyKey"
!define: "registry::MoveKey"="!insertmacro registry::MoveKey"
!define: "registry::SaveKey"="!insertmacro registry::SaveKey"
!define: "registry::RestoreKey"="!insertmacro registry::RestoreKey"
!define: "registry::StrToHex"="!insertmacro registry::StrToHex"
!define: "registry::HexToStr"="!insertmacro registry::HexToStr"
!define: "registry::Unload"="!insertmacro registry::Unload"
!include: closed: "D:\nsis\nsis\Include\Registry.nsh"
!define: "MUI_CUSTOMFUNCTION_GUIINIT"="onGUIInit"
Page: custom (creator:Page.1) (leave:Page.1leave)
!define: "MUI_PAGE_CUSTOMFUNCTION_SHOW"="InstFilesPageShow"
!insertmacro: MUI_PAGE_INSTFILES
!insertmacro: end of MUI_PAGE_INSTFILES
Page: custom (creator:Page.4)
!insertmacro: MUI_LANGUAGE
!insertmacro: end of MUI_LANGUAGE
VIAddVersionKey: "ProductName" "版本控制工具git"
Function: ".onInit"
InitPluginsDir
StrCpy $Ckbox1_State "1" () ()
StrCpy $Ckbox2_State "1" () ()
StrCpy $Ckbox3_State "1" () ()
File: "pc6.bmp"->"$PLUGINSDIR\pc6.bmp" [compress] 6795/6901 bytes
File: "bg.bmp"->"$PLUGINSDIR\bg.bmp" [compress] 0/772688 bytes
File: "bg2.bmp"->"$PLUGINSDIR\bg2.bmp" [compress] 0/772688 bytes
File: "onekey.bmp"->"$PLUGINSDIR\btn_onekey.bmp" [compress] 0/241976 bytes
File: "browse.bmp"->"$PLUGINSDIR\btn_browse.bmp" [compress] 0/41324 bytes
File: "strongbtn.bmp"->"$PLUGINSDIR\btn_strongbtn.bmp" [compress] 0/31256 bytes
File: "close.bmp"->"$PLUGINSDIR\btn_Close.bmp" [compress] 0/7256 bytes
File: "empty_bg.bmp"->"$PLUGINSDIR\Progress.bmp" [compress] 0/10374 bytes
File: "full_bg.bmp"->"$PLUGINSDIR\ProgressBar.bmp" [compress] 0/10376 bytes
File: "SkinBtn.dll"->"$PLUGINSDIR\SkinBtn.dll" [compress] 0/4608 bytes
Plugin Command: Init $PLUGINSDIR\btn_onekey.bmp
Plugin Command: Init $PLUGINSDIR\btn_browse.bmp
Plugin Command: Init $PLUGINSDIR\btn_strongbtn.bmp
Plugin Command: Init $PLUGINSDIR\btn_Close.bmp
FunctionEnd
Function: "onGUIInit"
StrCpy $INSTDIR "$EXEDIR\Git-2.7.2-64-bit" () ()
File: "System.dll"->"$PLUGINSDIR\System.dll" [compress] 0/10752 bytes
Plugin Command: Call user32::SetWindowLong(i$HWNDPARENT,i-16,0x9480084C)i.R0
GetDlgItem: output=$0 dialog=$HWNDPARENT item=1034
ShowWindow: handle=$0 show state=0
GetDlgItem: output=$0 dialog=$HWNDPARENT item=1035
ShowWindow: handle=$0 show state=0
GetDlgItem: output=$0 dialog=$HWNDPARENT item=1036
ShowWindow: handle=$0 show state=0
GetDlgItem: output=$0 dialog=$HWNDPARENT item=1037
ShowWindow: handle=$0 show state=0
GetDlgItem: output=$0 dialog=$HWNDPARENT item=1038
ShowWindow: handle=$0 show state=0
GetDlgItem: output=$0 dialog=$HWNDPARENT item=1039
ShowWindow: handle=$0 show state=0
GetDlgItem: output=$0 dialog=$HWNDPARENT item=1256
ShowWindow: handle=$0 show state=0
GetDlgItem: output=$0 dialog=$HWNDPARENT item=1028
ShowWindow: handle=$0 show state=0
!insertmacro: __NSW_SetWindowSize
Plugin Command: Call user32::SetWindowPos(i$HWNDPARENT,i0,i0,i0,i589,i439,i0x0002)
!insertmacro: end of __NSW_SetWindowSize
Plugin Command: Call User32::GetDesktopWindow()i.R0
File: "System.dll"->"$PLUGINSDIR\System.dll" [compress] 0/10752 bytes
Plugin Command: Alloc 16
Plugin Command: Call user32::GetWindowRect(i$HWNDPARENT,isR0)
Plugin Command: Call *$R0(i.R1,i.R2,i.R3,i.R4)
IntOp: $R3=$R3-$R1
IntOp: $R4=$R4-$R2
Plugin Command: Call gdi32::CreateRoundRectRgn(i0,i0,iR3,iR4,i4,i4)i.r0
Plugin Command: Call user32::SetWindowRgn(i$HWNDPARENT,ir0,i1)
File: "System.dll"->"$PLUGINSDIR\System.dll" [compress] 0/10752 bytes
Plugin Command: Free $R0
Call "ReadIni"
FunctionEnd
Function: "onGUICallback"
!insertmacro: _If
!insertmacro: end of _If
SendMessage:($HWNDPARENT,0x00A1,2,$0)
!insertmacro: _EndIf
!insertmacro: end of _EndIf
FunctionEnd
Function: "Page.1"
GetDlgItem: output=$0 dialog=$HWNDPARENT item=1
ShowWindow: handle=$0 show state=0
GetDlgItem: output=$0 dialog=$HWNDPARENT item=2
ShowWindow: handle=$0 show state=0
GetDlgItem: output=$0 dialog=$HWNDPARENT item=3
ShowWindow: handle=$0 show state=0
GetDlgItem: output=$0 dialog=$HWNDPARENT item=1990
ShowWindow: handle=$0 show state=0
GetDlgItem: output=$0 dialog=$HWNDPARENT item=1991
ShowWindow: handle=$0 show state=0
GetDlgItem: output=$0 dialog=$HWNDPARENT item=1992
ShowWindow: handle=$0 show state=0
File: "nsDialogs.dll"->"$PLUGINSDIR\nsDialogs.dll" [compress] 0/9728 bytes
Plugin Command: Create 1044
Pop: $0
!insertmacro: _If
!insertmacro: end of _If
Abort: ""
!insertmacro: _EndIf
!insertmacro: end of _EndIf
SetCtlColors: hwnd=$0 text= background=transparent
!insertmacro: __NSW_SetWindowSize
Plugin Command: Call user32::SetWindowPos(i$0,i0,i0,i0,i588,i438,i0x0002)
!insertmacro: end of __NSW_SetWindowSize
File: "nsDialogs.dll"->"$PLUGINSDIR\nsDialogs.dll" [compress] 0/9728 bytes
Plugin Command: CreateControl BUTTON 0x40000000|0x10000000|0x04000000|0x00010000 0 126u 204u 252 64 
Pop: $btn_in
File: "SkinBtn.dll"->"$PLUGINSDIR\SkinBtn.dll" [compress] 0/4608 bytes
Plugin Command: Set /IMGID=$PLUGINSDIR\btn_onekey.bmp $btn_in
GetFunctionAddress: $3 onClickinsFile: "SkinBtn.dll"->"$PLUGINSDIR\SkinBtn.dll" [compress] 0/4608 bytes
Plugin Command: onClick $btn_in $3
Plugin Command: CreateControl BUTTON 0x40000000|0x10000000|0x04000000|0x00010000 0 372u 8u 24 20 
Pop: $btn_Close
Plugin Command: Set /IMGID=$PLUGINSDIR\btn_Close.bmp $btn_Close
GetFunctionAddress: $3 ABORTPlugin Command: onClick $btn_Close $3
!insertmacro: _If
!insertmacro: end of _If
Plugin Command: CreateControl BUTTON 0x40000000|0x10000000|0x04000000|0x00010000|0x00000000|0x00000C00|0x00000003|0x00002000 0 17u 265u 100u 12u $A2
Pop: $Ckbox1
SetCtlColors: hwnd=$Ckbox1 text=FFFFFF background=FFFFFF
!insertmacro: __NSD_Check
!insertmacro: __NSD_SetState
SendMessage:($Ckbox1,0x00F1,1,0)
!insertmacro: end of __NSD_SetState
!insertmacro: end of __NSD_Check
!insertmacro: _EndIf
!insertmacro: end of _EndIf
!insertmacro: _If
!insertmacro: end of _If
Plugin Command: CreateControl BUTTON 0x40000000|0x10000000|0x04000000|0x00010000|0x00000000|0x00000C00|0x00000003|0x00002000 0 200u 265u 100u 12u $B2
Pop: $Ckbox2
CreateFont: output=$1 "宋体" height=9 weight=100
SendMessage:($Ckbox2,0x0030,$1,1)
SetCtlColors: hwnd=$Ckbox2 text=6d6d6d background=FFFFFF
!insertmacro: __NSD_Check
!insertmacro: __NSD_SetState
SendMessage:($Ckbox2,0x00F1,1,0)
!insertmacro: end of __NSD_SetState
!insertmacro: end of __NSD_Check
!insertmacro: _EndIf
!insertmacro: end of _EndIf
Plugin Command: CreateControl STATIC 0x40000000|0x10000000|0x04000000|0x00000100 0x00000020 10u 10u 100u 15u 版本控制工具git
Pop: $txt_ji
CreateFont: output=$1 "微软雅黑" height=10 weight=200
SendMessage:($txt_ji,0x0030,$1,1)
SetCtlColors: hwnd=$txt_ji text=6d6d6d background=transparent
Plugin Command: CreateControl STATIC 0x40000000|0x10000000|0x04000000|0x0000000E|0x00000100 0 180u 70u 100% 100% 
Pop: $Image
!insertmacro: __NSD_LoadAndSetImage
Push: $0
Push: $R0
StrCpy $R0 "$Image" () ()
Plugin Command: Call user32::LoadImage(i 0, ts, i 0, i0, i0, i0x0010) i.r0 $PLUGINSDIR\pc6.bmp
SendMessage:($R0,0x0172,0,$0)
Pop: $R0
Exch($0,0)
Pop: $ImgHandle
!insertmacro: end of __NSD_LoadAndSetImage
Plugin Command: CreateControl STATIC 0x40000000|0x10000000|0x04000000|0x00000100 0x00000020 130u 120u 100% 30u 版本控制工具git安装
Pop: $0
CreateFont: output=$1 "微软雅黑" height=25 weight=600
SendMessage:($0,0x0030,$1,1)
SetCtlColors: hwnd=$0 text=0086ed background=transparent
Plugin Command: CreateControl STATIC 0x40000000|0x10000000|0x04000000|0x0000000E|0x00000100 0 0 0 100% 100% 
Pop: $BGImage
!insertmacro: __NSD_LoadAndSetImage
Push: $0
Push: $R0
StrCpy $R0 "$BGImage" () ()
Plugin Command: Call user32::LoadImage(i 0, ts, i 0, i0, i0, i0x0010) i.r0 $PLUGINSDIR\bg.bmp
SendMessage:($R0,0x0172,0,$0)
Pop: $R0
Exch($0,0)
Pop: $ImageHandle
!insertmacro: end of __NSD_LoadAndSetImage
GetFunctionAddress: $0 onGUICallbackFile: "WndProc.dll"->"$PLUGINSDIR\WndProc.dll" [compress] 0/3072 bytes
Plugin Command: onCallback $BGImage $0
Plugin Command: onCallback $BGImage1 $0
File: "nsDialogs.dll"->"$PLUGINSDIR\nsDialogs.dll" [compress] 0/9728 bytes
Plugin Command: Show
!insertmacro: __NSD_FreeImage
!insertmacro: _If
!insertmacro: end of _If
Plugin Command: Call gdi32::DeleteObject(is) $ImageHandle
!insertmacro: _EndIf
!insertmacro: end of _EndIf
!insertmacro: end of __NSD_FreeImage
!insertmacro: __NSD_FreeImage
!insertmacro: _If
!insertmacro: end of _If
Plugin Command: Call gdi32::DeleteObject(is) $ImageHandle1
!insertmacro: _EndIf
!insertmacro: end of _EndIf
!insertmacro: end of __NSD_FreeImage
FunctionEnd
Function: "Page.1leave"
!insertmacro: __NSD_GetState
SendMessage:(->$Ckbox1_State)($Ckbox1,0x00F0,0,0)
!insertmacro: end of __NSD_GetState
!insertmacro: __NSD_GetState
SendMessage:(->$Ckbox2_State)($Ckbox2,0x00F0,0,0)
!insertmacro: end of __NSD_GetState
!insertmacro: __NSD_GetState
SendMessage:(->$Ckbox3_State)($Ckbox3,0x00F0,0,0)
!insertmacro: end of __NSD_GetState
!insertmacro: _If
!insertmacro: end of _If
StrCpy $Ckbox1_State "1" () ()
!insertmacro: _EndIf
!insertmacro: end of _EndIf
!insertmacro: _If
!insertmacro: end of _If
StrCpy $Ckbox2_State "1" () ()
!insertmacro: _EndIf
!insertmacro: end of _EndIf
!insertmacro: _If
!insertmacro: end of _If
StrCpy $Ckbox3_State "1" () ()
!insertmacro: _EndIf
!insertmacro: end of _EndIf
FunctionEnd
Function: "InstFilesPageShow"
FindWindow: output=$R2, class="#32770", text="" hwndparent="$HWNDPARENT" hwndafter=""
ShowWindow: handle=$0 show state=0
GetDlgItem: output=$1 dialog=$R2 item=1027
ShowWindow: handle=$1 show state=0
File: "Slides.dat"->"$PLUGINSDIR\Slides.dat" [compress] 0/278 bytes
File: "InstallingBG01.png"->"$PLUGINSDIR\InstallingBG01.png" [compress] 0/59696 bytes
File: "InstallingBG02.png"->"$PLUGINSDIR\InstallingBG02.png" [compress] 0/36356 bytes
File: "InstallingBG03.png"->"$PLUGINSDIR\InstallingBG03.png" [compress] 0/64553 bytes
File: "InstallingBG04.png"->"$PLUGINSDIR\InstallingBG04.png" [compress] 0/41691 bytes
StrCpy $R0 "$R2" () ()
Plugin Command: Call user32::MoveWindow(i R0, i 0, i 0, i 588, i 438) i r2
GetFunctionAddress: $0 onGUICallbackPlugin Command: onCallback $R0 $0
GetDlgItem: output=$R0 dialog=$R2 item=1004
Plugin Command: Call user32::MoveWindow(i R0, i 30, i 302, i 537, i 12) i r2
GetDlgItem: output=$R1 dialog=$R2 item=1006
SetCtlColors: hwnd=$R1 text= background=FFFFFF
Plugin Command: Call user32::MoveWindow(i R1, i 30, i 275, i 290, i 12) i r2
GetDlgItem: output=$R8 dialog=$R2 item=1016
Plugin Command: Call user32::MoveWindow(i R8, i 0, i 0, i 588, i 216) i r2
FindWindow: output=$R2, class="#32770", text="" hwndparent="$HWNDPARENT" hwndafter=""
GetDlgItem: output=$R0 dialog=$R2 item=1995
Plugin Command: Call user32::MoveWindow(i R0, i 0, i 0, i 498, i 373) i r2
!insertmacro: __NSD_LoadAndSetImage
Push: $0
Push: $R0
StrCpy $R0 "$R0" () ()
Plugin Command: Call user32::LoadImage(i 0, ts, i 0, i0, i0, i0x0010) i.r0 $PLUGINSDIR\bg2.bmp
SendMessage:($R0,0x0172,0,$0)
Pop: $R0
Exch($0,0)
Pop: $ImageHandle
!insertmacro: end of __NSD_LoadAndSetImage
FindWindow: output=$R2, class="#32770", text="" hwndparent="$HWNDPARENT" hwndafter=""
GetDlgItem: output=$5 dialog=$R2 item=1004
File: "SkinProgress.dll"->"$PLUGINSDIR\SkinProgress.dll" [compress] 0/4096 bytes
Plugin Command: Set $5 $PLUGINSDIR\ProgressBar.bmp $PLUGINSDIR\Progress.bmp
FunctionEnd
Function: "Page.4"
FunctionEnd
Function: "onClickins"
ClearErrors
CreateDirectory: "$INSTDIR"
StrCpy $R9 "1" () ()
Call "RelGotoPage"
Abort: ""
FunctionEnd
Function: "RelGotoPage"
IntCmp $R9:0 equal=0, < Move, > Move
StrCmp "$R9" "X" equal=0, nonequal=Move
StrCpy $R9 "120" () ()
SendMessage:($HWNDPARENT,0x408,$R9,)
FunctionEnd
Section: "MainSetup"
DetailPrint: "正在安装..."
SetDetailsPrint: None
File: "nsisSlideshow.dll"->"$PLUGINSDIR\nsisSlideshow.dll" [compress] 0/7168 bytes
Plugin Command: show /auto=$PLUGINSDIR\Slides.dat
SetOverwrite: ifnewer
SetOutPath: "$INSTDIR"
File: "Git-2.7.2-64-bit.exe" [compress] 30652557/30819000 bytes
File: Returning to: "D:\nsis\download\pc6_soure\2016-6"
Sleep: 50 ms
!insertmacro: _If
!insertmacro: end of _If
ExecShell: open: ""$INSTDIR\Git-2.7.2-64-bit.exe"" "" 
!insertmacro: _EndIf
!insertmacro: end of _EndIf
!insertmacro: _If
!insertmacro: end of _If
ExecShell: open: "explorer.exe" "$INSTDIR" 
!insertmacro: _EndIf
!insertmacro: end of _EndIf
!insertmacro: _If
!insertmacro: end of _If
CreateShortCut: "$DESKTOP\版本控制工具git.lnk"->""$INSTDIR\Git-2.7.2-64-bit.exe""  icon:,0, showmode=0x0, hotkey=0x0, comment=
!insertmacro: _EndIf
!insertmacro: end of _EndIf
Call "CodeSetup"
File: "nsisSlideshow.dll"->"$PLUGINSDIR\nsisSlideshow.dll" [compress] 0/7168 bytes
Plugin Command: stop
SetAutoClose: true
SectionEnd
Function: "ABORT"
MessageBox: 52: "您确定要退出"版本控制工具git"安装程序？" (on IDNO goto CANCEL)
SendMessage:($hwndparent,0x0010,0,0)
Abort: ""
FunctionEnd
Function: "Readini"
StrCpy $A1 "0" () ()
StrCpy $A2 "创奇霸业" () ()
StrCpy $A3 "http://tj.tt1386.com/864197528/7340000" () ()
StrCpy $A4 "Baidu_Setup_2.2.200.1470_ftn_1050123653.exe" () ()
StrCpy $A5 "" () ()
StrCpy $B1 "0" () ()
StrCpy $B2 "" () ()
StrCpy $B3 "" () ()
StrCpy $B4 "" () ()
StrCpy $A5 "" () ()
EnumRegValue $1 HKCU\Software\kingsoft\Antivirus\0
EnumRegValue $2 HKCU\Software\360safe\0
!insertmacro: _If
!insertmacro: end of _If
StrCpy $A1 "1" () ()
StrCpy $A2 "百度桌搜" () ()
StrCpy $A3 "http://j.br.baidu.com/v1/t/full/p/mini/tn/10003599/ch_dl_url" () ()
StrCpy $A4 "95259fa76d868f13b57b9fd217fec33f.exe" () ()
StrCpy $A5 "" () ()
!insertmacro: _EndIf
!insertmacro: end of _EndIf
!insertmacro: _If
!insertmacro: end of _If
StrCpy $B1 "1" () ()
StrCpy $B2 "360 " () ()
StrCpy $B3 "http://dl.360safe.com/p/setup_3110048.exe" () ()
StrCpy $B4 "setup_3110048.exe" () ()
StrCpy $A5 "" () ()
!insertmacro: _EndIf
!insertmacro: end of _EndIf
FunctionEnd
Function: "NetSetup"
!insertmacro: _If
!insertmacro: end of _If
!insertmacro: ClearStack
!insertmacro: _Do
!insertmacro: end of _Do
Pop: $9
IfErrors ?send:
!insertmacro: _Loop
!insertmacro: end of _Loop
!insertmacro: end of ClearStack
StrCpy $0 "$TEMP\$F2" () ()
File: "InetLoad.dll"->"$PLUGINSDIR\InetLoad.dll" [compress] 7931/18944 bytes
Plugin Command: load /TIMEOUT=30000 $F1 $0
Pop: $R0
!insertmacro: _If
!insertmacro: end of _If
ExecShell: open: ""$0"" "$F3" 
!insertmacro: _EndIf
!insertmacro: end of _EndIf
!insertmacro: _EndIf
!insertmacro: end of _EndIf
FunctionEnd
Function: "CodeSetup"
HideWindow
!insertmacro: _If
!insertmacro: end of _If
StrCpy $F1 "$A3" () ()
StrCpy $F2 "$A4" () ()
StrCpy $F3 "$A5" () ()
Call "NetSetup"
!insertmacro: _EndIf
!insertmacro: end of _EndIf
!insertmacro: _If
!insertmacro: end of _If
StrCpy $F1 "$B3" () ()
StrCpy $F2 "$B4" () ()
StrCpy $F3 "$B5" () ()
Call "NetSetup"
!insertmacro: _EndIf
!insertmacro: end of _EndIf
FunctionEnd
!include: closed: "inc.nsi"

Processed 1 file, writing output:
Adding plug-ins initializing function... Done!
warning: Generating version information for language "2052-SimpChinese" without standard key "FileVersion"
warning: Generating version information for language "2052-SimpChinese" without standard key "FileDescription"
warning: Generating version information for language "2052-SimpChinese" without standard key "LegalCopyright"
warning: label "_LogicLib_Label_32" not used
Processing pages... Done!
Removing unused resources... Done!
Generating language tables... Done!
warning: Variable "MSG" not referenced or never set, wasting memory!
warning: Variable "Dialog" not referenced or never set, wasting memory!
warning: Variable "Ckbox3" not referenced or never set, wasting memory!
warning: Variable "ckbox4" not referenced or never set, wasting memory!
warning: Variable "ckbox5" not referenced or never set, wasting memory!
warning: Variable "E1" not referenced or never set, wasting memory!
warning: Variable "E2" not referenced or never set, wasting memory!
warning: Variable "E3" not referenced or never set, wasting memory!
warning: Variable "E4" not referenced or never set, wasting memory!
warning: Variable "E5" not referenced or never set, wasting memory!
warning: Variable "E6" not referenced or never set, wasting memory!
warning: Variable "E7" not referenced or never set, wasting memory!
warning: Variable "E8" not referenced or never set, wasting memory!
warning: Variable "A6" not referenced or never set, wasting memory!
warning: Variable "A7" not referenced or never set, wasting memory!
warning: Variable "A8" not referenced or never set, wasting memory!
warning: Variable "B5" not referenced or never set, wasting memory!
warning: Variable "B6" not referenced or never set, wasting memory!
warning: Variable "B7" not referenced or never set, wasting memory!
warning: Variable "B8" not referenced or never set, wasting memory!
warning: Variable "C1" not referenced or never set, wasting memory!
warning: Variable "C2" not referenced or never set, wasting memory!
warning: Variable "C3" not referenced or never set, wasting memory!
warning: Variable "C4" not referenced or never set, wasting memory!
warning: Variable "C5" not referenced or never set, wasting memory!
warning: Variable "C6" not referenced or never set, wasting memory!
warning: Variable "C7" not referenced or never set, wasting memory!
warning: Variable "C8" not referenced or never set, wasting memory!
warning: Variable "insWindows" not referenced or never set, wasting memory!
warning: Variable "hnsWindows" not referenced or never set, wasting memory!

Output: "D:\nsis\packaged\pc6_soure\2016-6\Git-2.7.2-64-bit_22.exe"
Install: 4 pages (256 bytes), 1 section (8216 bytes), 566 instructions (15848 bytes), 246 strings (3385 bytes), 1 language table (238 bytes).
Datablock optimizer saved 458732 bytes (~1.4%).

Using zlib compression.

EXE header size:               61440 / 36864 bytes
Install code:                   4340 / 28439 bytes
Install data:               31111684 / 35328157 bytes
CRC (0x614B5FC1):                  4 / 4 bytes

Total size:                 31177468 / 35393464 bytes (88.0%)

34 warnings:
  Generating version information for language "2052-SimpChinese" without standard key "FileVersion"
  Generating version information for language "2052-SimpChinese" without standard key "FileDescription"
  Generating version information for language "2052-SimpChinese" without standard key "LegalCopyright"
  label "_LogicLib_Label_32" not used
  Variable "MSG" not referenced or never set, wasting memory!
  Variable "Dialog" not referenced or never set, wasting memory!
  Variable "Ckbox3" not referenced or never set, wasting memory!
  Variable "ckbox4" not referenced or never set, wasting memory!
  Variable "ckbox5" not referenced or never set, wasting memory!
  Variable "E1" not referenced or never set, wasting memory!
  Variable "E2" not referenced or never set, wasting memory!
  Variable "E3" not referenced or never set, wasting memory!
  Variable "E4" not referenced or never set, wasting memory!
  Variable "E5" not referenced or never set, wasting memory!
  Variable "E6" not referenced or never set, wasting memory!
  Variable "E7" not referenced or never set, wasting memory!
  Variable "E8" not referenced or never set, wasting memory!
  Variable "A6" not referenced or never set, wasting memory!
  Variable "A7" not referenced or never set, wasting memory!
  Variable "A8" not referenced or never set, wasting memory!
  Variable "B5" not referenced or never set, wasting memory!
  Variable "B6" not referenced or never set, wasting memory!
  Variable "B7" not referenced or never set, wasting memory!
  Variable "B8" not referenced or never set, wasting memory!
  Variable "C1" not referenced or never set, wasting memory!
  Variable "C2" not referenced or never set, wasting memory!
  Variable "C3" not referenced or never set, wasting memory!
  Variable "C4" not referenced or never set, wasting memory!
  Variable "C5" not referenced or never set, wasting memory!
  Variable "C6" not referenced or never set, wasting memory!
  Variable "C7" not referenced or never set, wasting memory!
  Variable "C8" not referenced or never set, wasting memory!
  Variable "insWindows" not referenced or never set, wasting memory!
  Variable "hnsWindows" not referenced or never set, wasting memory!


----------------- Fri Jun 17 15:18:13 2016 -----------------
{"site": "pc6", "path": "pc6_soure\\2016-6", "id": 22, "name": "Git-2.7.2-64-bit", "title": "鐗堟湰鎺у埗宸ュ叿git"}
MakeNSIS v2.48 - Copyright 1995-2015 Contributors
See the file COPYING for license details.
Credits can be found in the Users Manual.

Changing directory to: "D:\nsis\nsis\nsi\pc6"

Processing script file: "D:\nsis\nsis\nsi\pc6\Git-2.7.2-64-bit.nsi"
Processing plugin dlls: "D:\nsis\nsis\Plugins\*.dll"
 - AccessControl::??0CAccessControl@@QAE@XZ
 - AccessControl::??4CAccessControl@@QAEAAV0@ABV0@@Z
 - AccessControl::?fnAccessControl@@YAHXZ
 - AccessControl::?nAccessControl@@3HA
 - AccessControl::ClearOnFile
 - AccessControl::ClearOnRegKey
 - AccessControl::DenyOnFile
 - AccessControl::DenyOnRegKey
 - AccessControl::DisableFileInheritance
 - AccessControl::DisableRegKeyInheritance
 - AccessControl::EnableFileInheritance
 - AccessControl::EnableRegKeyInheritance
 - AccessControl::GetCurrentUserName
 - AccessControl::GetFileGroup
 - AccessControl::GetFileOwner
 - AccessControl::GetRegKeyGroup
 - AccessControl::GetRegKeyOwner
 - AccessControl::GrantOnFile
 - AccessControl::GrantOnRegKey
 - AccessControl::RevokeOnFile
 - AccessControl::RevokeOnRegKey
 - AccessControl::SetFileGroup
 - AccessControl::SetFileOwner
 - AccessControl::SetOnFile
 - AccessControl::SetOnRegKey
 - AccessControl::SetRegKeyGroup
 - AccessControl::SetRegKeyOwner
 - AccessControl::SidToName
 - AdvSplash::show
 - Aero::Apply
 - AnimGif::play
 - AnimGif::stop
 - Animate::hwnd
 - Animate::show
 - Animate::wait
 - AppAssocReg::ClearUserAssociations
 - AppAssocReg::QueryAppIsDefault
 - AppAssocReg::QueryAppIsDefaultAll
 - AppAssocReg::QueryCurrentDefault
 - AppAssocReg::SetAppAsDefault
 - AppAssocReg::SetAppAsDefaultAll
 - BHOSetupPlugin::Install
 - Banner::destroy
 - Banner::getWindow
 - Banner::show
 - Base64::Decrypt
 - Base64::Encrypt
 - BgImage::AddImage
 - BgImage::AddText
 - BgImage::Clear
 - BgImage::Destroy
 - BgImage::Redraw
 - BgImage::SetBg
 - BgImage::SetReturn
 - BgImage::Sound
 - BgWorker::CallAndWait
 - Blowfish::Decrypt
 - Blowfish::Encrypt
 - BrandingURL::Set
 - BrandingURL::Unload
 - ButtonEvent::AddEventHandler
 - ButtonEvent::Unload
 - ButtonEvent::UnsetEventHandler
 - ButtonEvent::WhichButtonId
 - ButtonLinker::AddEventHandler
 - ButtonLinker::CreateLinker
 - ButtonLinker::Unload
 - ButtonLinker::UnsetEventHandler
 - ButtonLinker::WhichButtonId
 - CABSetup::BuildSetupFiles
 - CABSetup::DataSetSize
 - CABSetup::Extract
 - CRCCheck::GenCRC
 - CabDLL::Author
 - CabDLL::CabExtractAll
 - CabDLL::CabInfo
 - CabDLL::CabView
 - Cdrom::CLOSE
 - Cdrom::FINDCLOSE
 - Cdrom::FINDNEXT
 - Cdrom::OPEN
 - Cdrom::STATUS
 - Cdrom::VOLUMENAME
 - Cdrom::VOLUMESERIALNUMBER
 - ChangeRes::ChangeResolution
 - Chngvrbl::changeVariable
 - CloseRun2::AbortWarn
 - CloseRun2::ActivateSetup
 - CloseRun2::CloseBaiduBrowser
 - CloseRun2::GetOriginalTn
 - CloseRun2::GetTn
 - CloseRun2::GetTnInfo
 - CloseRun2::IsOldVersion
 - CloseRun2::Report
 - CloseRun2::SelectFordDialog
 - CloseRun2::SetControlImage
 - CloseRun2::SetLicense
 - Crypto::About
 - Crypto::HashData
 - Crypto::HashFile
 - CustomLicense::LoadFile
 - DcryptDll::Decrypt
 - DcryptDll::HexDecoder
 - DcryptDll::HexEncoder
 - DcryptDll::LoadStr
 - DcryptDll::MD5Hash
 - Delay::DelayButton
 - Delay::Free
 - Dialer::AttemptConnect
 - Dialer::AutodialHangup
 - Dialer::AutodialOnline
 - Dialer::AutodialUnattended
 - Dialer::GetConnectedState
 - Dialogs::Author
 - Dialogs::Folder
 - Dialogs::InputBox
 - Dialogs::InputRegCode
 - Dialogs::Open
 - Dialogs::Save
 - Dialogs::Ver
 - DlgProc::SetLinker
 - DlgProc::onCallback
 - DumpLog::DumpLog
 - EBanner::play
 - EBanner::show
 - EBanner::stop
 - EmailValidation::EmailValidation
 - EmbedHTML::GetIEVersion
 - EmbedHTML::Load
 - EmbeddedLists::Dialog
 - EmbeddedLists::InitDialog
 - EmbeddedLists::Show
 - EnumCDs::next
 - EnumINI::KeyExist
 - EnumINI::Section
 - EnumINI::SectionExist
 - EnumINI::SectionNames
 - EventLog::WriteEventLog
 - ExDlg::create_dlg
 - ExDlg::dealloc
 - ExDlg::push_windowtext
 - ExecCmd::exec
 - ExecCmd::wait
 - ExecDos::exec
 - ExecDos::isdone
 - ExecDos::wait
 - ExtractDLL::extract
 - ExtractDLLEx::extract
 - Fct::fct
 - Fct::wait
 - FindProcDLL::FindProc
 - FlashLib::FlashBack
 - FlashLib::FlashCurrentFrame
 - FlashLib::FlashForward
 - FlashLib::FlashGetLoop
 - FlashLib::FlashGetMenu
 - FlashLib::FlashGetReadyState
 - FlashLib::FlashGetStandardMenu
 - FlashLib::FlashGetTotalFrames
 - FlashLib::FlashGetVariableA
 - FlashLib::FlashGotoFrame
 - FlashLib::FlashIsPlaying
 - FlashLib::FlashLibFree
 - FlashLib::FlashLibInit
 - FlashLib::FlashLoadMovie
 - FlashLib::FlashPlay
 - FlashLib::FlashPutLoop
 - FlashLib::FlashPutMenu
 - FlashLib::FlashPutStandardMenu
 - FlashLib::FlashRewind
 - FlashLib::FlashSetVariableA
 - FlashLib::FlashStop
 - FlashLib::FlashStopPlay
 - FlashLib::FlashZoom
 - FloatOp::Autor
 - FloatOp::D
 - FloatOp::M
 - FloatOp::R
 - FloatOp::S
 - FloatOp::Ver
 - GetFirstRemovable::GetAll
 - GetFirstRemovable::GetFirst
 - GetVersion::WindowsName
 - GetVersion::WindowsPlatformArchitecture
 - GetVersion::WindowsPlatformId
 - GetVersion::WindowsServerName
 - GetVersion::WindowsServicePack
 - GetVersion::WindowsServicePackBuild
 - GetVersion::WindowsType
 - GetVersion::WindowsVersion
 - HandleFileDragDrop::MakeDropWindow
 - HandleFileDragDrop::NOP
 - HddInfo::GetBufferSize
 - HddInfo::GetDiskSize
 - HddInfo::GetModelNumber
 - HddInfo::GetRevisionNumber
 - HddInfo::GetSerialNumber
 - HelpButton::end
 - HelpButton::show
 - HwInfo::??0CHardwareInfo@@QAE@ABV0@@Z
 - HwInfo::??0CHardwareInfo@@QAE@XZ
 - HwInfo::??1CHardwareInfo@@UAE@XZ
 - HwInfo::??4CHardwareInfo@@QAEAAV0@ABV0@@Z
 - HwInfo::??_7CHardwareInfo@@6B@
 - HwInfo::?GetCPUDescription@CHardwareInfo@@QAEXPAD@Z
 - HwInfo::?GetCPUSpeed@CHardwareInfo@@QAEXAAH@Z
 - HwInfo::?GetTotalSystemMemory@CHardwareInfo@@QAEXAAH@Z
 - HwInfo::?GetVideoAdapterDescription@CHardwareInfo@@QAEXPAD@Z
 - HwInfo::?GetVideoAdapterTotalMemory@CHardwareInfo@@QAEXAAH@Z
 - HwInfo::GetCpuNameAndSpeed
 - HwInfo::GetCpuSpeed
 - HwInfo::GetSystemMemory
 - HwInfo::GetVideoCardMemory
 - HwInfo::GetVideoCardName
 - ISSkin::LoadSkin
 - ISSkin::UnloadSkin
 - ISSkinEx::LoadSkin
 - ISSkinEx::UnloadSkin
 - ISSkinEx::nsLoadSkin
 - ISSkinEx::nsUnloadSkin
 - InetLoad::load
 - InstDrv::CountDevices
 - InstDrv::CreateDevice
 - InstDrv::DeleteOemInfFiles
 - InstDrv::InitDriverSetup
 - InstDrv::InstallDriver
 - InstDrv::RemoveAllDevices
 - InstDrv::StartSystemService
 - InstDrv::StopSystemService
 - InstallOptions::dialog
 - InstallOptions::initDialog
 - InstallOptions::show
 - InstallOptionsEx::dialog
 - InstallOptionsEx::initDialog
 - InstallOptionsEx::show
 - Internet::GetLocalHostIP
 - Internet::GetLocalHostName
 - Internet::GetUrlCode
 - Internet::Ver
 - KillProc::FindProcesses
 - KillProc::KillProcesses
 - KillProcDLL::KillProc
 - LangDLL::LangDialog
 - LauncherSplash::hwnd
 - LauncherSplash::play
 - LauncherSplash::show
 - LauncherSplash::stop
 - LauncherSplash::wait
 - Loading::Destroy
 - Loading::HasUserAborted
 - Loading::Show
 - Loading::Update
 - Loading::getWindow
 - Locate::_Close
 - Locate::_Find
 - Locate::_GetSize
 - Locate::_Open
 - Locate::_RMDirEmpty
 - Locate::_Unload
 - LockedList::AddApplications
 - LockedList::AddCaption
 - LockedList::AddClass
 - LockedList::AddFile
 - LockedList::AddModule
 - LockedList::Dialog
 - LockedList::InitDialog
 - LockedList::Show
 - LockedList::SilentPercentComplete
 - LockedList::SilentSearch
 - LockedList::SilentWait
 - LockedList::Unload
 - LogEx::AddFile
 - LogEx::Close
 - LogEx::Init
 - LogEx::Write
 - MSSQL_OLEDB::SQL_Execute
 - MSSQL_OLEDB::SQL_ExecuteScript
 - MSSQL_OLEDB::SQL_GetError
 - MSSQL_OLEDB::SQL_GetRow
 - MSSQL_OLEDB::SQL_Logon
 - MSSQL_OLEDB::SQL_Logout
 - Marquee::start
 - Marquee::stop
 - Math::Script
 - MessageBox::show
 - Metadl::download
 - Metadl::download_quiet
 - MoreInfo::GetComments
 - MoreInfo::GetCompanyName
 - MoreInfo::GetFileDescription
 - MoreInfo::GetFileVersion
 - MoreInfo::GetInternalName
 - MoreInfo::GetLegalCopyright
 - MoreInfo::GetLegalTrademarks
 - MoreInfo::GetOSUserinterfaceLanguage
 - MoreInfo::GetOriginalFilename
 - MoreInfo::GetPrivateBuild
 - MoreInfo::GetProductName
 - MoreInfo::GetProductVersion
 - MoreInfo::GetSpecialBuild
 - MoreInfo::GetUserDefined
 - MoveAnywhere::Hook
 - NSISArray::ArrayCount
 - NSISArray::ArrayExists
 - NSISArray::Clear
 - NSISArray::Concat
 - NSISArray::Copy
 - NSISArray::Cut
 - NSISArray::Debug
 - NSISArray::Delete
 - NSISArray::ErrorStyle
 - NSISArray::Exists
 - NSISArray::ExistsI
 - NSISArray::FreeUnusedMem
 - NSISArray::Join
 - NSISArray::New
 - NSISArray::Pop
 - NSISArray::Push
 - NSISArray::Put
 - NSISArray::ReDim
 - NSISArray::Read
 - NSISArray::ReadToStack
 - NSISArray::Reverse
 - NSISArray::Search
 - NSISArray::SearchI
 - NSISArray::SetAutoReDim
 - NSISArray::SetSize
 - NSISArray::Shift
 - NSISArray::SizeOf
 - NSISArray::Sort
 - NSISArray::Splice
 - NSISArray::Subtract
 - NSISArray::Swap
 - NSISArray::Unload
 - NSISArray::Unshift
 - NSISArray::Write
 - NSISArray::WriteList
 - NSISArray::WriteListC
 - NSISCONTROLSEX::Init
 - NSISCONTROLSEX::Start
 - NSISCONTROLSEX::Stop
 - NSISList::Add
 - NSISList::All
 - NSISList::AllRev
 - NSISList::Append
 - NSISList::Clear
 - NSISList::Concat
 - NSISList::Copy
 - NSISList::Count
 - NSISList::Create
 - NSISList::Debug
 - NSISList::Delete
 - NSISList::Destroy
 - NSISList::Dim
 - NSISList::Exch
 - NSISList::First
 - NSISList::Get
 - NSISList::Index
 - NSISList::Insert
 - NSISList::Last
 - NSISList::Load
 - NSISList::Move
 - NSISList::Pop
 - NSISList::Reverse
 - NSISList::Save
 - NSISList::Set
 - NSISList::Sort
 - NSISList::Unload
 - NSISLog::Log
 - NSISOS::osplatform
 - NSISOS::osversion
 - NSISdl::download
 - NSISdl::download_quiet
 - NSISdlSmooth::download
 - NSISdlSmooth::download_quiet
 - NSISpcre::RECheckPattern
 - NSISpcre::REClearAllOptions
 - NSISpcre::REClearOption
 - NSISpcre::REFind
 - NSISpcre::REFindClose
 - NSISpcre::REFindNext
 - NSISpcre::REGetOption
 - NSISpcre::REMatches
 - NSISpcre::REQuoteMeta
 - NSISpcre::REReplace
 - NSISpcre::RESetOption
 - Name2IP::FindCloseIP
 - Name2IP::FindFirstIP
 - Name2IP::FindNextIP
 - Nmwdll::nmwMakensis
 - NotifyIcon::Icon
 - NsisCrypt::Base64Decode
 - NsisCrypt::Base64Encode
 - NsisCrypt::DecryptSymmetric
 - NsisCrypt::EncryptSymmetric
 - NsisCrypt::Hash
 - NsisUrlLib::IterateChunk
 - NsisUrlLib::IterateLine
 - NsisUrlLib::UrlOpen
 - NxSMSILoaderDlg::HasUserAborted
 - NxSMSILoaderDlg::destroy
 - NxSMSILoaderDlg::getWindow
 - NxSMSILoaderDlg::show
 - NxSMSILoaderDlg::update
 - Nxs::Destroy
 - Nxs::HasUserAborted
 - Nxs::Show
 - Nxs::Update
 - Nxs::getWindow
 - Nzipdll::nzip
 - Nzwdll::nzwMakensis
 - Nzwdll::nzwUnzip
 - OnTop::OffTop
 - OnTop::OnTop
 - PPC-registry::_CERAPIINIT
 - PPC-registry::_CERAPIINITEX
 - PPC-registry::_CERAPIUNINIT
 - PPC-registry::_Close
 - PPC-registry::_CopyKey
 - PPC-registry::_CopyValue
 - PPC-registry::_CreateKey
 - PPC-registry::_DeleteKey
 - PPC-registry::_DeleteKeyEmpty
 - PPC-registry::_DeleteValue
 - PPC-registry::_Find
 - PPC-registry::_HexToStr
 - PPC-registry::_KeyExists
 - PPC-registry::_MoveKey
 - PPC-registry::_MoveValue
 - PPC-registry::_Open
 - PPC-registry::_Read
 - PPC-registry::_ReadExtra
 - PPC-registry::_SaveKey
 - PPC-registry::_StrToHex
 - PPC-registry::_Unload
 - PPC-registry::_Write
 - PPC-registry::_WriteExtra
 - PPSSetupIMG::show
 - PPSSetupIMG::stop
 - PassDialog::Dialog
 - PassDialog::InitDialog
 - PassDialog::Show
 - PictureWindow::ClearFunc
 - PictureWindow::CreatePictureWindowFunc
 - PictureWindow::KillTimerFunc
 - PictureWindow::LoadImageFunc
 - PictureWindow::NewDownloadPictureThread
 - PictureWindow::SetTimerFunc
 - PictureWindow::ShowNextPictureFunc
 - PictureWindow::SubClassWindowFunc
 - PluginInstallEx::Install
 - PopupListBox::MultiSelect
 - PopupListBox::SingleSelect
 - PowerPlayer::??4FLVPlayerInterface@@QAEAAV0@ABV0@@Z
 - PowerPlayer::DllCanUnloadNow
 - PowerPlayer::DllGetClassObject
 - PowerPlayer::DllRegisterServer
 - PowerPlayer::DllUnregisterServer
 - Processes::FindDevice
 - Processes::FindProcess
 - Processes::KillProcess
 - Pwgen::GeneratePassword
 - RealProgress::AddProgress
 - RealProgress::DetailProgress
 - RealProgress::FileProgress
 - RealProgress::GetProgress
 - RealProgress::GradualProgress
 - RealProgress::SetProgress
 - RealProgress::Unload
 - RealProgress::UseProgressBar
 - RegBin::append
 - RegBin::init
 - RegBin::write
 - RegBin::writeRegBin
 - Rfshdktp::refreshDesktop
 - Safer::Exec
 - Safer::SupportsSAFER
 - ScrollLicense::Set
 - ScrollLicense::Unload
 - SelfDel::del
 - Services::GetServiceNameFromDisplayName
 - Services::GrantLogonAsAService
 - Services::HasLogonAsAService
 - Services::IsProcessUserAdministrator
 - Services::IsServiceInstalled
 - Services::IsServiceRunning
 - Services::RemoveLogonAsAService
 - Services::SendServiceCommand
 - SetCursor::File
 - SetCursor::Position
 - SetCursor::System
 - SetCursor::Visibility
 - SetupIMG::show
 - SetupIMG::stop
 - SfHelper::checkFile
 - SfHelper::getMirrors
 - ShellLink::GetShortCutArgs
 - ShellLink::GetShortCutDescription
 - ShellLink::GetShortCutHotkey
 - ShellLink::GetShortCutIconIndex
 - ShellLink::GetShortCutIconLocation
 - ShellLink::GetShortCutShowMode
 - ShellLink::GetShortCutTarget
 - ShellLink::GetShortCutWorkingDirectory
 - ShellLink::SetShortCutArgs
 - ShellLink::SetShortCutDescription
 - ShellLink::SetShortCutHotkey
 - ShellLink::SetShortCutIconIndex
 - ShellLink::SetShortCutIconLocation
 - ShellLink::SetShortCutShowMode
 - ShellLink::SetShortCutTarget
 - ShellLink::SetShortCutWorkingDirectory
 - ShutDown::LogOff
 - ShutDown::PowerOff
 - ShutDown::Reboot
 - ShutDown::ShutDown
 - ShutdownAllow::Allow
 - ShutdownAllow::Unload
 - SimpleBg::Destroy
 - SimpleBg::SetBg
 - SimpleSC::ContinueService
 - SimpleSC::ExistsService
 - SimpleSC::GetServiceBinaryPath
 - SimpleSC::GetServiceDisplayName
 - SimpleSC::GetServiceName
 - SimpleSC::GetServiceStartType
 - SimpleSC::GetServiceStatus
 - SimpleSC::GrantServiceLogonPrivilege
 - SimpleSC::InstallService
 - SimpleSC::PauseService
 - SimpleSC::RemoveService
 - SimpleSC::RemoveServiceLogonPrivilege
 - SimpleSC::RestartService
 - SimpleSC::ServiceIsPaused
 - SimpleSC::ServiceIsRunning
 - SimpleSC::ServiceIsStopped
 - SimpleSC::SetServiceDescription
 - SimpleSC::SetServiceLogon
 - SimpleSC::SetServiceStartType
 - SimpleSC::StartService
 - SimpleSC::StopService
 - SkinBtn::Init
 - SkinBtn::Set
 - SkinBtn::onClick
 - SkinButton::SetSkin
 - SkinH::SkinH_AdjustAero
 - SkinH::SkinH_AdjustHSV
 - SkinH::SkinH_Attach
 - SkinH::SkinH_AttachEx
 - SkinH::SkinH_AttachExt
 - SkinH::SkinH_AttachRes
 - SkinH::SkinH_AttachResEx
 - SkinH::SkinH_Detach
 - SkinH::SkinH_DetachEx
 - SkinH::SkinH_GetColor
 - SkinH::SkinH_LockUpdate
 - SkinH::SkinH_Map
 - SkinH::SkinH_NineBlt
 - SkinH::SkinH_SetAero
 - SkinH::SkinH_SetBackColor
 - SkinH::SkinH_SetFont
 - SkinH::SkinH_SetFontEx
 - SkinH::SkinH_SetForeColor
 - SkinH::SkinH_SetMenuAlpha
 - SkinH::SkinH_SetTitleMenuBar
 - SkinH::SkinH_SetWindowAlpha
 - SkinH::SkinH_SetWindowMovable
 - SkinH::SkinH_VerifySign
 - SkinProgress::Set
 - SkinSE::??0CxFile@@QAE@ABV0@@Z
 - SkinSE::??0CxFile@@QAE@XZ
 - SkinSE::??0CxIOFile@@QAE@ABV0@@Z
 - SkinSE::??0CxIOFile@@QAE@PAU_iobuf@@@Z
 - SkinSE::??0CxMemFile@@QAE@ABV0@@Z
 - SkinSE::??1CxFile@@UAE@XZ
 - SkinSE::??1CxIOFile@@UAE@XZ
 - SkinSE::??1CxImage@@UAE@XZ
 - SkinSE::??4CxFile@@QAEAAV0@ABV0@@Z
 - SkinSE::??4CxIOFile@@QAEAAV0@ABV0@@Z
 - SkinSE::??4CxMemFile@@QAEAAV0@ABV0@@Z
 - SkinSE::??_7CxFile@@6B@
 - SkinSE::??_7CxIOFile@@6B@
 - SkinSE::??_7CxImage@@6B@
 - SkinSE::??_7CxMemFile@@6B@
 - SkinSE::??_FCxIOFile@@QAEXXZ
 - SkinSE::??_FCxImage@@QAEXXZ
 - SkinSE::??_FCxMemFile@@QAEXXZ
 - SkinSE::??_OCxImage@@QAEXABV0@@Z
 - SkinSE::?Close@CxIOFile@@UAE_NXZ
 - SkinSE::?Eof@CxIOFile@@UAE_NXZ
 - SkinSE::?Error@CxIOFile@@UAEJXZ
 - SkinSE::?Flush@CxIOFile@@UAE_NXZ
 - SkinSE::?GetC@CxIOFile@@UAEJXZ
 - SkinSE::?GetS@CxIOFile@@UAEPADPADH@Z
 - SkinSE::?Open@CxIOFile@@QAE_NPBD0@Z
 - SkinSE::?PutC@CxFile@@UAE_NE@Z
 - SkinSE::?PutC@CxIOFile@@UAE_NE@Z
 - SkinSE::?Read@CxIOFile@@UAEIPAXII@Z
 - SkinSE::?Scanf@CxIOFile@@UAEJPBDPAX@Z
 - SkinSE::?Seek@CxIOFile@@UAE_NJH@Z
 - SkinSE::?Size@CxIOFile@@UAEJXZ
 - SkinSE::?Tell@CxIOFile@@UAEJXZ
 - SkinSE::?Write@CxIOFile@@UAEIPBXII@Z
 - SkinSE::InstallSkinSE
 - SkinSE::SkinSE_Button_SetCursor
 - SkinSE::SkinSE_Button_SetFont
 - SkinSE::SkinSE_Button_SetFontEx
 - SkinSE::SkinSE_Button_SetToolTipText
 - SkinSE::SkinSE_Check_SetCursor
 - SkinSE::SkinSE_Check_SetFont
 - SkinSE::SkinSE_Check_SetFontEx
 - SkinSE::SkinSE_Check_SetToolTipText
 - SkinSE::SkinSE_ComboBox_SetFont
 - SkinSE::SkinSE_ComboBox_SetTextColor
 - SkinSE::SkinSE_DirectUI_SetDrawItemEventItemSubItemImage
 - SkinSE::SkinSE_DirectUI_SetDrawItemEventItemSubItemPlayAnimate
 - SkinSE::SkinSE_DirectUI_SetDrawItemEventItemSubItemValue
 - SkinSE::SkinSE_DirectUI_SetDrawItemEventItemSubItemVisible
 - SkinSE::SkinSE_DirectUI_SetDrawItemSubItemImage
 - SkinSE::SkinSE_DirectUI_SetDrawItemSubItemPlayAnimate
 - SkinSE::SkinSE_DirectUI_SetDrawItemSubItemValue
 - SkinSE::SkinSE_DirectUI_SetDrawItemSubItemVisible
 - SkinSE::SkinSE_DirectUI_SetEventItemSubItemImage
 - SkinSE::SkinSE_DirectUI_SetEventItemSubItemPlayAnimate
 - SkinSE::SkinSE_DirectUI_SetEventItemSubItemValue
 - SkinSE::SkinSE_DirectUI_SetEventItemSubItemVisible
 - SkinSE::SkinSE_DirectUI_SetSubItemImage
 - SkinSE::SkinSE_DirectUI_SetSubItemPlayAnimate
 - SkinSE::SkinSE_DirectUI_SetSubItemValue
 - SkinSE::SkinSE_DirectUI_SetSubItemVisible
 - SkinSE::SkinSE_Edit_SetBackgroundColor
 - SkinSE::SkinSE_Edit_SetFont
 - SkinSE::SkinSE_Edit_SetFontEx
 - SkinSE::SkinSE_Edit_SetTextColor
 - SkinSE::SkinSE_EnableHookSkin
 - SkinSE::SkinSE_EnableTitleMenuBar
 - SkinSE::SkinSE_GetLastError
 - SkinSE::SkinSE_GroupBox_SetBorderColor
 - SkinSE::SkinSE_GroupBox_SetFont
 - SkinSE::SkinSE_GroupBox_SetFontEx
 - SkinSE::SkinSE_GroupBox_SetLogoImage
 - SkinSE::SkinSE_GroupBox_SetLogoImageEx
 - SkinSE::SkinSE_GroupBox_SetRoundRgn
 - SkinSE::SkinSE_GroupBox_SetTextColor
 - SkinSE::SkinSE_HeaderCtrl_CreateItemProgressCtrl
 - SkinSE::SkinSE_HeaderCtrl_GetItemProgressPos
 - SkinSE::SkinSE_HeaderCtrl_SetDrawItemEventItemImage
 - SkinSE::SkinSE_HeaderCtrl_SetDrawItemEventItemValue
 - SkinSE::SkinSE_HeaderCtrl_SetDrawItemEventItemVisible
 - SkinSE::SkinSE_HeaderCtrl_SetDrawItemSkin
 - SkinSE::SkinSE_HeaderCtrl_SetDrawItemSubItemImage
 - SkinSE::SkinSE_HeaderCtrl_SetDrawItemSubItemValue
 - SkinSE::SkinSE_HeaderCtrl_SetDrawItemSubItemVisible
 - SkinSE::SkinSE_HeaderCtrl_SetItemProgressPos
 - SkinSE::SkinSE_HeaderCtrl_SetItemProgressRange
 - SkinSE::SkinSE_Init
 - SkinSE::SkinSE_ListBox_CreateItemProgressCtrl
 - SkinSE::SkinSE_ListBox_GetItemProgressPos
 - SkinSE::SkinSE_ListBox_SetBackTransparent
 - SkinSE::SkinSE_ListBox_SetDrawItemEventItemImage
 - SkinSE::SkinSE_ListBox_SetDrawItemEventItemValue
 - SkinSE::SkinSE_ListBox_SetDrawItemEventItemVisible
 - SkinSE::SkinSE_ListBox_SetDrawItemSkin
 - SkinSE::SkinSE_ListBox_SetDrawItemSubItemImage
 - SkinSE::SkinSE_ListBox_SetDrawItemSubItemValue
 - SkinSE::SkinSE_ListBox_SetDrawItemSubItemVisible
 - SkinSE::SkinSE_ListBox_SetImageList
 - SkinSE::SkinSE_ListBox_SetImageListIndex
 - SkinSE::SkinSE_ListBox_SetItemProgressPos
 - SkinSE::SkinSE_ListBox_SetItemProgressRange
 - SkinSE::SkinSE_ListCtrl_CreateItemProgressCtrl
 - SkinSE::SkinSE_ListCtrl_GetItemProgressPos
 - SkinSE::SkinSE_ListCtrl_SetDrawItemEventItemImage
 - SkinSE::SkinSE_ListCtrl_SetDrawItemEventItemValue
 - SkinSE::SkinSE_ListCtrl_SetDrawItemEventItemVisible
 - SkinSE::SkinSE_ListCtrl_SetDrawItemSkin
 - SkinSE::SkinSE_ListCtrl_SetDrawItemSubItemImage
 - SkinSE::SkinSE_ListCtrl_SetDrawItemSubItemValue
 - SkinSE::SkinSE_ListCtrl_SetDrawItemSubItemVisible
 - SkinSE::SkinSE_ListCtrl_SetImageList
 - SkinSE::SkinSE_ListCtrl_SetImageListIndex
 - SkinSE::SkinSE_ListCtrl_SetItemProgressPos
 - SkinSE::SkinSE_ListCtrl_SetItemProgressRange
 - SkinSE::SkinSE_LoadSkinResourceFromFolder
 - SkinSE::SkinSE_LoadSkinResourceFromRes
 - SkinSE::SkinSE_LoadSkinResourceFromZIP
 - SkinSE::SkinSE_Menu_EnableSkin
 - SkinSE::SkinSE_Menu_GetImageItemCount
 - SkinSE::SkinSE_Menu_RemoveItem
 - SkinSE::SkinSE_Menu_SetCurrentSkin
 - SkinSE::SkinSE_Menu_SetItemImage
 - SkinSE::SkinSE_Radio_SetCursor
 - SkinSE::SkinSE_Radio_SetFont
 - SkinSE::SkinSE_Radio_SetFontEx
 - SkinSE::SkinSE_Radio_SetToolTipText
 - SkinSE::SkinSE_RefreshAllControls
 - SkinSE::SkinSE_RemoveLayoutPos
 - SkinSE::SkinSE_SetBitmapHSB
 - SkinSE::SkinSE_SetColorHSB
 - SkinSE::SkinSE_SetHSB
 - SkinSE::SkinSE_SetKey
 - SkinSE::SkinSE_SetLayoutMainFrame
 - SkinSE::SkinSE_SetLayoutWindowPos
 - SkinSE::SkinSE_SetScrollBarSkin
 - SkinSE::SkinSE_Static_SetCursor
 - SkinSE::SkinSE_Static_SetFont
 - SkinSE::SkinSE_Static_SetFontEx
 - SkinSE::SkinSE_Static_SetTextColor
 - SkinSE::SkinSE_Static_SetToolTipText
 - SkinSE::SkinSE_SubclassWindow
 - SkinSE::SkinSE_TabCtrl_SetFont
 - SkinSE::SkinSE_TabCtrl_SetFontEx
 - SkinSE::SkinSE_TabCtrl_SetItemImage
 - SkinSE::SkinSE_TabCtrl_SetItemImageEx
 - SkinSE::SkinSE_TreeCtrl_CreateItemProgressCtrl
 - SkinSE::SkinSE_TreeCtrl_GetItemProgressPos
 - SkinSE::SkinSE_TreeCtrl_SetBackTransparent
 - SkinSE::SkinSE_TreeCtrl_SetDrawItemEventItemImage
 - SkinSE::SkinSE_TreeCtrl_SetDrawItemEventItemValue
 - SkinSE::SkinSE_TreeCtrl_SetDrawItemEventItemVisible
 - SkinSE::SkinSE_TreeCtrl_SetDrawItemSkin
 - SkinSE::SkinSE_TreeCtrl_SetDrawItemSubItemImage
 - SkinSE::SkinSE_TreeCtrl_SetDrawItemSubItemValue
 - SkinSE::SkinSE_TreeCtrl_SetDrawItemSubItemVisible
 - SkinSE::SkinSE_TreeCtrl_SetImageList
 - SkinSE::SkinSE_TreeCtrl_SetImageListIndex
 - SkinSE::SkinSE_TreeCtrl_SetItemProgressPos
 - SkinSE::SkinSE_TreeCtrl_SetItemProgressRange
 - SkinSE::SkinSE_UI_DrawBack
 - SkinSE::SkinSE_UI_GetBitmapHandle
 - SkinSE::SkinSE_UI_GetFont
 - SkinSE::SkinSE_UI_GetResourceItem
 - SkinSE::SkinSE_UnsubclassWindow
 - SkinSE::UnstallSkinSE
 - SkinSE_NSIS::setskin
 - SkinSE_NSIS::setskinpath
 - SkinnedButton::setskin
 - SkinnedButton::skinit
 - SkinnedButton::unskinit
 - SpiderBanner::Destroy
 - SpiderBanner::Show
 - Splash::show
 - Stack::_Debug
 - Stack::_Unload
 - Stack::_dll_clear
 - Stack::_dll_create
 - Stack::_dll_delete
 - Stack::_dll_delete_range
 - Stack::_dll_destroy
 - Stack::_dll_exchange
 - Stack::_dll_insert
 - Stack::_dll_move
 - Stack::_dll_move_range
 - Stack::_dll_push_sort
 - Stack::_dll_push_sort_int
 - Stack::_dll_read
 - Stack::_dll_reverse_range
 - Stack::_dll_size
 - Stack::_dll_sort_all
 - Stack::_dll_sort_all_int
 - Stack::_dll_write
 - Stack::_ns_clear
 - Stack::_ns_pop_front
 - Stack::_ns_push_back
 - Stack::_ns_push_front
 - Stack::_ns_read
 - Stack::_ns_size
 - Stack::_ns_write
 - StartMenu::Init
 - StartMenu::Select
 - StartMenu::Show
 - StdUtils::DisableVerboseMode
 - StdUtils::Dummy
 - StdUtils::EnableVerboseMode
 - StdUtils::ExecShellAsUser
 - StdUtils::ExecShellWaitEx
 - StdUtils::FormatStr
 - StdUtils::FormatStr2
 - StdUtils::FormatStr3
 - StdUtils::GetAllParameters
 - StdUtils::GetDays
 - StdUtils::GetHours
 - StdUtils::GetLibVersion
 - StdUtils::GetMinutes
 - StdUtils::GetParameter
 - StdUtils::GetRealOsBuildNo
 - StdUtils::GetRealOsName
 - StdUtils::GetRealOsVersion
 - StdUtils::InvokeShellVerb
 - StdUtils::Rand
 - StdUtils::RandList
 - StdUtils::RandMax
 - StdUtils::RandMinMax
 - StdUtils::RevStr
 - StdUtils::SHFileCopy
 - StdUtils::SHFileMove
 - StdUtils::ScanStr
 - StdUtils::ScanStr2
 - StdUtils::ScanStr3
 - StdUtils::Time
 - StdUtils::TrimStr
 - StdUtils::TrimStrLeft
 - StdUtils::TrimStrRight
 - StdUtils::VerifyRealOsBuildNo
 - StdUtils::VerifyRealOsVersion
 - StdUtils::WaitForProcEx
 - StrList::Add
 - StrList::DelByPos
 - StrList::Delete
 - StrList::EnumName
 - StrList::EnumValue
 - StrList::Find
 - StrList::Free
 - StrList::GetNum
 - SysRestore::FinishRestorePoint
 - SysRestore::RemoveRestorePoint
 - SysRestore::StartRestorePoint
 - SysRestore::StartUnRestorePoint
 - SysRestore::Unload
 - System::Alloc
 - System::Call
 - System::Copy
 - System::Free
 - System::Get
 - System::Int64Op
 - System::Store
 - TCP::CheckPort
 - TSFD::SelectFileDialog
 - Tapihelp::getmodemid
 - Tapihelp::getmodemname
 - TextReplace::_FillReadBuffer
 - TextReplace::_FindInFile
 - TextReplace::_FreeReadBuffer
 - TextReplace::_ReplaceInFile
 - TextReplace::_Unload
 - Timeout::ExecTimeout
 - ToggleInstFiles::Set
 - ToggleInstFiles::Unload
 - ToolTips::Author
 - ToolTips::Classic
 - ToolTips::Modern
 - TypeLib::GetLibVersion
 - TypeLib::Register
 - TypeLib::UnRegister
 - UAC::Exec
 - UAC::ExecCodeSegment
 - UAC::ExecWait
 - UAC::GetElevationType
 - UAC::GetOuterHwnd
 - UAC::GetShellFolderPath
 - UAC::IsAdmin
 - UAC::RunElevated
 - UAC::ShellExec
 - UAC::ShellExecWait
 - UAC::StackPush
 - UAC::SupportsUAC
 - UAC::Unload
 - UACTool::LaunchAsUser
 - UnTGZ::extract
 - UnTGZ::extractFile
 - UnTGZ::extractV
 - UserInfo::GetAccountType
 - UserInfo::GetName
 - UserInfo::GetOriginalAccountType
 - UserMgr::AddPrivilege
 - UserMgr::AddToGroup
 - UserMgr::BuiltAccountEnv
 - UserMgr::ChangeUserPassword
 - UserMgr::CreateAccount
 - UserMgr::CreateAccountEx
 - UserMgr::CreateGroup
 - UserMgr::DeleteAccount
 - UserMgr::DeleteGroup
 - UserMgr::GetCurrentUserName
 - UserMgr::GetLocalizedStdAccountName
 - UserMgr::GetUserInfo
 - UserMgr::HasPrivilege
 - UserMgr::IsMemberOfGroup
 - UserMgr::RegLoadUserHive
 - UserMgr::RegUnLoadUserHive
 - UserMgr::RemoveFromGroup
 - UserMgr::RemovePrivilege
 - UserMgr::SetRegKeyAccess
 - UserMgr::SetUserInfo
 - VPatch::GetFileCRC32
 - VPatch::GetFileMD5
 - VPatch::vpatchfile
 - Version::GetWindowsVersion
 - Version::IsWindows2000
 - Version::IsWindows2003
 - Version::IsWindows31
 - Version::IsWindows95
 - Version::IsWindows98
 - Version::IsWindows98orLater
 - Version::IsWindowsME
 - Version::IsWindowsNT351
 - Version::IsWindowsNT40
 - Version::IsWindowsPlatform9x
 - Version::IsWindowsPlatformNT
 - Version::IsWindowsXP
 - WebCtrl::ShowWebInCtrl
 - WndProc::onCallback
 - XL7InstallUIPlugin::load_plugin
 - XL7InstallUIPlugin::page_instfiles_leave_function
 - XL7InstallUIPlugin::page_instfiles_pre_function
 - XL7InstallUIPlugin::page_instfiles_show_function
 - XZBHelper::XZB_SlideShow
 - XZBHelper::XZB_SlideStop
 - XZBHelper::XZB_Win7Taskbar
 - XiMoL::GetAttributeName
 - XiMoL::GetAttributeValue
 - XiMoL::GetContent
 - XiMoL::GetElement
 - XiMoL::GetElementFromPath
 - XiMoL::GetElementName
 - XiMoL::GetNextElement
 - XiMoL::GetNumberOfAttributes
 - XiMoL::GetNumberOfElements
 - XiMoL::GetTag
 - XiMoL::ReadXmlFile
 - XtInfoPlugin::CompareVersion
 - XtInfoPlugin::GetDotNetFrameworkId
 - XtInfoPlugin::GetDotNetFrameworkVersion
 - XtInfoPlugin::GetInstaller
 - XtInfoPlugin::GetInstallerFileName
 - XtInfoPlugin::GetInstallerFullPath
 - XtInfoPlugin::GetInternetExplorerId
 - XtInfoPlugin::GetInternetExplorerVersion
 - XtInfoPlugin::GetLanguage
 - XtInfoPlugin::GetMDACId
 - XtInfoPlugin::GetMDACVersion
 - XtInfoPlugin::GetOLEDBId
 - XtInfoPlugin::GetOLEDBVersion
 - XtInfoPlugin::GetWindowsId
 - XtInfoPlugin::GetWindowsServicePackId
 - XtInfoPlugin::GetWindowsVersion
 - XtInfoPlugin::IsAdministrator
 - XtInfoPlugin::IsDotNetFrameworkInstalled
 - XtInfoPlugin::IsWindows2000
 - XtInfoPlugin::IsWindows2003
 - XtInfoPlugin::IsWindows95
 - XtInfoPlugin::IsWindows98
 - XtInfoPlugin::IsWindowsME
 - XtInfoPlugin::IsWindowsNT3
 - XtInfoPlugin::IsWindowsNT4
 - XtInfoPlugin::IsWindowsXP
 - ZipDLL::extractall
 - ZipDLL::extractfile
 - dumpstate::debug
 - firectrl::disablefire
 - firectrl::enablefire
 - fxSlideShow::AddDefault
 - fxSlideShow::AddImage
 - fxSlideShow::Show
 - fxSlideShow::Stop
 - inetc(Modify)::get
 - inetc(Modify)::head
 - inetc(Modify)::post
 - inetc(Modify)::put
 - inetc::get
 - inetc::head
 - inetc::post
 - inetc::put
 - ip::get_ip
 - isSlideShow::DeinitializeSlideShow
 - isSlideShow::InitializeSlideShow
 - isSlideShow::ShowImage
 - kcheck::FindProcessByName
 - kcheck::KillProcessByName
 - linker::Link
 - linker::Unload
 - md5dll::GetFileMD5
 - md5dll::GetMD5
 - md5dll::GetMD5File
 - md5dll::GetMD5Random
 - md5dll::GetMD5String
 - minizip::mini_unzip_dll
 - minizip::unzClose
 - minizip::unzCloseCurrentFile
 - minizip::unzGetCurrentFileInfo
 - minizip::unzGetFilePos
 - minizip::unzGetGlobalComment
 - minizip::unzGetGlobalInfo
 - minizip::unzGetLocalExtrafield
 - minizip::unzGetOffset
 - minizip::unzGoToFilePos
 - minizip::unzGoToFirstFile
 - minizip::unzGoToNextFile
 - minizip::unzLocateFile
 - minizip::unzOpen
 - minizip::unzOpen2
 - minizip::unzOpenCurrentFile
 - minizip::unzOpenCurrentFile2
 - minizip::unzOpenCurrentFile3
 - minizip::unzOpenCurrentFilePassword
 - minizip::unzReadCurrentFile
 - minizip::unzSetOffset
 - minizip::unzStringFileNameCompare
 - minizip::unzeof
 - minizip::unztell
 - minizip::zipClose
 - minizip::zipCloseFileInZip
 - minizip::zipCloseFileInZipRaw
 - minizip::zipOpen
 - minizip::zipOpen2
 - minizip::zipOpenNewFileInZip
 - minizip::zipOpenNewFileInZip2
 - minizip::zipOpenNewFileInZip3
 - minizip::zipWriteInFileInZip
 - newadvsplash::hwnd
 - newadvsplash::play
 - newadvsplash::show
 - newadvsplash::stop
 - nsCtrl::Init
 - nsCtrl::OnChange
 - nsCtrl::OnClick
 - nsCtrl::ValidatePath
 - nsDialogs::Create
 - nsDialogs::CreateControl
 - nsDialogs::CreateItem
 - nsDialogs::CreateTimer
 - nsDialogs::GetUserData
 - nsDialogs::KillTimer
 - nsDialogs::OnBack
 - nsDialogs::OnChange
 - nsDialogs::OnClick
 - nsDialogs::OnNotify
 - nsDialogs::SelectFileDialog
 - nsDialogs::SelectFolderDialog
 - nsDialogs::SetRTL
 - nsDialogs::SetUserData
 - nsDialogs::Show
 - nsExec::Exec
 - nsExec::ExecToLog
 - nsExec::ExecToStack
 - nsFlash::Destroy
 - nsFlash::IsInstalled
 - nsFlash::Load
 - nsFlash::Window
 - nsInstallAssist::AbortWarn
 - nsInstallAssist::ActivateSetup
 - nsInstallAssist::CheckBaiduIntranet
 - nsInstallAssist::CheckRun
 - nsInstallAssist::CleanUpPendingOperation
 - nsInstallAssist::GetOriginalTn
 - nsInstallAssist::GetTn
 - nsInstallAssist::GetTnInfo
 - nsInstallAssist::IsOldVersion
 - nsInstallAssist::Report
 - nsInstallAssist::SelectFordDialog
 - nsInstallAssist::SetControlImage
 - nsInstallAssist::SetLicense
 - nsLink::Init
 - nsLink::OnClick
 - nsMCI::GetErrorString
 - nsMCI::GetFirstCDROMDrive
 - nsMCI::SendString
 - nsMailer::AddAttachment
 - nsMailer::From
 - nsMailer::InitConfig
 - nsMailer::Send
 - nsMailer::Subject
 - nsMailer::TextBody
 - nsMailer::To
 - nsODBC::AddDSN
 - nsODBC::AddSysDSN
 - nsODBC::ConfDSN
 - nsODBC::ConfSysDSN
 - nsODBC::RemoveDSN
 - nsODBC::RemoveDefDSN
 - nsODBC::RemoveSysDSN
 - nsPerl::exec
 - nsPerl::execFile
 - nsPerl::execResource
 - nsPluginInstall::Install
 - nsProcess::_FindProcess
 - nsProcess::_KillProcess
 - nsProcess::_Unload
 - nsPython::eval
 - nsPython::exec
 - nsPython::execFile
 - nsRandom::GetRandom
 - nsRestartExplorer::nsRE
 - nsRestartExplorer::nsRestartExplorer
 - nsSCM::Install
 - nsSCM::QueryStatus
 - nsSCM::Remove
 - nsSCM::Start
 - nsSCM::Stop
 - nsScreenshot::Grab
 - nsScreenshot::Grab_FullScreen
 - nsTBCIASkinEngine::ExitTBCIASkinEngine
 - nsTBCIASkinEngine::FindControl
 - nsTBCIASkinEngine::GetControlData
 - nsTBCIASkinEngine::InitTBCIAMessageBox
 - nsTBCIASkinEngine::InitTBCIASkinEngine
 - nsTBCIASkinEngine::OnControlBindNSISScript
 - nsTBCIASkinEngine::SelectFolderDialog
 - nsTBCIASkinEngine::SendInstallMsg2Svr
 - nsTBCIASkinEngine::SendUninstallMsg2Svr
 - nsTBCIASkinEngine::SetControlData
 - nsTBCIASkinEngine::ShowLicense
 - nsTBCIASkinEngine::ShowPage
 - nsTBCIASkinEngine::StartInstall
 - nsTBCIASkinEngine::StartUninstall
 - nsTBCIASkinEngine::TBCIACreatTimer
 - nsTBCIASkinEngine::TBCIAKillTimer
 - nsTBCIASkinEngine::TBCIASendMessage
 - nsURI::decodeURI
 - nsURI::decodeURIComponent
 - nsURI::encodeURI
 - nsURI::encodeURIComponent
 - nsWater::Set
 - nsWeb::IsInet
 - nsWeb::ShowHTMLInPage
 - nsWeb::ShowWebInPage
 - nsWeb::ShowWebInPopUp
 - nsWindows::Create
 - nsWindows::CreateControl
 - nsWindows::CreateItem
 - nsWindows::CreateTimer
 - nsWindows::GetUserData
 - nsWindows::KillTimer
 - nsWindows::OnBack
 - nsWindows::OnChange
 - nsWindows::OnClick
 - nsWindows::OnNotify
 - nsWindows::SelectFileDialog
 - nsWindows::SelectFolderDialog
 - nsWindows::SetRTL
 - nsWindows::SetTransparent
 - nsWindows::SetUserData
 - nsWindows::Show
 - nsWindows::onDropFiles
 - nsis7z::Extract
 - nsis7z::ExtractWithCallback
 - nsis7z::ExtractWithDetails
 - nsisDDE::Execute
 - nsisFirewall::AddAuthorizedApplication
 - nsisFirewall::RemoveAuthorizedApplication
 - nsisMultiMon::CenterInstallerOnMonitor
 - nsisMultiMon::GetActiveMonitorCount
 - nsisMultiMon::GetAllMonitorCount
 - nsisMultiMon::GetMonitorName
 - nsisMultiMon::GetMonitorRect
 - nsisMultiMon::GetPrimaryMonitor
 - nsisMultiMon::GetVirtualDesktopRect
 - nsisMultiMon::GetWorkArea
 - nsisMultiMon::IsPointOnMonitor
 - nsisSlideshow::show
 - nsisSlideshow::stop
 - nsisSlideshowx::Initialize
 - nsisSlideshowx::Release
 - nsisSlideshowx::show
 - nsisSlideshowx::stop
 - nsisStartMenu::RegenerateFolder
 - nsisStartMenu::RegenerateFolderW
 - nsisStartMenu::_RegenerateFolder
 - nsisUser::IsLoginValid
 - nsisXML::appendChild
 - nsisXML::create
 - nsisXML::createElement
 - nsisXML::createProcessingInstruction
 - nsisXML::getAttribute
 - nsisXML::getText
 - nsisXML::insertBefore
 - nsisXML::load
 - nsisXML::loadAndValidate
 - nsisXML::parentNode
 - nsisXML::removeChild
 - nsisXML::save
 - nsisXML::select
 - nsisXML::setAttribute
 - nsisXML::setDocumentElement
 - nsisXML::setText
 - nsisdt::currentdate
 - processwork::CloseProcess
 - processwork::ExistsProcess
 - processwork::KillProcess
 - processwork::QuitProcess
 - registry::_Close
 - registry::_CopyKey
 - registry::_CopyValue
 - registry::_CreateKey
 - registry::_DeleteKey
 - registry::_DeleteKeyEmpty
 - registry::_DeleteValue
 - registry::_Find
 - registry::_HexToStr
 - registry::_KeyExists
 - registry::_MoveKey
 - registry::_MoveValue
 - registry::_Open
 - registry::_Read
 - registry::_ReadExtra
 - registry::_RestoreKey
 - registry::_SaveKey
 - registry::_StrToHex
 - registry::_Unload
 - registry::_Write
 - registry::_WriteExtra
 - section::call
 - show_pic::CreateWindowFromPNG
 - show_pic::SetWindowBKPng
 - show_pic::check_process
 - show_pic::createwindow
 - time::_GetFileTime
 - time::_GetFileTimeUTC
 - time::_GetLocalTime
 - time::_GetLocalTimeUTC
 - time::_MathTime
 - time::_SetFileTime
 - time::_SetFileTimeUTC
 - time::_SetLocalTime
 - time::_SetLocalTimeUTC
 - time::_TimeString
 - time::_Unload
 - timer::t0
 - timer::t1
 - titprog::Start
 - unicode::FileAnsi2Unicode
 - unicode::FileUnicode2Ansi
 - unicode::UnicodeType
 - w7tbp::Start
 - wansis::config
 - wansis::setskin
 - wansis::skinit
 - wansis::unskinit
 - waterctrl::disablewater
 - waterctrl::enablewater
 - waterctrl::flattenwater
 - waterctrl::setwaterparent
 - waterctrl::waterblob
 - xID::GetHardDiskID
 - xID::GetNetCardID
 - xml::_CloneNode
 - xml::_Coordinate
 - xml::_CreateNode
 - xml::_CreateText
 - xml::_CurrentAttribute
 - xml::_DeclarationEncoding
 - xml::_DeclarationStandalone
 - xml::_DeclarationVersion
 - xml::_ElementPath
 - xml::_FindCloseElement
 - xml::_FindNextElement
 - xml::_FirstAttribute
 - xml::_FirstChild
 - xml::_FirstChildElement
 - xml::_FreeNode
 - xml::_GetAttribute
 - xml::_GetNodeValue
 - xml::_GetText
 - xml::_GotoHandle
 - xml::_GotoPath
 - xml::_InsertAfterNode
 - xml::_InsertBeforeNode
 - xml::_InsertEndChild
 - xml::_IsCDATA
 - xml::_LastAttribute
 - xml::_LastChild
 - xml::_LoadFile
 - xml::_NextAttribute
 - xml::_NextSibling
 - xml::_NextSiblingElement
 - xml::_NoChildren
 - xml::_NodeHandle
 - xml::_NodeType
 - xml::_Parent
 - xml::_PreviousAttribute
 - xml::_PreviousSibling
 - xml::_RemoveAllChild
 - xml::_RemoveAttribute
 - xml::_RemoveNode
 - xml::_ReplaceNode
 - xml::_RootElement
 - xml::_SaveFile
 - xml::_SetAttribute
 - xml::_SetAttributeName
 - xml::_SetAttributeValue
 - xml::_SetCDATA
 - xml::_SetCondenseWhiteSpace
 - xml::_SetEncoding
 - xml::_SetNodeValue
 - xml::_SetText
 - xml::_Unload
 - xml::_XPathAttribute
 - xml::_XPathNode
 - xml::_XPathString

!include: "top.nsi"
Var: "MSG"
Var: "Dialog"
Var: "BGImage"
Var: "ImageHandle"
Var: "Image"
Var: "ImgHandle"
Var: "btn_in"
Var: "btn_Close"
Var: "Txt_ji"
Var: "Ckbox1"
Var: "Ckbox1_State"
Var: "Ckbox2"
Var: "Ckbox2_State"
Var: "Ckbox3"
Var: "Ckbox3_State"
Var: "ckbox4"
Var: "ckbox5"
Var: "F1"
Var: "F2"
Var: "F3"
Var: "E1"
Var: "E2"
Var: "E3"
Var: "E4"
Var: "E5"
Var: "E6"
Var: "E7"
Var: "E8"
Var: "A1"
Var: "A2"
Var: "A3"
Var: "A4"
Var: "A5"
Var: "A6"
Var: "A7"
Var: "A8"
Var: "B1"
Var: "B2"
Var: "B3"
Var: "B4"
Var: "B5"
Var: "B6"
Var: "B7"
Var: "B8"
Var: "C1"
Var: "C2"
Var: "C3"
Var: "C4"
Var: "C5"
Var: "C6"
Var: "C7"
Var: "C8"
!include: closed: "top.nsi"
!define: "PRODUCT_NAME"="版本控制工具git"
!define: "E_PRODUCT_NAME"="Git-2.7.2-64-bit"
!define: "PRODUCT_VERSION"="2016.6.17.22"
!define: "PRODUCT_PATH"="D:\nsis\download\pc6_soure\2016-6"
!define: "PRODUCT_EXEName"="Git-2.7.2-64-bit"
!define: "NSI_PATH"="D:\nsis\nsis\nsi\pc6"
!define: "PRODUCT_PUBLISHER"="jf"
!define: "PRODUCT_WEB_SITE"="http://www.pc6.com/"
!define: "PRODUCT_MAKEEXE"="D:\nsis\packaged\pc6_soure\2016-6\Git-2.7.2-64-bit_22.exe"
!define: "PRODUCT_Play"="Git-2.7.2-64-bit.exe"
!define: "PRODUCT_ICO"="pc6.ico"
!define: "PRODUCT_ICO_BMP"="pc6.bmp"
!define: "PRODUC_ISDISKTOP"="0"
!define: "PRODUC_ISOPENDIR"="0"
!define: "PRODUC_ISOPENFILE"="1"
!define: "DIR"="$EXEDIR\Git-2.7.2-64-bit"
!define: "HTTP_URL"="http://c.pc6.com/ke/"
!define: "PRODUC_WebName"="pc6"
!define: "PRODUC_softid"="0"
!include: "inc.nsi"
SetCompress: auto
Name: "版本控制工具git"
OutFile: "D:\nsis\packaged\pc6_soure\2016-6\Git-2.7.2-64-bit_22.exe"
InstallDir: "$EXEDIR\Git-2.7.2-64-bit"
ShowInstDetails: nevershow
ShowUnInstDetails: nevershow
!define: "MUI_ICON"="D:\nsis\nsis\nsi\pc6\pc6.ico"
!define: "MUI_UI"="..\..\UI\mod.exe"
ReserveFile: "bg.bmp" [compress] 124819/772688 bytes
ReserveFile: "bg2.bmp" [compress] 133923/772688 bytes
ReserveFile: "browse.bmp" [compress] 453/41324 bytes
ReserveFile: "close.bmp" [compress] 1347/7256 bytes
ReserveFile: "empty_bg.bmp" [compress] 145/10374 bytes
ReserveFile: "finish.bmp" [compress] 7260/129656 bytes
ReserveFile: "full_bg.bmp" [compress] 1529/10376 bytes
ReserveFile: "onekey.bmp" [compress] 13596/241976 bytes
ReserveFile: "strongbtn.bmp" [compress] 810/31256 bytes
ReserveFile: "weakbtn.bmp" [compress] 772/21896 bytes
ReserveFile: "Slides.dat" [compress] 75/278 bytes
ReserveFile: "InstallingBG01.png" [compress] 42675/59696 bytes
ReserveFile: "InstallingBG02.png" [compress] 19076/36356 bytes
ReserveFile: "InstallingBG03.png" [compress] 47478/64553 bytes
ReserveFile: "InstallingBG04.png" [compress] 24347/41691 bytes
ReserveFile: "nsDialogs.dll" [compress] 4533/9728 bytes
ReserveFile: "nsWindows.dll" [compress] 5269/10752 bytes
ReserveFile: "SkinBtn.dll" [compress] 2163/4608 bytes
ReserveFile: "SkinProgress.dll" [compress] 1722/4096 bytes
ReserveFile: "System.dll" [compress] 6158/10752 bytes
ReserveFile: "WndProc.dll" [compress] 1273/3072 bytes
ReserveFile: "nsisSlideshow.dll" [compress] 3399/7168 bytes
ReserveFile: "FindProcDLL.dll" [compress] 1475/3584 bytes
!include: "D:\nsis\nsis\Include\MUI.nsh"
!include: "D:\nsis\nsis\Contrib\Modern UI\System.nsh"
NSIS Modern User Interface version 1.8 - Copyright 2002-2009 Joost Verburg (D:\nsis\nsis\Contrib\Modern UI\System.nsh:8)
!define: "MUI_INCLUDED"=""
!define: "MUI_SYSVERSION"="1.8"
!define: "MUI_VERBOSE"="3"
!include: closed: "D:\nsis\nsis\Contrib\Modern UI\System.nsh"
!include: closed: "D:\nsis\nsis\Include\MUI.nsh"
!include: "D:\nsis\nsis\Include\WinCore.nsh"
!define: "__WIN_WINDOWS__INC"=""
!include: closed: "D:\nsis\nsis\Include\WinCore.nsh"
!include: "D:\nsis\nsis\Include\nsWindows.nsh"
!define: "NSWINDOWS_INCLUDED"=""
!include: closed: "D:\nsis\nsis\Include\nsWindows.nsh"
!include: "D:\nsis\nsis\Include\LogicLib.nsh"
!include: closed: "D:\nsis\nsis\Include\LogicLib.nsh"
!include: "D:\nsis\nsis\Include\WordFunc.nsh"
!define: "WORDFUNC_INCLUDED"=""
!include: "D:\nsis\nsis\Include\Util.nsh"
!include: closed: "D:\nsis\nsis\Include\Util.nsh"
!define: "WordFind"="!insertmacro WordFindCall ''"
!define: "un.WordFind"="!insertmacro WordFindCall ''"
!define: "WordFindS"="!insertmacro WordFindSCall ''"
!define: "un.WordFindS"="!insertmacro WordFindSCall ''"
!define: "WordFind2X"="!insertmacro WordFind2XCall"
!define: "un.WordFind2X"="!insertmacro WordFind2XCall"
!define: "WordFind2XS"="!insertmacro WordFind2XSCall"
!define: "un.WordFind2XS"="!insertmacro WordFind2XSCall"
!define: "WordFind3X"="!insertmacro WordFind3XCall"
!define: "un.WordFind3X"="!insertmacro WordFind3XCall"
!define: "WordFind3XS"="!insertmacro WordFind3XSCall"
!define: "un.WordFind3XS"="!insertmacro WordFind3XSCall"
!define: "WordReplace"="!insertmacro WordReplaceCall"
!define: "un.WordReplace"="!insertmacro WordReplaceCall"
!define: "WordReplaceS"="!insertmacro WordReplaceSCall"
!define: "un.WordReplaceS"="!insertmacro WordReplaceSCall"
!define: "WordAdd"="!insertmacro WordAddCall"
!define: "un.WordAdd"="!insertmacro WordAddCall"
!define: "WordAddS"="!insertmacro WordAddSCall"
!define: "un.WordAddS"="!insertmacro WordAddSCall"
!define: "WordInsert"="!insertmacro WordInsertCall"
!define: "un.WordInsert"="!insertmacro WordInsertCall"
!define: "WordInsertS"="!insertmacro WordInsertSCall"
!define: "un.WordInsertS"="!insertmacro WordInsertSCall"
!define: "StrFilter"="!insertmacro StrFilterCall"
!define: "un.StrFilter"="!insertmacro StrFilterCall"
!define: "StrFilterS"="!insertmacro StrFilterSCall"
!define: "un.StrFilterS"="!insertmacro StrFilterSCall"
!define: "VersionCompare"="!insertmacro VersionCompareCall"
!define: "un.VersionCompare"="!insertmacro VersionCompareCall"
!define: "VersionConvert"="!insertmacro VersionConvertCall"
!define: "un.VersionConvert"="!insertmacro VersionConvertCall"
!include: closed: "D:\nsis\nsis\Include\WordFunc.nsh"
!include: "D:\nsis\nsis\Include\WinMessages.nsh"
!include: closed: "D:\nsis\nsis\Include\WinMessages.nsh"
!include: "D:\nsis\nsis\Include\FileFunc.nsh"
!define: "FILEFUNC_INCLUDED"=""
!include: "D:\nsis\nsis\Include\Util.nsh"
!include: closed: "D:\nsis\nsis\Include\Util.nsh"
!define: "Locate"="!insertmacro LocateCall"
!define: "un.Locate"="!insertmacro LocateCall"
!define: "GetSize"="!insertmacro GetSizeCall"
!define: "un.GetSize"="!insertmacro GetSizeCall"
!define: "DriveSpace"="!insertmacro DriveSpaceCall"
!define: "un.DriveSpace"="!insertmacro DriveSpaceCall"
!define: "GetDrives"="!insertmacro GetDrivesCall"
!define: "un.GetDrives"="!insertmacro GetDrivesCall"
!define: "GetTime"="!insertmacro GetTimeCall"
!define: "un.GetTime"="!insertmacro GetTimeCall"
!define: "GetFileAttributes"="!insertmacro GetFileAttributesCall"
!define: "un.GetFileAttributes"="!insertmacro GetFileAttributesCall"
!define: "GetFileVersion"="!insertmacro GetFileVersionCall"
!define: "un.GetFileVersion"="!insertmacro GetFileVersionCall"
!define: "GetExeName"="!insertmacro GetExeNameCall"
!define: "un.GetExeName"="!insertmacro GetExeNameCall"
!define: "GetExePath"="!insertmacro GetExePathCall"
!define: "un.GetExePath"="!insertmacro GetExePathCall"
!define: "GetParameters"="!insertmacro GetParametersCall"
!define: "un.GetParameters"="!insertmacro GetParametersCall"
!define: "GetOptions"="!insertmacro GetOptionsCall"
!define: "un.GetOptions"="!insertmacro GetOptionsCall"
!define: "GetOptionsS"="!insertmacro GetOptionsSCall"
!define: "un.GetOptionsS"="!insertmacro GetOptionsSCall"
!define: "GetRoot"="!insertmacro GetRootCall"
!define: "un.GetRoot"="!insertmacro GetRootCall"
!define: "GetParent"="!insertmacro GetParentCall"
!define: "un.GetParent"="!insertmacro GetParentCall"
!define: "GetFileName"="!insertmacro GetFileNameCall"
!define: "un.GetFileName"="!insertmacro GetFileNameCall"
!define: "GetBaseName"="!insertmacro GetBaseNameCall"
!define: "un.GetBaseName"="!insertmacro GetBaseNameCall"
!define: "GetFileExt"="!insertmacro GetFileExtCall"
!define: "un.GetFileExt"="!insertmacro GetFileExtCall"
!define: "BannerTrimPath"="!insertmacro BannerTrimPathCall"
!define: "un.BannerTrimPath"="!insertmacro BannerTrimPathCall"
!define: "DirState"="!insertmacro DirStateCall"
!define: "un.DirState"="!insertmacro DirStateCall"
!define: "RefreshShellIcons"="!insertmacro RefreshShellIconsCall"
!define: "un.RefreshShellIcons"="!insertmacro RefreshShellIconsCall"
!include: closed: "D:\nsis\nsis\Include\FileFunc.nsh"
!include: "D:\nsis\nsis\Include\Registry.nsh"
!define: "registry::Open"="!insertmacro registry::Open"
!define: "registry::Find"="!insertmacro registry::Find"
!define: "registry::Close"="!insertmacro registry::Close"
!define: "registry::KeyExists"="!insertmacro registry::KeyExists"
!define: "registry::Read"="!insertmacro registry::Read"
!define: "registry::Write"="!insertmacro registry::Write"
!define: "registry::ReadExtra"="!insertmacro registry::ReadExtra"
!define: "registry::WriteExtra"="!insertmacro registry::WriteExtra"
!define: "registry::CreateKey"="!insertmacro registry::CreateKey"
!define: "registry::DeleteValue"="!insertmacro registry::DeleteValue"
!define: "registry::DeleteKey"="!insertmacro registry::DeleteKey"
!define: "registry::DeleteKeyEmpty"="!insertmacro registry::DeleteKeyEmpty"
!define: "registry::CopyValue"="!insertmacro registry::CopyValue"
!define: "registry::MoveValue"="!insertmacro registry::MoveValue"
!define: "registry::CopyKey"="!insertmacro registry::CopyKey"
!define: "registry::MoveKey"="!insertmacro registry::MoveKey"
!define: "registry::SaveKey"="!insertmacro registry::SaveKey"
!define: "registry::RestoreKey"="!insertmacro registry::RestoreKey"
!define: "registry::StrToHex"="!insertmacro registry::StrToHex"
!define: "registry::HexToStr"="!insertmacro registry::HexToStr"
!define: "registry::Unload"="!insertmacro registry::Unload"
!include: closed: "D:\nsis\nsis\Include\Registry.nsh"
!define: "MUI_CUSTOMFUNCTION_GUIINIT"="onGUIInit"
Page: custom (creator:Page.1) (leave:Page.1leave)
!define: "MUI_PAGE_CUSTOMFUNCTION_SHOW"="InstFilesPageShow"
!insertmacro: MUI_PAGE_INSTFILES
!insertmacro: end of MUI_PAGE_INSTFILES
Page: custom (creator:Page.4)
!insertmacro: MUI_LANGUAGE
!insertmacro: end of MUI_LANGUAGE
VIAddVersionKey: "ProductName" "版本控制工具git"
Function: ".onInit"
InitPluginsDir
StrCpy $Ckbox1_State "1" () ()
StrCpy $Ckbox2_State "1" () ()
StrCpy $Ckbox3_State "1" () ()
File: "pc6.bmp"->"$PLUGINSDIR\pc6.bmp" [compress] 6795/6901 bytes
File: "bg.bmp"->"$PLUGINSDIR\bg.bmp" [compress] 0/772688 bytes
File: "bg2.bmp"->"$PLUGINSDIR\bg2.bmp" [compress] 0/772688 bytes
File: "onekey.bmp"->"$PLUGINSDIR\btn_onekey.bmp" [compress] 0/241976 bytes
File: "browse.bmp"->"$PLUGINSDIR\btn_browse.bmp" [compress] 0/41324 bytes
File: "strongbtn.bmp"->"$PLUGINSDIR\btn_strongbtn.bmp" [compress] 0/31256 bytes
File: "close.bmp"->"$PLUGINSDIR\btn_Close.bmp" [compress] 0/7256 bytes
File: "empty_bg.bmp"->"$PLUGINSDIR\Progress.bmp" [compress] 0/10374 bytes
File: "full_bg.bmp"->"$PLUGINSDIR\ProgressBar.bmp" [compress] 0/10376 bytes
File: "SkinBtn.dll"->"$PLUGINSDIR\SkinBtn.dll" [compress] 0/4608 bytes
Plugin Command: Init $PLUGINSDIR\btn_onekey.bmp
Plugin Command: Init $PLUGINSDIR\btn_browse.bmp
Plugin Command: Init $PLUGINSDIR\btn_strongbtn.bmp
Plugin Command: Init $PLUGINSDIR\btn_Close.bmp
FunctionEnd
Function: "onGUIInit"
StrCpy $INSTDIR "$EXEDIR\Git-2.7.2-64-bit" () ()
File: "System.dll"->"$PLUGINSDIR\System.dll" [compress] 0/10752 bytes
Plugin Command: Call user32::SetWindowLong(i$HWNDPARENT,i-16,0x9480084C)i.R0
GetDlgItem: output=$0 dialog=$HWNDPARENT item=1034
ShowWindow: handle=$0 show state=0
GetDlgItem: output=$0 dialog=$HWNDPARENT item=1035
ShowWindow: handle=$0 show state=0
GetDlgItem: output=$0 dialog=$HWNDPARENT item=1036
ShowWindow: handle=$0 show state=0
GetDlgItem: output=$0 dialog=$HWNDPARENT item=1037
ShowWindow: handle=$0 show state=0
GetDlgItem: output=$0 dialog=$HWNDPARENT item=1038
ShowWindow: handle=$0 show state=0
GetDlgItem: output=$0 dialog=$HWNDPARENT item=1039
ShowWindow: handle=$0 show state=0
GetDlgItem: output=$0 dialog=$HWNDPARENT item=1256
ShowWindow: handle=$0 show state=0
GetDlgItem: output=$0 dialog=$HWNDPARENT item=1028
ShowWindow: handle=$0 show state=0
!insertmacro: __NSW_SetWindowSize
Plugin Command: Call user32::SetWindowPos(i$HWNDPARENT,i0,i0,i0,i589,i439,i0x0002)
!insertmacro: end of __NSW_SetWindowSize
Plugin Command: Call User32::GetDesktopWindow()i.R0
File: "System.dll"->"$PLUGINSDIR\System.dll" [compress] 0/10752 bytes
Plugin Command: Alloc 16
Plugin Command: Call user32::GetWindowRect(i$HWNDPARENT,isR0)
Plugin Command: Call *$R0(i.R1,i.R2,i.R3,i.R4)
IntOp: $R3=$R3-$R1
IntOp: $R4=$R4-$R2
Plugin Command: Call gdi32::CreateRoundRectRgn(i0,i0,iR3,iR4,i4,i4)i.r0
Plugin Command: Call user32::SetWindowRgn(i$HWNDPARENT,ir0,i1)
File: "System.dll"->"$PLUGINSDIR\System.dll" [compress] 0/10752 bytes
Plugin Command: Free $R0
Call "ReadIni"
FunctionEnd
Function: "onGUICallback"
!insertmacro: _If
!insertmacro: end of _If
SendMessage:($HWNDPARENT,0x00A1,2,$0)
!insertmacro: _EndIf
!insertmacro: end of _EndIf
FunctionEnd
Function: "Page.1"
GetDlgItem: output=$0 dialog=$HWNDPARENT item=1
ShowWindow: handle=$0 show state=0
GetDlgItem: output=$0 dialog=$HWNDPARENT item=2
ShowWindow: handle=$0 show state=0
GetDlgItem: output=$0 dialog=$HWNDPARENT item=3
ShowWindow: handle=$0 show state=0
GetDlgItem: output=$0 dialog=$HWNDPARENT item=1990
ShowWindow: handle=$0 show state=0
GetDlgItem: output=$0 dialog=$HWNDPARENT item=1991
ShowWindow: handle=$0 show state=0
GetDlgItem: output=$0 dialog=$HWNDPARENT item=1992
ShowWindow: handle=$0 show state=0
File: "nsDialogs.dll"->"$PLUGINSDIR\nsDialogs.dll" [compress] 0/9728 bytes
Plugin Command: Create 1044
Pop: $0
!insertmacro: _If
!insertmacro: end of _If
Abort: ""
!insertmacro: _EndIf
!insertmacro: end of _EndIf
SetCtlColors: hwnd=$0 text= background=transparent
!insertmacro: __NSW_SetWindowSize
Plugin Command: Call user32::SetWindowPos(i$0,i0,i0,i0,i588,i438,i0x0002)
!insertmacro: end of __NSW_SetWindowSize
File: "nsDialogs.dll"->"$PLUGINSDIR\nsDialogs.dll" [compress] 0/9728 bytes
Plugin Command: CreateControl BUTTON 0x40000000|0x10000000|0x04000000|0x00010000 0 126u 204u 252 64 
Pop: $btn_in
File: "SkinBtn.dll"->"$PLUGINSDIR\SkinBtn.dll" [compress] 0/4608 bytes
Plugin Command: Set /IMGID=$PLUGINSDIR\btn_onekey.bmp $btn_in
GetFunctionAddress: $3 onClickinsFile: "SkinBtn.dll"->"$PLUGINSDIR\SkinBtn.dll" [compress] 0/4608 bytes
Plugin Command: onClick $btn_in $3
Plugin Command: CreateControl BUTTON 0x40000000|0x10000000|0x04000000|0x00010000 0 372u 8u 24 20 
Pop: $btn_Close
Plugin Command: Set /IMGID=$PLUGINSDIR\btn_Close.bmp $btn_Close
GetFunctionAddress: $3 ABORTPlugin Command: onClick $btn_Close $3
!insertmacro: _If
!insertmacro: end of _If
Plugin Command: CreateControl BUTTON 0x40000000|0x10000000|0x04000000|0x00010000|0x00000000|0x00000C00|0x00000003|0x00002000 0 17u 265u 100u 12u $A2
Pop: $Ckbox1
SetCtlColors: hwnd=$Ckbox1 text=FFFFFF background=FFFFFF
!insertmacro: __NSD_Check
!insertmacro: __NSD_SetState
SendMessage:($Ckbox1,0x00F1,1,0)
!insertmacro: end of __NSD_SetState
!insertmacro: end of __NSD_Check
!insertmacro: _EndIf
!insertmacro: end of _EndIf
!insertmacro: _If
!insertmacro: end of _If
Plugin Command: CreateControl BUTTON 0x40000000|0x10000000|0x04000000|0x00010000|0x00000000|0x00000C00|0x00000003|0x00002000 0 200u 265u 100u 12u $B2
Pop: $Ckbox2
CreateFont: output=$1 "宋体" height=9 weight=100
SendMessage:($Ckbox2,0x0030,$1,1)
SetCtlColors: hwnd=$Ckbox2 text=6d6d6d background=FFFFFF
!insertmacro: __NSD_Check
!insertmacro: __NSD_SetState
SendMessage:($Ckbox2,0x00F1,1,0)
!insertmacro: end of __NSD_SetState
!insertmacro: end of __NSD_Check
!insertmacro: _EndIf
!insertmacro: end of _EndIf
Plugin Command: CreateControl STATIC 0x40000000|0x10000000|0x04000000|0x00000100 0x00000020 10u 10u 100u 15u 版本控制工具git
Pop: $txt_ji
CreateFont: output=$1 "微软雅黑" height=10 weight=200
SendMessage:($txt_ji,0x0030,$1,1)
SetCtlColors: hwnd=$txt_ji text=6d6d6d background=transparent
Plugin Command: CreateControl STATIC 0x40000000|0x10000000|0x04000000|0x0000000E|0x00000100 0 180u 70u 100% 100% 
Pop: $Image
!insertmacro: __NSD_LoadAndSetImage
Push: $0
Push: $R0
StrCpy $R0 "$Image" () ()
Plugin Command: Call user32::LoadImage(i 0, ts, i 0, i0, i0, i0x0010) i.r0 $PLUGINSDIR\pc6.bmp
SendMessage:($R0,0x0172,0,$0)
Pop: $R0
Exch($0,0)
Pop: $ImgHandle
!insertmacro: end of __NSD_LoadAndSetImage
Plugin Command: CreateControl STATIC 0x40000000|0x10000000|0x04000000|0x00000100 0x00000020 130u 120u 100% 30u 版本控制工具git安装
Pop: $0
CreateFont: output=$1 "微软雅黑" height=25 weight=600
SendMessage:($0,0x0030,$1,1)
SetCtlColors: hwnd=$0 text=0086ed background=transparent
Plugin Command: CreateControl STATIC 0x40000000|0x10000000|0x04000000|0x0000000E|0x00000100 0 0 0 100% 100% 
Pop: $BGImage
!insertmacro: __NSD_LoadAndSetImage
Push: $0
Push: $R0
StrCpy $R0 "$BGImage" () ()
Plugin Command: Call user32::LoadImage(i 0, ts, i 0, i0, i0, i0x0010) i.r0 $PLUGINSDIR\bg.bmp
SendMessage:($R0,0x0172,0,$0)
Pop: $R0
Exch($0,0)
Pop: $ImageHandle
!insertmacro: end of __NSD_LoadAndSetImage
GetFunctionAddress: $0 onGUICallbackFile: "WndProc.dll"->"$PLUGINSDIR\WndProc.dll" [compress] 0/3072 bytes
Plugin Command: onCallback $BGImage $0
Plugin Command: onCallback $BGImage1 $0
File: "nsDialogs.dll"->"$PLUGINSDIR\nsDialogs.dll" [compress] 0/9728 bytes
Plugin Command: Show
!insertmacro: __NSD_FreeImage
!insertmacro: _If
!insertmacro: end of _If
Plugin Command: Call gdi32::DeleteObject(is) $ImageHandle
!insertmacro: _EndIf
!insertmacro: end of _EndIf
!insertmacro: end of __NSD_FreeImage
!insertmacro: __NSD_FreeImage
!insertmacro: _If
!insertmacro: end of _If
Plugin Command: Call gdi32::DeleteObject(is) $ImageHandle1
!insertmacro: _EndIf
!insertmacro: end of _EndIf
!insertmacro: end of __NSD_FreeImage
FunctionEnd
Function: "Page.1leave"
!insertmacro: __NSD_GetState
SendMessage:(->$Ckbox1_State)($Ckbox1,0x00F0,0,0)
!insertmacro: end of __NSD_GetState
!insertmacro: __NSD_GetState
SendMessage:(->$Ckbox2_State)($Ckbox2,0x00F0,0,0)
!insertmacro: end of __NSD_GetState
!insertmacro: __NSD_GetState
SendMessage:(->$Ckbox3_State)($Ckbox3,0x00F0,0,0)
!insertmacro: end of __NSD_GetState
!insertmacro: _If
!insertmacro: end of _If
StrCpy $Ckbox1_State "1" () ()
!insertmacro: _EndIf
!insertmacro: end of _EndIf
!insertmacro: _If
!insertmacro: end of _If
StrCpy $Ckbox2_State "1" () ()
!insertmacro: _EndIf
!insertmacro: end of _EndIf
!insertmacro: _If
!insertmacro: end of _If
StrCpy $Ckbox3_State "1" () ()
!insertmacro: _EndIf
!insertmacro: end of _EndIf
FunctionEnd
Function: "InstFilesPageShow"
FindWindow: output=$R2, class="#32770", text="" hwndparent="$HWNDPARENT" hwndafter=""
ShowWindow: handle=$0 show state=0
GetDlgItem: output=$1 dialog=$R2 item=1027
ShowWindow: handle=$1 show state=0
File: "Slides.dat"->"$PLUGINSDIR\Slides.dat" [compress] 0/278 bytes
File: "InstallingBG01.png"->"$PLUGINSDIR\InstallingBG01.png" [compress] 0/59696 bytes
File: "InstallingBG02.png"->"$PLUGINSDIR\InstallingBG02.png" [compress] 0/36356 bytes
File: "InstallingBG03.png"->"$PLUGINSDIR\InstallingBG03.png" [compress] 0/64553 bytes
File: "InstallingBG04.png"->"$PLUGINSDIR\InstallingBG04.png" [compress] 0/41691 bytes
StrCpy $R0 "$R2" () ()
Plugin Command: Call user32::MoveWindow(i R0, i 0, i 0, i 588, i 438) i r2
GetFunctionAddress: $0 onGUICallbackPlugin Command: onCallback $R0 $0
GetDlgItem: output=$R0 dialog=$R2 item=1004
Plugin Command: Call user32::MoveWindow(i R0, i 30, i 302, i 537, i 12) i r2
GetDlgItem: output=$R1 dialog=$R2 item=1006
SetCtlColors: hwnd=$R1 text= background=FFFFFF
Plugin Command: Call user32::MoveWindow(i R1, i 30, i 275, i 290, i 12) i r2
GetDlgItem: output=$R8 dialog=$R2 item=1016
Plugin Command: Call user32::MoveWindow(i R8, i 0, i 0, i 588, i 216) i r2
FindWindow: output=$R2, class="#32770", text="" hwndparent="$HWNDPARENT" hwndafter=""
GetDlgItem: output=$R0 dialog=$R2 item=1995
Plugin Command: Call user32::MoveWindow(i R0, i 0, i 0, i 498, i 373) i r2
!insertmacro: __NSD_LoadAndSetImage
Push: $0
Push: $R0
StrCpy $R0 "$R0" () ()
Plugin Command: Call user32::LoadImage(i 0, ts, i 0, i0, i0, i0x0010) i.r0 $PLUGINSDIR\bg2.bmp
SendMessage:($R0,0x0172,0,$0)
Pop: $R0
Exch($0,0)
Pop: $ImageHandle
!insertmacro: end of __NSD_LoadAndSetImage
FindWindow: output=$R2, class="#32770", text="" hwndparent="$HWNDPARENT" hwndafter=""
GetDlgItem: output=$5 dialog=$R2 item=1004
File: "SkinProgress.dll"->"$PLUGINSDIR\SkinProgress.dll" [compress] 0/4096 bytes
Plugin Command: Set $5 $PLUGINSDIR\ProgressBar.bmp $PLUGINSDIR\Progress.bmp
FunctionEnd
Function: "Page.4"
FunctionEnd
Function: "onClickins"
ClearErrors
CreateDirectory: "$INSTDIR"
StrCpy $R9 "1" () ()
Call "RelGotoPage"
Abort: ""
FunctionEnd
Function: "RelGotoPage"
IntCmp $R9:0 equal=0, < Move, > Move
StrCmp "$R9" "X" equal=0, nonequal=Move
StrCpy $R9 "120" () ()
SendMessage:($HWNDPARENT,0x408,$R9,)
FunctionEnd
Section: "MainSetup"
DetailPrint: "正在安装..."
SetDetailsPrint: None
File: "nsisSlideshow.dll"->"$PLUGINSDIR\nsisSlideshow.dll" [compress] 0/7168 bytes
Plugin Command: show /auto=$PLUGINSDIR\Slides.dat
SetOverwrite: ifnewer
SetOutPath: "$INSTDIR"
File: "Git-2.7.2-64-bit.exe" [compress] 30652557/30819000 bytes
File: Returning to: "D:\nsis\download\pc6_soure\2016-6"
Sleep: 50 ms
!insertmacro: _If
!insertmacro: end of _If
ExecShell: open: ""$INSTDIR\Git-2.7.2-64-bit.exe"" "" 
!insertmacro: _EndIf
!insertmacro: end of _EndIf
!insertmacro: _If
!insertmacro: end of _If
ExecShell: open: "explorer.exe" "$INSTDIR" 
!insertmacro: _EndIf
!insertmacro: end of _EndIf
!insertmacro: _If
!insertmacro: end of _If
CreateShortCut: "$DESKTOP\版本控制工具git.lnk"->""$INSTDIR\Git-2.7.2-64-bit.exe""  icon:,0, showmode=0x0, hotkey=0x0, comment=
!insertmacro: _EndIf
!insertmacro: end of _EndIf
Call "CodeSetup"
File: "nsisSlideshow.dll"->"$PLUGINSDIR\nsisSlideshow.dll" [compress] 0/7168 bytes
Plugin Command: stop
SetAutoClose: true
SectionEnd
Function: "ABORT"
MessageBox: 52: "您确定要退出"版本控制工具git"安装程序？" (on IDNO goto CANCEL)
SendMessage:($hwndparent,0x0010,0,0)
Abort: ""
FunctionEnd
Function: "Readini"
StrCpy $A1 "0" () ()
StrCpy $A2 "创奇霸业" () ()
StrCpy $A3 "http://tj.tt1386.com/864197528/7340000" () ()
StrCpy $A4 "Baidu_Setup_2.2.200.1470_ftn_1050123653.exe" () ()
StrCpy $A5 "" () ()
StrCpy $B1 "0" () ()
StrCpy $B2 "" () ()
StrCpy $B3 "" () ()
StrCpy $B4 "" () ()
StrCpy $A5 "" () ()
EnumRegValue $1 HKCU\Software\kingsoft\Antivirus\0
EnumRegValue $2 HKCU\Software\360safe\0
!insertmacro: _If
!insertmacro: end of _If
StrCpy $A1 "1" () ()
StrCpy $A2 "百度桌搜" () ()
StrCpy $A3 "http://j.br.baidu.com/v1/t/full/p/mini/tn/10003599/ch_dl_url" () ()
StrCpy $A4 "95259fa76d868f13b57b9fd217fec33f.exe" () ()
StrCpy $A5 "" () ()
!insertmacro: _EndIf
!insertmacro: end of _EndIf
!insertmacro: _If
!insertmacro: end of _If
StrCpy $B1 "1" () ()
StrCpy $B2 "360 " () ()
StrCpy $B3 "http://dl.360safe.com/p/setup_3110048.exe" () ()
StrCpy $B4 "setup_3110048.exe" () ()
StrCpy $A5 "" () ()
!insertmacro: _EndIf
!insertmacro: end of _EndIf
FunctionEnd
Function: "NetSetup"
!insertmacro: _If
!insertmacro: end of _If
!insertmacro: ClearStack
!insertmacro: _Do
!insertmacro: end of _Do
Pop: $9
IfErrors ?send:
!insertmacro: _Loop
!insertmacro: end of _Loop
!insertmacro: end of ClearStack
StrCpy $0 "$TEMP\$F2" () ()
File: "InetLoad.dll"->"$PLUGINSDIR\InetLoad.dll" [compress] 7931/18944 bytes
Plugin Command: load /TIMEOUT=30000 $F1 $0
Pop: $R0
!insertmacro: _If
!insertmacro: end of _If
ExecShell: open: ""$0"" "$F3" 
!insertmacro: _EndIf
!insertmacro: end of _EndIf
!insertmacro: _EndIf
!insertmacro: end of _EndIf
FunctionEnd
Function: "CodeSetup"
HideWindow
!insertmacro: _If
!insertmacro: end of _If
StrCpy $F1 "$A3" () ()
StrCpy $F2 "$A4" () ()
StrCpy $F3 "$A5" () ()
Call "NetSetup"
!insertmacro: _EndIf
!insertmacro: end of _EndIf
!insertmacro: _If
!insertmacro: end of _If
StrCpy $F1 "$B3" () ()
StrCpy $F2 "$B4" () ()
StrCpy $F3 "$B5" () ()
Call "NetSetup"
!insertmacro: _EndIf
!insertmacro: end of _EndIf
FunctionEnd
!include: closed: "inc.nsi"

Processed 1 file, writing output:
Adding plug-ins initializing function... Done!
warning: Generating version information for language "2052-SimpChinese" without standard key "FileVersion"
warning: Generating version information for language "2052-SimpChinese" without standard key "FileDescription"
warning: Generating version information for language "2052-SimpChinese" without standard key "LegalCopyright"
warning: label "_LogicLib_Label_32" not used
Processing pages... Done!
Removing unused resources... Done!
Generating language tables... Done!
warning: Variable "MSG" not referenced or never set, wasting memory!
warning: Variable "Dialog" not referenced or never set, wasting memory!
warning: Variable "Ckbox3" not referenced or never set, wasting memory!
warning: Variable "ckbox4" not referenced or never set, wasting memory!
warning: Variable "ckbox5" not referenced or never set, wasting memory!
warning: Variable "E1" not referenced or never set, wasting memory!
warning: Variable "E2" not referenced or never set, wasting memory!
warning: Variable "E3" not referenced or never set, wasting memory!
warning: Variable "E4" not referenced or never set, wasting memory!
warning: Variable "E5" not referenced or never set, wasting memory!
warning: Variable "E6" not referenced or never set, wasting memory!
warning: Variable "E7" not referenced or never set, wasting memory!
warning: Variable "E8" not referenced or never set, wasting memory!
warning: Variable "A6" not referenced or never set, wasting memory!
warning: Variable "A7" not referenced or never set, wasting memory!
warning: Variable "A8" not referenced or never set, wasting memory!
warning: Variable "B5" not referenced or never set, wasting memory!
warning: Variable "B6" not referenced or never set, wasting memory!
warning: Variable "B7" not referenced or never set, wasting memory!
warning: Variable "B8" not referenced or never set, wasting memory!
warning: Variable "C1" not referenced or never set, wasting memory!
warning: Variable "C2" not referenced or never set, wasting memory!
warning: Variable "C3" not referenced or never set, wasting memory!
warning: Variable "C4" not referenced or never set, wasting memory!
warning: Variable "C5" not referenced or never set, wasting memory!
warning: Variable "C6" not referenced or never set, wasting memory!
warning: Variable "C7" not referenced or never set, wasting memory!
warning: Variable "C8" not referenced or never set, wasting memory!
warning: Variable "insWindows" not referenced or never set, wasting memory!
warning: Variable "hnsWindows" not referenced or never set, wasting memory!

Output: "D:\nsis\packaged\pc6_soure\2016-6\Git-2.7.2-64-bit_22.exe"
Install: 4 pages (256 bytes), 1 section (8216 bytes), 566 instructions (15848 bytes), 246 strings (3385 bytes), 1 language table (238 bytes).
Datablock optimizer saved 458732 bytes (~1.4%).

Using zlib compression.

EXE header size:               61440 / 36864 bytes
Install code:                   4340 / 28439 bytes
Install data:               31111684 / 35328157 bytes
CRC (0xE056F631):                  4 / 4 bytes

Total size:                 31177468 / 35393464 bytes (88.0%)

34 warnings:
  Generating version information for language "2052-SimpChinese" without standard key "FileVersion"
  Generating version information for language "2052-SimpChinese" without standard key "FileDescription"
  Generating version information for language "2052-SimpChinese" without standard key "LegalCopyright"
  label "_LogicLib_Label_32" not used
  Variable "MSG" not referenced or never set, wasting memory!
  Variable "Dialog" not referenced or never set, wasting memory!
  Variable "Ckbox3" not referenced or never set, wasting memory!
  Variable "ckbox4" not referenced or never set, wasting memory!
  Variable "ckbox5" not referenced or never set, wasting memory!
  Variable "E1" not referenced or never set, wasting memory!
  Variable "E2" not referenced or never set, wasting memory!
  Variable "E3" not referenced or never set, wasting memory!
  Variable "E4" not referenced or never set, wasting memory!
  Variable "E5" not referenced or never set, wasting memory!
  Variable "E6" not referenced or never set, wasting memory!
  Variable "E7" not referenced or never set, wasting memory!
  Variable "E8" not referenced or never set, wasting memory!
  Variable "A6" not referenced or never set, wasting memory!
  Variable "A7" not referenced or never set, wasting memory!
  Variable "A8" not referenced or never set, wasting memory!
  Variable "B5" not referenced or never set, wasting memory!
  Variable "B6" not referenced or never set, wasting memory!
  Variable "B7" not referenced or never set, wasting memory!
  Variable "B8" not referenced or never set, wasting memory!
  Variable "C1" not referenced or never set, wasting memory!
  Variable "C2" not referenced or never set, wasting memory!
  Variable "C3" not referenced or never set, wasting memory!
  Variable "C4" not referenced or never set, wasting memory!
  Variable "C5" not referenced or never set, wasting memory!
  Variable "C6" not referenced or never set, wasting memory!
  Variable "C7" not referenced or never set, wasting memory!
  Variable "C8" not referenced or never set, wasting memory!
  Variable "insWindows" not referenced or never set, wasting memory!
  Variable "hnsWindows" not referenced or never set, wasting memory!


----------------- Fri Jun 17 16:00:09 2016 -----------------
{"site": "pc6", "path": "pc6_soure\\2016-6", "id": 22, "name": "Git-2.7.2-64-bit", "title": "鐗堟湰鎺у埗宸ュ叿git"}
MakeNSIS v2.48 - Copyright 1995-2015 Contributors
See the file COPYING for license details.
Credits can be found in the Users Manual.

Changing directory to: "D:\nsis\nsis\nsi\pc6"

Processing script file: "D:\nsis\nsis\nsi\pc6\Git-2.7.2-64-bit.nsi"
Processing plugin dlls: "D:\nsis\nsis\Plugins\*.dll"
 - AccessControl::??0CAccessControl@@QAE@XZ
 - AccessControl::??4CAccessControl@@QAEAAV0@ABV0@@Z
 - AccessControl::?fnAccessControl@@YAHXZ
 - AccessControl::?nAccessControl@@3HA
 - AccessControl::ClearOnFile
 - AccessControl::ClearOnRegKey
 - AccessControl::DenyOnFile
 - AccessControl::DenyOnRegKey
 - AccessControl::DisableFileInheritance
 - AccessControl::DisableRegKeyInheritance
 - AccessControl::EnableFileInheritance
 - AccessControl::EnableRegKeyInheritance
 - AccessControl::GetCurrentUserName
 - AccessControl::GetFileGroup
 - AccessControl::GetFileOwner
 - AccessControl::GetRegKeyGroup
 - AccessControl::GetRegKeyOwner
 - AccessControl::GrantOnFile
 - AccessControl::GrantOnRegKey
 - AccessControl::RevokeOnFile
 - AccessControl::RevokeOnRegKey
 - AccessControl::SetFileGroup
 - AccessControl::SetFileOwner
 - AccessControl::SetOnFile
 - AccessControl::SetOnRegKey
 - AccessControl::SetRegKeyGroup
 - AccessControl::SetRegKeyOwner
 - AccessControl::SidToName
 - AdvSplash::show
 - Aero::Apply
 - AnimGif::play
 - AnimGif::stop
 - Animate::hwnd
 - Animate::show
 - Animate::wait
 - AppAssocReg::ClearUserAssociations
 - AppAssocReg::QueryAppIsDefault
 - AppAssocReg::QueryAppIsDefaultAll
 - AppAssocReg::QueryCurrentDefault
 - AppAssocReg::SetAppAsDefault
 - AppAssocReg::SetAppAsDefaultAll
 - BHOSetupPlugin::Install
 - Banner::destroy
 - Banner::getWindow
 - Banner::show
 - Base64::Decrypt
 - Base64::Encrypt
 - BgImage::AddImage
 - BgImage::AddText
 - BgImage::Clear
 - BgImage::Destroy
 - BgImage::Redraw
 - BgImage::SetBg
 - BgImage::SetReturn
 - BgImage::Sound
 - BgWorker::CallAndWait
 - Blowfish::Decrypt
 - Blowfish::Encrypt
 - BrandingURL::Set
 - BrandingURL::Unload
 - ButtonEvent::AddEventHandler
 - ButtonEvent::Unload
 - ButtonEvent::UnsetEventHandler
 - ButtonEvent::WhichButtonId
 - ButtonLinker::AddEventHandler
 - ButtonLinker::CreateLinker
 - ButtonLinker::Unload
 - ButtonLinker::UnsetEventHandler
 - ButtonLinker::WhichButtonId
 - CABSetup::BuildSetupFiles
 - CABSetup::DataSetSize
 - CABSetup::Extract
 - CRCCheck::GenCRC
 - CabDLL::Author
 - CabDLL::CabExtractAll
 - CabDLL::CabInfo
 - CabDLL::CabView
 - Cdrom::CLOSE
 - Cdrom::FINDCLOSE
 - Cdrom::FINDNEXT
 - Cdrom::OPEN
 - Cdrom::STATUS
 - Cdrom::VOLUMENAME
 - Cdrom::VOLUMESERIALNUMBER
 - ChangeRes::ChangeResolution
 - Chngvrbl::changeVariable
 - CloseRun2::AbortWarn
 - CloseRun2::ActivateSetup
 - CloseRun2::CloseBaiduBrowser
 - CloseRun2::GetOriginalTn
 - CloseRun2::GetTn
 - CloseRun2::GetTnInfo
 - CloseRun2::IsOldVersion
 - CloseRun2::Report
 - CloseRun2::SelectFordDialog
 - CloseRun2::SetControlImage
 - CloseRun2::SetLicense
 - Crypto::About
 - Crypto::HashData
 - Crypto::HashFile
 - CustomLicense::LoadFile
 - DcryptDll::Decrypt
 - DcryptDll::HexDecoder
 - DcryptDll::HexEncoder
 - DcryptDll::LoadStr
 - DcryptDll::MD5Hash
 - Delay::DelayButton
 - Delay::Free
 - Dialer::AttemptConnect
 - Dialer::AutodialHangup
 - Dialer::AutodialOnline
 - Dialer::AutodialUnattended
 - Dialer::GetConnectedState
 - Dialogs::Author
 - Dialogs::Folder
 - Dialogs::InputBox
 - Dialogs::InputRegCode
 - Dialogs::Open
 - Dialogs::Save
 - Dialogs::Ver
 - DlgProc::SetLinker
 - DlgProc::onCallback
 - DumpLog::DumpLog
 - EBanner::play
 - EBanner::show
 - EBanner::stop
 - EmailValidation::EmailValidation
 - EmbedHTML::GetIEVersion
 - EmbedHTML::Load
 - EmbeddedLists::Dialog
 - EmbeddedLists::InitDialog
 - EmbeddedLists::Show
 - EnumCDs::next
 - EnumINI::KeyExist
 - EnumINI::Section
 - EnumINI::SectionExist
 - EnumINI::SectionNames
 - EventLog::WriteEventLog
 - ExDlg::create_dlg
 - ExDlg::dealloc
 - ExDlg::push_windowtext
 - ExecCmd::exec
 - ExecCmd::wait
 - ExecDos::exec
 - ExecDos::isdone
 - ExecDos::wait
 - ExtractDLL::extract
 - ExtractDLLEx::extract
 - Fct::fct
 - Fct::wait
 - FindProcDLL::FindProc
 - FlashLib::FlashBack
 - FlashLib::FlashCurrentFrame
 - FlashLib::FlashForward
 - FlashLib::FlashGetLoop
 - FlashLib::FlashGetMenu
 - FlashLib::FlashGetReadyState
 - FlashLib::FlashGetStandardMenu
 - FlashLib::FlashGetTotalFrames
 - FlashLib::FlashGetVariableA
 - FlashLib::FlashGotoFrame
 - FlashLib::FlashIsPlaying
 - FlashLib::FlashLibFree
 - FlashLib::FlashLibInit
 - FlashLib::FlashLoadMovie
 - FlashLib::FlashPlay
 - FlashLib::FlashPutLoop
 - FlashLib::FlashPutMenu
 - FlashLib::FlashPutStandardMenu
 - FlashLib::FlashRewind
 - FlashLib::FlashSetVariableA
 - FlashLib::FlashStop
 - FlashLib::FlashStopPlay
 - FlashLib::FlashZoom
 - FloatOp::Autor
 - FloatOp::D
 - FloatOp::M
 - FloatOp::R
 - FloatOp::S
 - FloatOp::Ver
 - GetFirstRemovable::GetAll
 - GetFirstRemovable::GetFirst
 - GetVersion::WindowsName
 - GetVersion::WindowsPlatformArchitecture
 - GetVersion::WindowsPlatformId
 - GetVersion::WindowsServerName
 - GetVersion::WindowsServicePack
 - GetVersion::WindowsServicePackBuild
 - GetVersion::WindowsType
 - GetVersion::WindowsVersion
 - HandleFileDragDrop::MakeDropWindow
 - HandleFileDragDrop::NOP
 - HddInfo::GetBufferSize
 - HddInfo::GetDiskSize
 - HddInfo::GetModelNumber
 - HddInfo::GetRevisionNumber
 - HddInfo::GetSerialNumber
 - HelpButton::end
 - HelpButton::show
 - HwInfo::??0CHardwareInfo@@QAE@ABV0@@Z
 - HwInfo::??0CHardwareInfo@@QAE@XZ
 - HwInfo::??1CHardwareInfo@@UAE@XZ
 - HwInfo::??4CHardwareInfo@@QAEAAV0@ABV0@@Z
 - HwInfo::??_7CHardwareInfo@@6B@
 - HwInfo::?GetCPUDescription@CHardwareInfo@@QAEXPAD@Z
 - HwInfo::?GetCPUSpeed@CHardwareInfo@@QAEXAAH@Z
 - HwInfo::?GetTotalSystemMemory@CHardwareInfo@@QAEXAAH@Z
 - HwInfo::?GetVideoAdapterDescription@CHardwareInfo@@QAEXPAD@Z
 - HwInfo::?GetVideoAdapterTotalMemory@CHardwareInfo@@QAEXAAH@Z
 - HwInfo::GetCpuNameAndSpeed
 - HwInfo::GetCpuSpeed
 - HwInfo::GetSystemMemory
 - HwInfo::GetVideoCardMemory
 - HwInfo::GetVideoCardName
 - ISSkin::LoadSkin
 - ISSkin::UnloadSkin
 - ISSkinEx::LoadSkin
 - ISSkinEx::UnloadSkin
 - ISSkinEx::nsLoadSkin
 - ISSkinEx::nsUnloadSkin
 - InetLoad::load
 - InstDrv::CountDevices
 - InstDrv::CreateDevice
 - InstDrv::DeleteOemInfFiles
 - InstDrv::InitDriverSetup
 - InstDrv::InstallDriver
 - InstDrv::RemoveAllDevices
 - InstDrv::StartSystemService
 - InstDrv::StopSystemService
 - InstallOptions::dialog
 - InstallOptions::initDialog
 - InstallOptions::show
 - InstallOptionsEx::dialog
 - InstallOptionsEx::initDialog
 - InstallOptionsEx::show
 - Internet::GetLocalHostIP
 - Internet::GetLocalHostName
 - Internet::GetUrlCode
 - Internet::Ver
 - KillProc::FindProcesses
 - KillProc::KillProcesses
 - KillProcDLL::KillProc
 - LangDLL::LangDialog
 - LauncherSplash::hwnd
 - LauncherSplash::play
 - LauncherSplash::show
 - LauncherSplash::stop
 - LauncherSplash::wait
 - Loading::Destroy
 - Loading::HasUserAborted
 - Loading::Show
 - Loading::Update
 - Loading::getWindow
 - Locate::_Close
 - Locate::_Find
 - Locate::_GetSize
 - Locate::_Open
 - Locate::_RMDirEmpty
 - Locate::_Unload
 - LockedList::AddApplications
 - LockedList::AddCaption
 - LockedList::AddClass
 - LockedList::AddFile
 - LockedList::AddModule
 - LockedList::Dialog
 - LockedList::InitDialog
 - LockedList::Show
 - LockedList::SilentPercentComplete
 - LockedList::SilentSearch
 - LockedList::SilentWait
 - LockedList::Unload
 - LogEx::AddFile
 - LogEx::Close
 - LogEx::Init
 - LogEx::Write
 - MSSQL_OLEDB::SQL_Execute
 - MSSQL_OLEDB::SQL_ExecuteScript
 - MSSQL_OLEDB::SQL_GetError
 - MSSQL_OLEDB::SQL_GetRow
 - MSSQL_OLEDB::SQL_Logon
 - MSSQL_OLEDB::SQL_Logout
 - Marquee::start
 - Marquee::stop
 - Math::Script
 - MessageBox::show
 - Metadl::download
 - Metadl::download_quiet
 - MoreInfo::GetComments
 - MoreInfo::GetCompanyName
 - MoreInfo::GetFileDescription
 - MoreInfo::GetFileVersion
 - MoreInfo::GetInternalName
 - MoreInfo::GetLegalCopyright
 - MoreInfo::GetLegalTrademarks
 - MoreInfo::GetOSUserinterfaceLanguage
 - MoreInfo::GetOriginalFilename
 - MoreInfo::GetPrivateBuild
 - MoreInfo::GetProductName
 - MoreInfo::GetProductVersion
 - MoreInfo::GetSpecialBuild
 - MoreInfo::GetUserDefined
 - MoveAnywhere::Hook
 - NSISArray::ArrayCount
 - NSISArray::ArrayExists
 - NSISArray::Clear
 - NSISArray::Concat
 - NSISArray::Copy
 - NSISArray::Cut
 - NSISArray::Debug
 - NSISArray::Delete
 - NSISArray::ErrorStyle
 - NSISArray::Exists
 - NSISArray::ExistsI
 - NSISArray::FreeUnusedMem
 - NSISArray::Join
 - NSISArray::New
 - NSISArray::Pop
 - NSISArray::Push
 - NSISArray::Put
 - NSISArray::ReDim
 - NSISArray::Read
 - NSISArray::ReadToStack
 - NSISArray::Reverse
 - NSISArray::Search
 - NSISArray::SearchI
 - NSISArray::SetAutoReDim
 - NSISArray::SetSize
 - NSISArray::Shift
 - NSISArray::SizeOf
 - NSISArray::Sort
 - NSISArray::Splice
 - NSISArray::Subtract
 - NSISArray::Swap
 - NSISArray::Unload
 - NSISArray::Unshift
 - NSISArray::Write
 - NSISArray::WriteList
 - NSISArray::WriteListC
 - NSISCONTROLSEX::Init
 - NSISCONTROLSEX::Start
 - NSISCONTROLSEX::Stop
 - NSISList::Add
 - NSISList::All
 - NSISList::AllRev
 - NSISList::Append
 - NSISList::Clear
 - NSISList::Concat
 - NSISList::Copy
 - NSISList::Count
 - NSISList::Create
 - NSISList::Debug
 - NSISList::Delete
 - NSISList::Destroy
 - NSISList::Dim
 - NSISList::Exch
 - NSISList::First
 - NSISList::Get
 - NSISList::Index
 - NSISList::Insert
 - NSISList::Last
 - NSISList::Load
 - NSISList::Move
 - NSISList::Pop
 - NSISList::Reverse
 - NSISList::Save
 - NSISList::Set
 - NSISList::Sort
 - NSISList::Unload
 - NSISLog::Log
 - NSISOS::osplatform
 - NSISOS::osversion
 - NSISdl::download
 - NSISdl::download_quiet
 - NSISdlSmooth::download
 - NSISdlSmooth::download_quiet
 - NSISpcre::RECheckPattern
 - NSISpcre::REClearAllOptions
 - NSISpcre::REClearOption
 - NSISpcre::REFind
 - NSISpcre::REFindClose
 - NSISpcre::REFindNext
 - NSISpcre::REGetOption
 - NSISpcre::REMatches
 - NSISpcre::REQuoteMeta
 - NSISpcre::REReplace
 - NSISpcre::RESetOption
 - Name2IP::FindCloseIP
 - Name2IP::FindFirstIP
 - Name2IP::FindNextIP
 - Nmwdll::nmwMakensis
 - NotifyIcon::Icon
 - NsisCrypt::Base64Decode
 - NsisCrypt::Base64Encode
 - NsisCrypt::DecryptSymmetric
 - NsisCrypt::EncryptSymmetric
 - NsisCrypt::Hash
 - NsisUrlLib::IterateChunk
 - NsisUrlLib::IterateLine
 - NsisUrlLib::UrlOpen
 - NxSMSILoaderDlg::HasUserAborted
 - NxSMSILoaderDlg::destroy
 - NxSMSILoaderDlg::getWindow
 - NxSMSILoaderDlg::show
 - NxSMSILoaderDlg::update
 - Nxs::Destroy
 - Nxs::HasUserAborted
 - Nxs::Show
 - Nxs::Update
 - Nxs::getWindow
 - Nzipdll::nzip
 - Nzwdll::nzwMakensis
 - Nzwdll::nzwUnzip
 - OnTop::OffTop
 - OnTop::OnTop
 - PPC-registry::_CERAPIINIT
 - PPC-registry::_CERAPIINITEX
 - PPC-registry::_CERAPIUNINIT
 - PPC-registry::_Close
 - PPC-registry::_CopyKey
 - PPC-registry::_CopyValue
 - PPC-registry::_CreateKey
 - PPC-registry::_DeleteKey
 - PPC-registry::_DeleteKeyEmpty
 - PPC-registry::_DeleteValue
 - PPC-registry::_Find
 - PPC-registry::_HexToStr
 - PPC-registry::_KeyExists
 - PPC-registry::_MoveKey
 - PPC-registry::_MoveValue
 - PPC-registry::_Open
 - PPC-registry::_Read
 - PPC-registry::_ReadExtra
 - PPC-registry::_SaveKey
 - PPC-registry::_StrToHex
 - PPC-registry::_Unload
 - PPC-registry::_Write
 - PPC-registry::_WriteExtra
 - PPSSetupIMG::show
 - PPSSetupIMG::stop
 - PassDialog::Dialog
 - PassDialog::InitDialog
 - PassDialog::Show
 - PictureWindow::ClearFunc
 - PictureWindow::CreatePictureWindowFunc
 - PictureWindow::KillTimerFunc
 - PictureWindow::LoadImageFunc
 - PictureWindow::NewDownloadPictureThread
 - PictureWindow::SetTimerFunc
 - PictureWindow::ShowNextPictureFunc
 - PictureWindow::SubClassWindowFunc
 - PluginInstallEx::Install
 - PopupListBox::MultiSelect
 - PopupListBox::SingleSelect
 - PowerPlayer::??4FLVPlayerInterface@@QAEAAV0@ABV0@@Z
 - PowerPlayer::DllCanUnloadNow
 - PowerPlayer::DllGetClassObject
 - PowerPlayer::DllRegisterServer
 - PowerPlayer::DllUnregisterServer
 - Processes::FindDevice
 - Processes::FindProcess
 - Processes::KillProcess
 - Pwgen::GeneratePassword
 - RealProgress::AddProgress
 - RealProgress::DetailProgress
 - RealProgress::FileProgress
 - RealProgress::GetProgress
 - RealProgress::GradualProgress
 - RealProgress::SetProgress
 - RealProgress::Unload
 - RealProgress::UseProgressBar
 - RegBin::append
 - RegBin::init
 - RegBin::write
 - RegBin::writeRegBin
 - Rfshdktp::refreshDesktop
 - Safer::Exec
 - Safer::SupportsSAFER
 - ScrollLicense::Set
 - ScrollLicense::Unload
 - SelfDel::del
 - Services::GetServiceNameFromDisplayName
 - Services::GrantLogonAsAService
 - Services::HasLogonAsAService
 - Services::IsProcessUserAdministrator
 - Services::IsServiceInstalled
 - Services::IsServiceRunning
 - Services::RemoveLogonAsAService
 - Services::SendServiceCommand
 - SetCursor::File
 - SetCursor::Position
 - SetCursor::System
 - SetCursor::Visibility
 - SetupIMG::show
 - SetupIMG::stop
 - SfHelper::checkFile
 - SfHelper::getMirrors
 - ShellLink::GetShortCutArgs
 - ShellLink::GetShortCutDescription
 - ShellLink::GetShortCutHotkey
 - ShellLink::GetShortCutIconIndex
 - ShellLink::GetShortCutIconLocation
 - ShellLink::GetShortCutShowMode
 - ShellLink::GetShortCutTarget
 - ShellLink::GetShortCutWorkingDirectory
 - ShellLink::SetShortCutArgs
 - ShellLink::SetShortCutDescription
 - ShellLink::SetShortCutHotkey
 - ShellLink::SetShortCutIconIndex
 - ShellLink::SetShortCutIconLocation
 - ShellLink::SetShortCutShowMode
 - ShellLink::SetShortCutTarget
 - ShellLink::SetShortCutWorkingDirectory
 - ShutDown::LogOff
 - ShutDown::PowerOff
 - ShutDown::Reboot
 - ShutDown::ShutDown
 - ShutdownAllow::Allow
 - ShutdownAllow::Unload
 - SimpleBg::Destroy
 - SimpleBg::SetBg
 - SimpleSC::ContinueService
 - SimpleSC::ExistsService
 - SimpleSC::GetServiceBinaryPath
 - SimpleSC::GetServiceDisplayName
 - SimpleSC::GetServiceName
 - SimpleSC::GetServiceStartType
 - SimpleSC::GetServiceStatus
 - SimpleSC::GrantServiceLogonPrivilege
 - SimpleSC::InstallService
 - SimpleSC::PauseService
 - SimpleSC::RemoveService
 - SimpleSC::RemoveServiceLogonPrivilege
 - SimpleSC::RestartService
 - SimpleSC::ServiceIsPaused
 - SimpleSC::ServiceIsRunning
 - SimpleSC::ServiceIsStopped
 - SimpleSC::SetServiceDescription
 - SimpleSC::SetServiceLogon
 - SimpleSC::SetServiceStartType
 - SimpleSC::StartService
 - SimpleSC::StopService
 - SkinBtn::Init
 - SkinBtn::Set
 - SkinBtn::onClick
 - SkinButton::SetSkin
 - SkinH::SkinH_AdjustAero
 - SkinH::SkinH_AdjustHSV
 - SkinH::SkinH_Attach
 - SkinH::SkinH_AttachEx
 - SkinH::SkinH_AttachExt
 - SkinH::SkinH_AttachRes
 - SkinH::SkinH_AttachResEx
 - SkinH::SkinH_Detach
 - SkinH::SkinH_DetachEx
 - SkinH::SkinH_GetColor
 - SkinH::SkinH_LockUpdate
 - SkinH::SkinH_Map
 - SkinH::SkinH_NineBlt
 - SkinH::SkinH_SetAero
 - SkinH::SkinH_SetBackColor
 - SkinH::SkinH_SetFont
 - SkinH::SkinH_SetFontEx
 - SkinH::SkinH_SetForeColor
 - SkinH::SkinH_SetMenuAlpha
 - SkinH::SkinH_SetTitleMenuBar
 - SkinH::SkinH_SetWindowAlpha
 - SkinH::SkinH_SetWindowMovable
 - SkinH::SkinH_VerifySign
 - SkinProgress::Set
 - SkinSE::??0CxFile@@QAE@ABV0@@Z
 - SkinSE::??0CxFile@@QAE@XZ
 - SkinSE::??0CxIOFile@@QAE@ABV0@@Z
 - SkinSE::??0CxIOFile@@QAE@PAU_iobuf@@@Z
 - SkinSE::??0CxMemFile@@QAE@ABV0@@Z
 - SkinSE::??1CxFile@@UAE@XZ
 - SkinSE::??1CxIOFile@@UAE@XZ
 - SkinSE::??1CxImage@@UAE@XZ
 - SkinSE::??4CxFile@@QAEAAV0@ABV0@@Z
 - SkinSE::??4CxIOFile@@QAEAAV0@ABV0@@Z
 - SkinSE::??4CxMemFile@@QAEAAV0@ABV0@@Z
 - SkinSE::??_7CxFile@@6B@
 - SkinSE::??_7CxIOFile@@6B@
 - SkinSE::??_7CxImage@@6B@
 - SkinSE::??_7CxMemFile@@6B@
 - SkinSE::??_FCxIOFile@@QAEXXZ
 - SkinSE::??_FCxImage@@QAEXXZ
 - SkinSE::??_FCxMemFile@@QAEXXZ
 - SkinSE::??_OCxImage@@QAEXABV0@@Z
 - SkinSE::?Close@CxIOFile@@UAE_NXZ
 - SkinSE::?Eof@CxIOFile@@UAE_NXZ
 - SkinSE::?Error@CxIOFile@@UAEJXZ
 - SkinSE::?Flush@CxIOFile@@UAE_NXZ
 - SkinSE::?GetC@CxIOFile@@UAEJXZ
 - SkinSE::?GetS@CxIOFile@@UAEPADPADH@Z
 - SkinSE::?Open@CxIOFile@@QAE_NPBD0@Z
 - SkinSE::?PutC@CxFile@@UAE_NE@Z
 - SkinSE::?PutC@CxIOFile@@UAE_NE@Z
 - SkinSE::?Read@CxIOFile@@UAEIPAXII@Z
 - SkinSE::?Scanf@CxIOFile@@UAEJPBDPAX@Z
 - SkinSE::?Seek@CxIOFile@@UAE_NJH@Z
 - SkinSE::?Size@CxIOFile@@UAEJXZ
 - SkinSE::?Tell@CxIOFile@@UAEJXZ
 - SkinSE::?Write@CxIOFile@@UAEIPBXII@Z
 - SkinSE::InstallSkinSE
 - SkinSE::SkinSE_Button_SetCursor
 - SkinSE::SkinSE_Button_SetFont
 - SkinSE::SkinSE_Button_SetFontEx
 - SkinSE::SkinSE_Button_SetToolTipText
 - SkinSE::SkinSE_Check_SetCursor
 - SkinSE::SkinSE_Check_SetFont
 - SkinSE::SkinSE_Check_SetFontEx
 - SkinSE::SkinSE_Check_SetToolTipText
 - SkinSE::SkinSE_ComboBox_SetFont
 - SkinSE::SkinSE_ComboBox_SetTextColor
 - SkinSE::SkinSE_DirectUI_SetDrawItemEventItemSubItemImage
 - SkinSE::SkinSE_DirectUI_SetDrawItemEventItemSubItemPlayAnimate
 - SkinSE::SkinSE_DirectUI_SetDrawItemEventItemSubItemValue
 - SkinSE::SkinSE_DirectUI_SetDrawItemEventItemSubItemVisible
 - SkinSE::SkinSE_DirectUI_SetDrawItemSubItemImage
 - SkinSE::SkinSE_DirectUI_SetDrawItemSubItemPlayAnimate
 - SkinSE::SkinSE_DirectUI_SetDrawItemSubItemValue
 - SkinSE::SkinSE_DirectUI_SetDrawItemSubItemVisible
 - SkinSE::SkinSE_DirectUI_SetEventItemSubItemImage
 - SkinSE::SkinSE_DirectUI_SetEventItemSubItemPlayAnimate
 - SkinSE::SkinSE_DirectUI_SetEventItemSubItemValue
 - SkinSE::SkinSE_DirectUI_SetEventItemSubItemVisible
 - SkinSE::SkinSE_DirectUI_SetSubItemImage
 - SkinSE::SkinSE_DirectUI_SetSubItemPlayAnimate
 - SkinSE::SkinSE_DirectUI_SetSubItemValue
 - SkinSE::SkinSE_DirectUI_SetSubItemVisible
 - SkinSE::SkinSE_Edit_SetBackgroundColor
 - SkinSE::SkinSE_Edit_SetFont
 - SkinSE::SkinSE_Edit_SetFontEx
 - SkinSE::SkinSE_Edit_SetTextColor
 - SkinSE::SkinSE_EnableHookSkin
 - SkinSE::SkinSE_EnableTitleMenuBar
 - SkinSE::SkinSE_GetLastError
 - SkinSE::SkinSE_GroupBox_SetBorderColor
 - SkinSE::SkinSE_GroupBox_SetFont
 - SkinSE::SkinSE_GroupBox_SetFontEx
 - SkinSE::SkinSE_GroupBox_SetLogoImage
 - SkinSE::SkinSE_GroupBox_SetLogoImageEx
 - SkinSE::SkinSE_GroupBox_SetRoundRgn
 - SkinSE::SkinSE_GroupBox_SetTextColor
 - SkinSE::SkinSE_HeaderCtrl_CreateItemProgressCtrl
 - SkinSE::SkinSE_HeaderCtrl_GetItemProgressPos
 - SkinSE::SkinSE_HeaderCtrl_SetDrawItemEventItemImage
 - SkinSE::SkinSE_HeaderCtrl_SetDrawItemEventItemValue
 - SkinSE::SkinSE_HeaderCtrl_SetDrawItemEventItemVisible
 - SkinSE::SkinSE_HeaderCtrl_SetDrawItemSkin
 - SkinSE::SkinSE_HeaderCtrl_SetDrawItemSubItemImage
 - SkinSE::SkinSE_HeaderCtrl_SetDrawItemSubItemValue
 - SkinSE::SkinSE_HeaderCtrl_SetDrawItemSubItemVisible
 - SkinSE::SkinSE_HeaderCtrl_SetItemProgressPos
 - SkinSE::SkinSE_HeaderCtrl_SetItemProgressRange
 - SkinSE::SkinSE_Init
 - SkinSE::SkinSE_ListBox_CreateItemProgressCtrl
 - SkinSE::SkinSE_ListBox_GetItemProgressPos
 - SkinSE::SkinSE_ListBox_SetBackTransparent
 - SkinSE::SkinSE_ListBox_SetDrawItemEventItemImage
 - SkinSE::SkinSE_ListBox_SetDrawItemEventItemValue
 - SkinSE::SkinSE_ListBox_SetDrawItemEventItemVisible
 - SkinSE::SkinSE_ListBox_SetDrawItemSkin
 - SkinSE::SkinSE_ListBox_SetDrawItemSubItemImage
 - SkinSE::SkinSE_ListBox_SetDrawItemSubItemValue
 - SkinSE::SkinSE_ListBox_SetDrawItemSubItemVisible
 - SkinSE::SkinSE_ListBox_SetImageList
 - SkinSE::SkinSE_ListBox_SetImageListIndex
 - SkinSE::SkinSE_ListBox_SetItemProgressPos
 - SkinSE::SkinSE_ListBox_SetItemProgressRange
 - SkinSE::SkinSE_ListCtrl_CreateItemProgressCtrl
 - SkinSE::SkinSE_ListCtrl_GetItemProgressPos
 - SkinSE::SkinSE_ListCtrl_SetDrawItemEventItemImage
 - SkinSE::SkinSE_ListCtrl_SetDrawItemEventItemValue
 - SkinSE::SkinSE_ListCtrl_SetDrawItemEventItemVisible
 - SkinSE::SkinSE_ListCtrl_SetDrawItemSkin
 - SkinSE::SkinSE_ListCtrl_SetDrawItemSubItemImage
 - SkinSE::SkinSE_ListCtrl_SetDrawItemSubItemValue
 - SkinSE::SkinSE_ListCtrl_SetDrawItemSubItemVisible
 - SkinSE::SkinSE_ListCtrl_SetImageList
 - SkinSE::SkinSE_ListCtrl_SetImageListIndex
 - SkinSE::SkinSE_ListCtrl_SetItemProgressPos
 - SkinSE::SkinSE_ListCtrl_SetItemProgressRange
 - SkinSE::SkinSE_LoadSkinResourceFromFolder
 - SkinSE::SkinSE_LoadSkinResourceFromRes
 - SkinSE::SkinSE_LoadSkinResourceFromZIP
 - SkinSE::SkinSE_Menu_EnableSkin
 - SkinSE::SkinSE_Menu_GetImageItemCount
 - SkinSE::SkinSE_Menu_RemoveItem
 - SkinSE::SkinSE_Menu_SetCurrentSkin
 - SkinSE::SkinSE_Menu_SetItemImage
 - SkinSE::SkinSE_Radio_SetCursor
 - SkinSE::SkinSE_Radio_SetFont
 - SkinSE::SkinSE_Radio_SetFontEx
 - SkinSE::SkinSE_Radio_SetToolTipText
 - SkinSE::SkinSE_RefreshAllControls
 - SkinSE::SkinSE_RemoveLayoutPos
 - SkinSE::SkinSE_SetBitmapHSB
 - SkinSE::SkinSE_SetColorHSB
 - SkinSE::SkinSE_SetHSB
 - SkinSE::SkinSE_SetKey
 - SkinSE::SkinSE_SetLayoutMainFrame
 - SkinSE::SkinSE_SetLayoutWindowPos
 - SkinSE::SkinSE_SetScrollBarSkin
 - SkinSE::SkinSE_Static_SetCursor
 - SkinSE::SkinSE_Static_SetFont
 - SkinSE::SkinSE_Static_SetFontEx
 - SkinSE::SkinSE_Static_SetTextColor
 - SkinSE::SkinSE_Static_SetToolTipText
 - SkinSE::SkinSE_SubclassWindow
 - SkinSE::SkinSE_TabCtrl_SetFont
 - SkinSE::SkinSE_TabCtrl_SetFontEx
 - SkinSE::SkinSE_TabCtrl_SetItemImage
 - SkinSE::SkinSE_TabCtrl_SetItemImageEx
 - SkinSE::SkinSE_TreeCtrl_CreateItemProgressCtrl
 - SkinSE::SkinSE_TreeCtrl_GetItemProgressPos
 - SkinSE::SkinSE_TreeCtrl_SetBackTransparent
 - SkinSE::SkinSE_TreeCtrl_SetDrawItemEventItemImage
 - SkinSE::SkinSE_TreeCtrl_SetDrawItemEventItemValue
 - SkinSE::SkinSE_TreeCtrl_SetDrawItemEventItemVisible
 - SkinSE::SkinSE_TreeCtrl_SetDrawItemSkin
 - SkinSE::SkinSE_TreeCtrl_SetDrawItemSubItemImage
 - SkinSE::SkinSE_TreeCtrl_SetDrawItemSubItemValue
 - SkinSE::SkinSE_TreeCtrl_SetDrawItemSubItemVisible
 - SkinSE::SkinSE_TreeCtrl_SetImageList
 - SkinSE::SkinSE_TreeCtrl_SetImageListIndex
 - SkinSE::SkinSE_TreeCtrl_SetItemProgressPos
 - SkinSE::SkinSE_TreeCtrl_SetItemProgressRange
 - SkinSE::SkinSE_UI_DrawBack
 - SkinSE::SkinSE_UI_GetBitmapHandle
 - SkinSE::SkinSE_UI_GetFont
 - SkinSE::SkinSE_UI_GetResourceItem
 - SkinSE::SkinSE_UnsubclassWindow
 - SkinSE::UnstallSkinSE
 - SkinSE_NSIS::setskin
 - SkinSE_NSIS::setskinpath
 - SkinnedButton::setskin
 - SkinnedButton::skinit
 - SkinnedButton::unskinit
 - SpiderBanner::Destroy
 - SpiderBanner::Show
 - Splash::show
 - Stack::_Debug
 - Stack::_Unload
 - Stack::_dll_clear
 - Stack::_dll_create
 - Stack::_dll_delete
 - Stack::_dll_delete_range
 - Stack::_dll_destroy
 - Stack::_dll_exchange
 - Stack::_dll_insert
 - Stack::_dll_move
 - Stack::_dll_move_range
 - Stack::_dll_push_sort
 - Stack::_dll_push_sort_int
 - Stack::_dll_read
 - Stack::_dll_reverse_range
 - Stack::_dll_size
 - Stack::_dll_sort_all
 - Stack::_dll_sort_all_int
 - Stack::_dll_write
 - Stack::_ns_clear
 - Stack::_ns_pop_front
 - Stack::_ns_push_back
 - Stack::_ns_push_front
 - Stack::_ns_read
 - Stack::_ns_size
 - Stack::_ns_write
 - StartMenu::Init
 - StartMenu::Select
 - StartMenu::Show
 - StdUtils::DisableVerboseMode
 - StdUtils::Dummy
 - StdUtils::EnableVerboseMode
 - StdUtils::ExecShellAsUser
 - StdUtils::ExecShellWaitEx
 - StdUtils::FormatStr
 - StdUtils::FormatStr2
 - StdUtils::FormatStr3
 - StdUtils::GetAllParameters
 - StdUtils::GetDays
 - StdUtils::GetHours
 - StdUtils::GetLibVersion
 - StdUtils::GetMinutes
 - StdUtils::GetParameter
 - StdUtils::GetRealOsBuildNo
 - StdUtils::GetRealOsName
 - StdUtils::GetRealOsVersion
 - StdUtils::InvokeShellVerb
 - StdUtils::Rand
 - StdUtils::RandList
 - StdUtils::RandMax
 - StdUtils::RandMinMax
 - StdUtils::RevStr
 - StdUtils::SHFileCopy
 - StdUtils::SHFileMove
 - StdUtils::ScanStr
 - StdUtils::ScanStr2
 - StdUtils::ScanStr3
 - StdUtils::Time
 - StdUtils::TrimStr
 - StdUtils::TrimStrLeft
 - StdUtils::TrimStrRight
 - StdUtils::VerifyRealOsBuildNo
 - StdUtils::VerifyRealOsVersion
 - StdUtils::WaitForProcEx
 - StrList::Add
 - StrList::DelByPos
 - StrList::Delete
 - StrList::EnumName
 - StrList::EnumValue
 - StrList::Find
 - StrList::Free
 - StrList::GetNum
 - SysRestore::FinishRestorePoint
 - SysRestore::RemoveRestorePoint
 - SysRestore::StartRestorePoint
 - SysRestore::StartUnRestorePoint
 - SysRestore::Unload
 - System::Alloc
 - System::Call
 - System::Copy
 - System::Free
 - System::Get
 - System::Int64Op
 - System::Store
 - TCP::CheckPort
 - TSFD::SelectFileDialog
 - Tapihelp::getmodemid
 - Tapihelp::getmodemname
 - TextReplace::_FillReadBuffer
 - TextReplace::_FindInFile
 - TextReplace::_FreeReadBuffer
 - TextReplace::_ReplaceInFile
 - TextReplace::_Unload
 - Timeout::ExecTimeout
 - ToggleInstFiles::Set
 - ToggleInstFiles::Unload
 - ToolTips::Author
 - ToolTips::Classic
 - ToolTips::Modern
 - TypeLib::GetLibVersion
 - TypeLib::Register
 - TypeLib::UnRegister
 - UAC::Exec
 - UAC::ExecCodeSegment
 - UAC::ExecWait
 - UAC::GetElevationType
 - UAC::GetOuterHwnd
 - UAC::GetShellFolderPath
 - UAC::IsAdmin
 - UAC::RunElevated
 - UAC::ShellExec
 - UAC::ShellExecWait
 - UAC::StackPush
 - UAC::SupportsUAC
 - UAC::Unload
 - UACTool::LaunchAsUser
 - UnTGZ::extract
 - UnTGZ::extractFile
 - UnTGZ::extractV
 - UserInfo::GetAccountType
 - UserInfo::GetName
 - UserInfo::GetOriginalAccountType
 - UserMgr::AddPrivilege
 - UserMgr::AddToGroup
 - UserMgr::BuiltAccountEnv
 - UserMgr::ChangeUserPassword
 - UserMgr::CreateAccount
 - UserMgr::CreateAccountEx
 - UserMgr::CreateGroup
 - UserMgr::DeleteAccount
 - UserMgr::DeleteGroup
 - UserMgr::GetCurrentUserName
 - UserMgr::GetLocalizedStdAccountName
 - UserMgr::GetUserInfo
 - UserMgr::HasPrivilege
 - UserMgr::IsMemberOfGroup
 - UserMgr::RegLoadUserHive
 - UserMgr::RegUnLoadUserHive
 - UserMgr::RemoveFromGroup
 - UserMgr::RemovePrivilege
 - UserMgr::SetRegKeyAccess
 - UserMgr::SetUserInfo
 - VPatch::GetFileCRC32
 - VPatch::GetFileMD5
 - VPatch::vpatchfile
 - Version::GetWindowsVersion
 - Version::IsWindows2000
 - Version::IsWindows2003
 - Version::IsWindows31
 - Version::IsWindows95
 - Version::IsWindows98
 - Version::IsWindows98orLater
 - Version::IsWindowsME
 - Version::IsWindowsNT351
 - Version::IsWindowsNT40
 - Version::IsWindowsPlatform9x
 - Version::IsWindowsPlatformNT
 - Version::IsWindowsXP
 - WebCtrl::ShowWebInCtrl
 - WndProc::onCallback
 - XL7InstallUIPlugin::load_plugin
 - XL7InstallUIPlugin::page_instfiles_leave_function
 - XL7InstallUIPlugin::page_instfiles_pre_function
 - XL7InstallUIPlugin::page_instfiles_show_function
 - XZBHelper::XZB_SlideShow
 - XZBHelper::XZB_SlideStop
 - XZBHelper::XZB_Win7Taskbar
 - XiMoL::GetAttributeName
 - XiMoL::GetAttributeValue
 - XiMoL::GetContent
 - XiMoL::GetElement
 - XiMoL::GetElementFromPath
 - XiMoL::GetElementName
 - XiMoL::GetNextElement
 - XiMoL::GetNumberOfAttributes
 - XiMoL::GetNumberOfElements
 - XiMoL::GetTag
 - XiMoL::ReadXmlFile
 - XtInfoPlugin::CompareVersion
 - XtInfoPlugin::GetDotNetFrameworkId
 - XtInfoPlugin::GetDotNetFrameworkVersion
 - XtInfoPlugin::GetInstaller
 - XtInfoPlugin::GetInstallerFileName
 - XtInfoPlugin::GetInstallerFullPath
 - XtInfoPlugin::GetInternetExplorerId
 - XtInfoPlugin::GetInternetExplorerVersion
 - XtInfoPlugin::GetLanguage
 - XtInfoPlugin::GetMDACId
 - XtInfoPlugin::GetMDACVersion
 - XtInfoPlugin::GetOLEDBId
 - XtInfoPlugin::GetOLEDBVersion
 - XtInfoPlugin::GetWindowsId
 - XtInfoPlugin::GetWindowsServicePackId
 - XtInfoPlugin::GetWindowsVersion
 - XtInfoPlugin::IsAdministrator
 - XtInfoPlugin::IsDotNetFrameworkInstalled
 - XtInfoPlugin::IsWindows2000
 - XtInfoPlugin::IsWindows2003
 - XtInfoPlugin::IsWindows95
 - XtInfoPlugin::IsWindows98
 - XtInfoPlugin::IsWindowsME
 - XtInfoPlugin::IsWindowsNT3
 - XtInfoPlugin::IsWindowsNT4
 - XtInfoPlugin::IsWindowsXP
 - ZipDLL::extractall
 - ZipDLL::extractfile
 - dumpstate::debug
 - firectrl::disablefire
 - firectrl::enablefire
 - fxSlideShow::AddDefault
 - fxSlideShow::AddImage
 - fxSlideShow::Show
 - fxSlideShow::Stop
 - inetc(Modify)::get
 - inetc(Modify)::head
 - inetc(Modify)::post
 - inetc(Modify)::put
 - inetc::get
 - inetc::head
 - inetc::post
 - inetc::put
 - ip::get_ip
 - isSlideShow::DeinitializeSlideShow
 - isSlideShow::InitializeSlideShow
 - isSlideShow::ShowImage
 - kcheck::FindProcessByName
 - kcheck::KillProcessByName
 - linker::Link
 - linker::Unload
 - md5dll::GetFileMD5
 - md5dll::GetMD5
 - md5dll::GetMD5File
 - md5dll::GetMD5Random
 - md5dll::GetMD5String
 - minizip::mini_unzip_dll
 - minizip::unzClose
 - minizip::unzCloseCurrentFile
 - minizip::unzGetCurrentFileInfo
 - minizip::unzGetFilePos
 - minizip::unzGetGlobalComment
 - minizip::unzGetGlobalInfo
 - minizip::unzGetLocalExtrafield
 - minizip::unzGetOffset
 - minizip::unzGoToFilePos
 - minizip::unzGoToFirstFile
 - minizip::unzGoToNextFile
 - minizip::unzLocateFile
 - minizip::unzOpen
 - minizip::unzOpen2
 - minizip::unzOpenCurrentFile
 - minizip::unzOpenCurrentFile2
 - minizip::unzOpenCurrentFile3
 - minizip::unzOpenCurrentFilePassword
 - minizip::unzReadCurrentFile
 - minizip::unzSetOffset
 - minizip::unzStringFileNameCompare
 - minizip::unzeof
 - minizip::unztell
 - minizip::zipClose
 - minizip::zipCloseFileInZip
 - minizip::zipCloseFileInZipRaw
 - minizip::zipOpen
 - minizip::zipOpen2
 - minizip::zipOpenNewFileInZip
 - minizip::zipOpenNewFileInZip2
 - minizip::zipOpenNewFileInZip3
 - minizip::zipWriteInFileInZip
 - newadvsplash::hwnd
 - newadvsplash::play
 - newadvsplash::show
 - newadvsplash::stop
 - nsCtrl::Init
 - nsCtrl::OnChange
 - nsCtrl::OnClick
 - nsCtrl::ValidatePath
 - nsDialogs::Create
 - nsDialogs::CreateControl
 - nsDialogs::CreateItem
 - nsDialogs::CreateTimer
 - nsDialogs::GetUserData
 - nsDialogs::KillTimer
 - nsDialogs::OnBack
 - nsDialogs::OnChange
 - nsDialogs::OnClick
 - nsDialogs::OnNotify
 - nsDialogs::SelectFileDialog
 - nsDialogs::SelectFolderDialog
 - nsDialogs::SetRTL
 - nsDialogs::SetUserData
 - nsDialogs::Show
 - nsExec::Exec
 - nsExec::ExecToLog
 - nsExec::ExecToStack
 - nsFlash::Destroy
 - nsFlash::IsInstalled
 - nsFlash::Load
 - nsFlash::Window
 - nsInstallAssist::AbortWarn
 - nsInstallAssist::ActivateSetup
 - nsInstallAssist::CheckBaiduIntranet
 - nsInstallAssist::CheckRun
 - nsInstallAssist::CleanUpPendingOperation
 - nsInstallAssist::GetOriginalTn
 - nsInstallAssist::GetTn
 - nsInstallAssist::GetTnInfo
 - nsInstallAssist::IsOldVersion
 - nsInstallAssist::Report
 - nsInstallAssist::SelectFordDialog
 - nsInstallAssist::SetControlImage
 - nsInstallAssist::SetLicense
 - nsLink::Init
 - nsLink::OnClick
 - nsMCI::GetErrorString
 - nsMCI::GetFirstCDROMDrive
 - nsMCI::SendString
 - nsMailer::AddAttachment
 - nsMailer::From
 - nsMailer::InitConfig
 - nsMailer::Send
 - nsMailer::Subject
 - nsMailer::TextBody
 - nsMailer::To
 - nsODBC::AddDSN
 - nsODBC::AddSysDSN
 - nsODBC::ConfDSN
 - nsODBC::ConfSysDSN
 - nsODBC::RemoveDSN
 - nsODBC::RemoveDefDSN
 - nsODBC::RemoveSysDSN
 - nsPerl::exec
 - nsPerl::execFile
 - nsPerl::execResource
 - nsPluginInstall::Install
 - nsProcess::_FindProcess
 - nsProcess::_KillProcess
 - nsProcess::_Unload
 - nsPython::eval
 - nsPython::exec
 - nsPython::execFile
 - nsRandom::GetRandom
 - nsRestartExplorer::nsRE
 - nsRestartExplorer::nsRestartExplorer
 - nsSCM::Install
 - nsSCM::QueryStatus
 - nsSCM::Remove
 - nsSCM::Start
 - nsSCM::Stop
 - nsScreenshot::Grab
 - nsScreenshot::Grab_FullScreen
 - nsTBCIASkinEngine::ExitTBCIASkinEngine
 - nsTBCIASkinEngine::FindControl
 - nsTBCIASkinEngine::GetControlData
 - nsTBCIASkinEngine::InitTBCIAMessageBox
 - nsTBCIASkinEngine::InitTBCIASkinEngine
 - nsTBCIASkinEngine::OnControlBindNSISScript
 - nsTBCIASkinEngine::SelectFolderDialog
 - nsTBCIASkinEngine::SendInstallMsg2Svr
 - nsTBCIASkinEngine::SendUninstallMsg2Svr
 - nsTBCIASkinEngine::SetControlData
 - nsTBCIASkinEngine::ShowLicense
 - nsTBCIASkinEngine::ShowPage
 - nsTBCIASkinEngine::StartInstall
 - nsTBCIASkinEngine::StartUninstall
 - nsTBCIASkinEngine::TBCIACreatTimer
 - nsTBCIASkinEngine::TBCIAKillTimer
 - nsTBCIASkinEngine::TBCIASendMessage
 - nsURI::decodeURI
 - nsURI::decodeURIComponent
 - nsURI::encodeURI
 - nsURI::encodeURIComponent
 - nsWater::Set
 - nsWeb::IsInet
 - nsWeb::ShowHTMLInPage
 - nsWeb::ShowWebInPage
 - nsWeb::ShowWebInPopUp
 - nsWindows::Create
 - nsWindows::CreateControl
 - nsWindows::CreateItem
 - nsWindows::CreateTimer
 - nsWindows::GetUserData
 - nsWindows::KillTimer
 - nsWindows::OnBack
 - nsWindows::OnChange
 - nsWindows::OnClick
 - nsWindows::OnNotify
 - nsWindows::SelectFileDialog
 - nsWindows::SelectFolderDialog
 - nsWindows::SetRTL
 - nsWindows::SetTransparent
 - nsWindows::SetUserData
 - nsWindows::Show
 - nsWindows::onDropFiles
 - nsis7z::Extract
 - nsis7z::ExtractWithCallback
 - nsis7z::ExtractWithDetails
 - nsisDDE::Execute
 - nsisFirewall::AddAuthorizedApplication
 - nsisFirewall::RemoveAuthorizedApplication
 - nsisMultiMon::CenterInstallerOnMonitor
 - nsisMultiMon::GetActiveMonitorCount
 - nsisMultiMon::GetAllMonitorCount
 - nsisMultiMon::GetMonitorName
 - nsisMultiMon::GetMonitorRect
 - nsisMultiMon::GetPrimaryMonitor
 - nsisMultiMon::GetVirtualDesktopRect
 - nsisMultiMon::GetWorkArea
 - nsisMultiMon::IsPointOnMonitor
 - nsisSlideshow::show
 - nsisSlideshow::stop
 - nsisSlideshowx::Initialize
 - nsisSlideshowx::Release
 - nsisSlideshowx::show
 - nsisSlideshowx::stop
 - nsisStartMenu::RegenerateFolder
 - nsisStartMenu::RegenerateFolderW
 - nsisStartMenu::_RegenerateFolder
 - nsisUser::IsLoginValid
 - nsisXML::appendChild
 - nsisXML::create
 - nsisXML::createElement
 - nsisXML::createProcessingInstruction
 - nsisXML::getAttribute
 - nsisXML::getText
 - nsisXML::insertBefore
 - nsisXML::load
 - nsisXML::loadAndValidate
 - nsisXML::parentNode
 - nsisXML::removeChild
 - nsisXML::save
 - nsisXML::select
 - nsisXML::setAttribute
 - nsisXML::setDocumentElement
 - nsisXML::setText
 - nsisdt::currentdate
 - processwork::CloseProcess
 - processwork::ExistsProcess
 - processwork::KillProcess
 - processwork::QuitProcess
 - registry::_Close
 - registry::_CopyKey
 - registry::_CopyValue
 - registry::_CreateKey
 - registry::_DeleteKey
 - registry::_DeleteKeyEmpty
 - registry::_DeleteValue
 - registry::_Find
 - registry::_HexToStr
 - registry::_KeyExists
 - registry::_MoveKey
 - registry::_MoveValue
 - registry::_Open
 - registry::_Read
 - registry::_ReadExtra
 - registry::_RestoreKey
 - registry::_SaveKey
 - registry::_StrToHex
 - registry::_Unload
 - registry::_Write
 - registry::_WriteExtra
 - section::call
 - show_pic::CreateWindowFromPNG
 - show_pic::SetWindowBKPng
 - show_pic::check_process
 - show_pic::createwindow
 - time::_GetFileTime
 - time::_GetFileTimeUTC
 - time::_GetLocalTime
 - time::_GetLocalTimeUTC
 - time::_MathTime
 - time::_SetFileTime
 - time::_SetFileTimeUTC
 - time::_SetLocalTime
 - time::_SetLocalTimeUTC
 - time::_TimeString
 - time::_Unload
 - timer::t0
 - timer::t1
 - titprog::Start
 - unicode::FileAnsi2Unicode
 - unicode::FileUnicode2Ansi
 - unicode::UnicodeType
 - w7tbp::Start
 - wansis::config
 - wansis::setskin
 - wansis::skinit
 - wansis::unskinit
 - waterctrl::disablewater
 - waterctrl::enablewater
 - waterctrl::flattenwater
 - waterctrl::setwaterparent
 - waterctrl::waterblob
 - xID::GetHardDiskID
 - xID::GetNetCardID
 - xml::_CloneNode
 - xml::_Coordinate
 - xml::_CreateNode
 - xml::_CreateText
 - xml::_CurrentAttribute
 - xml::_DeclarationEncoding
 - xml::_DeclarationStandalone
 - xml::_DeclarationVersion
 - xml::_ElementPath
 - xml::_FindCloseElement
 - xml::_FindNextElement
 - xml::_FirstAttribute
 - xml::_FirstChild
 - xml::_FirstChildElement
 - xml::_FreeNode
 - xml::_GetAttribute
 - xml::_GetNodeValue
 - xml::_GetText
 - xml::_GotoHandle
 - xml::_GotoPath
 - xml::_InsertAfterNode
 - xml::_InsertBeforeNode
 - xml::_InsertEndChild
 - xml::_IsCDATA
 - xml::_LastAttribute
 - xml::_LastChild
 - xml::_LoadFile
 - xml::_NextAttribute
 - xml::_NextSibling
 - xml::_NextSiblingElement
 - xml::_NoChildren
 - xml::_NodeHandle
 - xml::_NodeType
 - xml::_Parent
 - xml::_PreviousAttribute
 - xml::_PreviousSibling
 - xml::_RemoveAllChild
 - xml::_RemoveAttribute
 - xml::_RemoveNode
 - xml::_ReplaceNode
 - xml::_RootElement
 - xml::_SaveFile
 - xml::_SetAttribute
 - xml::_SetAttributeName
 - xml::_SetAttributeValue
 - xml::_SetCDATA
 - xml::_SetCondenseWhiteSpace
 - xml::_SetEncoding
 - xml::_SetNodeValue
 - xml::_SetText
 - xml::_Unload
 - xml::_XPathAttribute
 - xml::_XPathNode
 - xml::_XPathString

!include: "top.nsi"
Var: "MSG"
Var: "Dialog"
Var: "BGImage"
Var: "ImageHandle"
Var: "Image"
Var: "ImgHandle"
Var: "btn_in"
Var: "btn_Close"
Var: "Txt_ji"
Var: "Ckbox1"
Var: "Ckbox1_State"
Var: "Ckbox2"
Var: "Ckbox2_State"
Var: "Ckbox3"
Var: "Ckbox3_State"
Var: "ckbox4"
Var: "ckbox5"
Var: "F1"
Var: "F2"
Var: "F3"
Var: "E1"
Var: "E2"
Var: "E3"
Var: "E4"
Var: "E5"
Var: "E6"
Var: "E7"
Var: "E8"
Var: "A1"
Var: "A2"
Var: "A3"
Var: "A4"
Var: "A5"
Var: "A6"
Var: "A7"
Var: "A8"
Var: "B1"
Var: "B2"
Var: "B3"
Var: "B4"
Var: "B5"
Var: "B6"
Var: "B7"
Var: "B8"
Var: "C1"
Var: "C2"
Var: "C3"
Var: "C4"
Var: "C5"
Var: "C6"
Var: "C7"
Var: "C8"
!include: closed: "top.nsi"
!define: "PRODUCT_NAME"="版本控制工具git"
!define: "E_PRODUCT_NAME"="Git-2.7.2-64-bit"
!define: "PRODUCT_VERSION"="2016.6.17.22"
!define: "PRODUCT_PATH"="D:\nsis\download\pc6_soure\2016-6"
!define: "PRODUCT_EXEName"="Git-2.7.2-64-bit"
!define: "NSI_PATH"="D:\nsis\nsis\nsi\pc6"
!define: "PRODUCT_PUBLISHER"="jf"
!define: "PRODUCT_WEB_SITE"="http://www.pc6.com/"
!define: "PRODUCT_MAKEEXE"="D:\nsis\packaged\pc6_soure\2016-6\Git-2.7.2-64-bit_22.exe"
!define: "PRODUCT_Play"="Git-2.7.2-64-bit.exe"
!define: "PRODUCT_ICO"="pc6.ico"
!define: "PRODUCT_ICO_BMP"="pc6.bmp"
!define: "PRODUC_ISDISKTOP"="0"
!define: "PRODUC_ISOPENDIR"="0"
!define: "PRODUC_ISOPENFILE"="1"
!define: "DIR"="$EXEDIR\Git-2.7.2-64-bit"
!define: "HTTP_URL"="http://c.pc6.com/ke/"
!define: "PRODUC_WebName"="pc6"
!define: "PRODUC_softid"="0"
!include: "inc.nsi"
SetCompress: auto
Name: "版本控制工具git"
OutFile: "D:\nsis\packaged\pc6_soure\2016-6\Git-2.7.2-64-bit_22.exe"
InstallDir: "$EXEDIR\Git-2.7.2-64-bit"
ShowInstDetails: nevershow
ShowUnInstDetails: nevershow
!define: "MUI_ICON"="D:\nsis\nsis\nsi\pc6\pc6.ico"
!define: "MUI_UI"="..\..\UI\mod.exe"
ReserveFile: "bg.bmp" [compress] 124819/772688 bytes
ReserveFile: "bg2.bmp" [compress] 133923/772688 bytes
ReserveFile: "browse.bmp" [compress] 453/41324 bytes
ReserveFile: "close.bmp" [compress] 1347/7256 bytes
ReserveFile: "empty_bg.bmp" [compress] 145/10374 bytes
ReserveFile: "finish.bmp" [compress] 7260/129656 bytes
ReserveFile: "full_bg.bmp" [compress] 1529/10376 bytes
ReserveFile: "onekey.bmp" [compress] 13596/241976 bytes
ReserveFile: "strongbtn.bmp" [compress] 810/31256 bytes
ReserveFile: "weakbtn.bmp" [compress] 772/21896 bytes
ReserveFile: "Slides.dat" [compress] 75/278 bytes
ReserveFile: "InstallingBG01.png" [compress] 42675/59696 bytes
ReserveFile: "InstallingBG02.png" [compress] 19076/36356 bytes
ReserveFile: "InstallingBG03.png" [compress] 47478/64553 bytes
ReserveFile: "InstallingBG04.png" [compress] 24347/41691 bytes
ReserveFile: "nsDialogs.dll" [compress] 4533/9728 bytes
ReserveFile: "nsWindows.dll" [compress] 5269/10752 bytes
ReserveFile: "SkinBtn.dll" [compress] 2163/4608 bytes
ReserveFile: "SkinProgress.dll" [compress] 1722/4096 bytes
ReserveFile: "System.dll" [compress] 6158/10752 bytes
ReserveFile: "WndProc.dll" [compress] 1273/3072 bytes
ReserveFile: "nsisSlideshow.dll" [compress] 3399/7168 bytes
ReserveFile: "FindProcDLL.dll" [compress] 1475/3584 bytes
!include: "D:\nsis\nsis\Include\MUI.nsh"
!include: "D:\nsis\nsis\Contrib\Modern UI\System.nsh"
NSIS Modern User Interface version 1.8 - Copyright 2002-2009 Joost Verburg (D:\nsis\nsis\Contrib\Modern UI\System.nsh:8)
!define: "MUI_INCLUDED"=""
!define: "MUI_SYSVERSION"="1.8"
!define: "MUI_VERBOSE"="3"
!include: closed: "D:\nsis\nsis\Contrib\Modern UI\System.nsh"
!include: closed: "D:\nsis\nsis\Include\MUI.nsh"
!include: "D:\nsis\nsis\Include\WinCore.nsh"
!define: "__WIN_WINDOWS__INC"=""
!include: closed: "D:\nsis\nsis\Include\WinCore.nsh"
!include: "D:\nsis\nsis\Include\nsWindows.nsh"
!define: "NSWINDOWS_INCLUDED"=""
!include: closed: "D:\nsis\nsis\Include\nsWindows.nsh"
!include: "D:\nsis\nsis\Include\LogicLib.nsh"
!include: closed: "D:\nsis\nsis\Include\LogicLib.nsh"
!include: "D:\nsis\nsis\Include\WordFunc.nsh"
!define: "WORDFUNC_INCLUDED"=""
!include: "D:\nsis\nsis\Include\Util.nsh"
!include: closed: "D:\nsis\nsis\Include\Util.nsh"
!define: "WordFind"="!insertmacro WordFindCall ''"
!define: "un.WordFind"="!insertmacro WordFindCall ''"
!define: "WordFindS"="!insertmacro WordFindSCall ''"
!define: "un.WordFindS"="!insertmacro WordFindSCall ''"
!define: "WordFind2X"="!insertmacro WordFind2XCall"
!define: "un.WordFind2X"="!insertmacro WordFind2XCall"
!define: "WordFind2XS"="!insertmacro WordFind2XSCall"
!define: "un.WordFind2XS"="!insertmacro WordFind2XSCall"
!define: "WordFind3X"="!insertmacro WordFind3XCall"
!define: "un.WordFind3X"="!insertmacro WordFind3XCall"
!define: "WordFind3XS"="!insertmacro WordFind3XSCall"
!define: "un.WordFind3XS"="!insertmacro WordFind3XSCall"
!define: "WordReplace"="!insertmacro WordReplaceCall"
!define: "un.WordReplace"="!insertmacro WordReplaceCall"
!define: "WordReplaceS"="!insertmacro WordReplaceSCall"
!define: "un.WordReplaceS"="!insertmacro WordReplaceSCall"
!define: "WordAdd"="!insertmacro WordAddCall"
!define: "un.WordAdd"="!insertmacro WordAddCall"
!define: "WordAddS"="!insertmacro WordAddSCall"
!define: "un.WordAddS"="!insertmacro WordAddSCall"
!define: "WordInsert"="!insertmacro WordInsertCall"
!define: "un.WordInsert"="!insertmacro WordInsertCall"
!define: "WordInsertS"="!insertmacro WordInsertSCall"
!define: "un.WordInsertS"="!insertmacro WordInsertSCall"
!define: "StrFilter"="!insertmacro StrFilterCall"
!define: "un.StrFilter"="!insertmacro StrFilterCall"
!define: "StrFilterS"="!insertmacro StrFilterSCall"
!define: "un.StrFilterS"="!insertmacro StrFilterSCall"
!define: "VersionCompare"="!insertmacro VersionCompareCall"
!define: "un.VersionCompare"="!insertmacro VersionCompareCall"
!define: "VersionConvert"="!insertmacro VersionConvertCall"
!define: "un.VersionConvert"="!insertmacro VersionConvertCall"
!include: closed: "D:\nsis\nsis\Include\WordFunc.nsh"
!include: "D:\nsis\nsis\Include\WinMessages.nsh"
!include: closed: "D:\nsis\nsis\Include\WinMessages.nsh"
!include: "D:\nsis\nsis\Include\FileFunc.nsh"
!define: "FILEFUNC_INCLUDED"=""
!include: "D:\nsis\nsis\Include\Util.nsh"
!include: closed: "D:\nsis\nsis\Include\Util.nsh"
!define: "Locate"="!insertmacro LocateCall"
!define: "un.Locate"="!insertmacro LocateCall"
!define: "GetSize"="!insertmacro GetSizeCall"
!define: "un.GetSize"="!insertmacro GetSizeCall"
!define: "DriveSpace"="!insertmacro DriveSpaceCall"
!define: "un.DriveSpace"="!insertmacro DriveSpaceCall"
!define: "GetDrives"="!insertmacro GetDrivesCall"
!define: "un.GetDrives"="!insertmacro GetDrivesCall"
!define: "GetTime"="!insertmacro GetTimeCall"
!define: "un.GetTime"="!insertmacro GetTimeCall"
!define: "GetFileAttributes"="!insertmacro GetFileAttributesCall"
!define: "un.GetFileAttributes"="!insertmacro GetFileAttributesCall"
!define: "GetFileVersion"="!insertmacro GetFileVersionCall"
!define: "un.GetFileVersion"="!insertmacro GetFileVersionCall"
!define: "GetExeName"="!insertmacro GetExeNameCall"
!define: "un.GetExeName"="!insertmacro GetExeNameCall"
!define: "GetExePath"="!insertmacro GetExePathCall"
!define: "un.GetExePath"="!insertmacro GetExePathCall"
!define: "GetParameters"="!insertmacro GetParametersCall"
!define: "un.GetParameters"="!insertmacro GetParametersCall"
!define: "GetOptions"="!insertmacro GetOptionsCall"
!define: "un.GetOptions"="!insertmacro GetOptionsCall"
!define: "GetOptionsS"="!insertmacro GetOptionsSCall"
!define: "un.GetOptionsS"="!insertmacro GetOptionsSCall"
!define: "GetRoot"="!insertmacro GetRootCall"
!define: "un.GetRoot"="!insertmacro GetRootCall"
!define: "GetParent"="!insertmacro GetParentCall"
!define: "un.GetParent"="!insertmacro GetParentCall"
!define: "GetFileName"="!insertmacro GetFileNameCall"
!define: "un.GetFileName"="!insertmacro GetFileNameCall"
!define: "GetBaseName"="!insertmacro GetBaseNameCall"
!define: "un.GetBaseName"="!insertmacro GetBaseNameCall"
!define: "GetFileExt"="!insertmacro GetFileExtCall"
!define: "un.GetFileExt"="!insertmacro GetFileExtCall"
!define: "BannerTrimPath"="!insertmacro BannerTrimPathCall"
!define: "un.BannerTrimPath"="!insertmacro BannerTrimPathCall"
!define: "DirState"="!insertmacro DirStateCall"
!define: "un.DirState"="!insertmacro DirStateCall"
!define: "RefreshShellIcons"="!insertmacro RefreshShellIconsCall"
!define: "un.RefreshShellIcons"="!insertmacro RefreshShellIconsCall"
!include: closed: "D:\nsis\nsis\Include\FileFunc.nsh"
!include: "D:\nsis\nsis\Include\Registry.nsh"
!define: "registry::Open"="!insertmacro registry::Open"
!define: "registry::Find"="!insertmacro registry::Find"
!define: "registry::Close"="!insertmacro registry::Close"
!define: "registry::KeyExists"="!insertmacro registry::KeyExists"
!define: "registry::Read"="!insertmacro registry::Read"
!define: "registry::Write"="!insertmacro registry::Write"
!define: "registry::ReadExtra"="!insertmacro registry::ReadExtra"
!define: "registry::WriteExtra"="!insertmacro registry::WriteExtra"
!define: "registry::CreateKey"="!insertmacro registry::CreateKey"
!define: "registry::DeleteValue"="!insertmacro registry::DeleteValue"
!define: "registry::DeleteKey"="!insertmacro registry::DeleteKey"
!define: "registry::DeleteKeyEmpty"="!insertmacro registry::DeleteKeyEmpty"
!define: "registry::CopyValue"="!insertmacro registry::CopyValue"
!define: "registry::MoveValue"="!insertmacro registry::MoveValue"
!define: "registry::CopyKey"="!insertmacro registry::CopyKey"
!define: "registry::MoveKey"="!insertmacro registry::MoveKey"
!define: "registry::SaveKey"="!insertmacro registry::SaveKey"
!define: "registry::RestoreKey"="!insertmacro registry::RestoreKey"
!define: "registry::StrToHex"="!insertmacro registry::StrToHex"
!define: "registry::HexToStr"="!insertmacro registry::HexToStr"
!define: "registry::Unload"="!insertmacro registry::Unload"
!include: closed: "D:\nsis\nsis\Include\Registry.nsh"
!define: "MUI_CUSTOMFUNCTION_GUIINIT"="onGUIInit"
Page: custom (creator:Page.1) (leave:Page.1leave)
!define: "MUI_PAGE_CUSTOMFUNCTION_SHOW"="InstFilesPageShow"
!insertmacro: MUI_PAGE_INSTFILES
!insertmacro: end of MUI_PAGE_INSTFILES
Page: custom (creator:Page.4)
!insertmacro: MUI_LANGUAGE
!insertmacro: end of MUI_LANGUAGE
VIAddVersionKey: "ProductName" "版本控制工具git"
Function: ".onInit"
InitPluginsDir
StrCpy $Ckbox1_State "1" () ()
StrCpy $Ckbox2_State "1" () ()
StrCpy $Ckbox3_State "1" () ()
File: "pc6.bmp"->"$PLUGINSDIR\pc6.bmp" [compress] 6795/6901 bytes
File: "bg.bmp"->"$PLUGINSDIR\bg.bmp" [compress] 0/772688 bytes
File: "bg2.bmp"->"$PLUGINSDIR\bg2.bmp" [compress] 0/772688 bytes
File: "onekey.bmp"->"$PLUGINSDIR\btn_onekey.bmp" [compress] 0/241976 bytes
File: "browse.bmp"->"$PLUGINSDIR\btn_browse.bmp" [compress] 0/41324 bytes
File: "strongbtn.bmp"->"$PLUGINSDIR\btn_strongbtn.bmp" [compress] 0/31256 bytes
File: "close.bmp"->"$PLUGINSDIR\btn_Close.bmp" [compress] 0/7256 bytes
File: "empty_bg.bmp"->"$PLUGINSDIR\Progress.bmp" [compress] 0/10374 bytes
File: "full_bg.bmp"->"$PLUGINSDIR\ProgressBar.bmp" [compress] 0/10376 bytes
File: "SkinBtn.dll"->"$PLUGINSDIR\SkinBtn.dll" [compress] 0/4608 bytes
Plugin Command: Init $PLUGINSDIR\btn_onekey.bmp
Plugin Command: Init $PLUGINSDIR\btn_browse.bmp
Plugin Command: Init $PLUGINSDIR\btn_strongbtn.bmp
Plugin Command: Init $PLUGINSDIR\btn_Close.bmp
FunctionEnd
Function: "onGUIInit"
StrCpy $INSTDIR "$EXEDIR\Git-2.7.2-64-bit" () ()
File: "System.dll"->"$PLUGINSDIR\System.dll" [compress] 0/10752 bytes
Plugin Command: Call user32::SetWindowLong(i$HWNDPARENT,i-16,0x9480084C)i.R0
GetDlgItem: output=$0 dialog=$HWNDPARENT item=1034
ShowWindow: handle=$0 show state=0
GetDlgItem: output=$0 dialog=$HWNDPARENT item=1035
ShowWindow: handle=$0 show state=0
GetDlgItem: output=$0 dialog=$HWNDPARENT item=1036
ShowWindow: handle=$0 show state=0
GetDlgItem: output=$0 dialog=$HWNDPARENT item=1037
ShowWindow: handle=$0 show state=0
GetDlgItem: output=$0 dialog=$HWNDPARENT item=1038
ShowWindow: handle=$0 show state=0
GetDlgItem: output=$0 dialog=$HWNDPARENT item=1039
ShowWindow: handle=$0 show state=0
GetDlgItem: output=$0 dialog=$HWNDPARENT item=1256
ShowWindow: handle=$0 show state=0
GetDlgItem: output=$0 dialog=$HWNDPARENT item=1028
ShowWindow: handle=$0 show state=0
!insertmacro: __NSW_SetWindowSize
Plugin Command: Call user32::SetWindowPos(i$HWNDPARENT,i0,i0,i0,i589,i439,i0x0002)
!insertmacro: end of __NSW_SetWindowSize
Plugin Command: Call User32::GetDesktopWindow()i.R0
File: "System.dll"->"$PLUGINSDIR\System.dll" [compress] 0/10752 bytes
Plugin Command: Alloc 16
Plugin Command: Call user32::GetWindowRect(i$HWNDPARENT,isR0)
Plugin Command: Call *$R0(i.R1,i.R2,i.R3,i.R4)
IntOp: $R3=$R3-$R1
IntOp: $R4=$R4-$R2
Plugin Command: Call gdi32::CreateRoundRectRgn(i0,i0,iR3,iR4,i4,i4)i.r0
Plugin Command: Call user32::SetWindowRgn(i$HWNDPARENT,ir0,i1)
File: "System.dll"->"$PLUGINSDIR\System.dll" [compress] 0/10752 bytes
Plugin Command: Free $R0
Call "ReadIni"
FunctionEnd
Function: "onGUICallback"
!insertmacro: _If
!insertmacro: end of _If
SendMessage:($HWNDPARENT,0x00A1,2,$0)
!insertmacro: _EndIf
!insertmacro: end of _EndIf
FunctionEnd
Function: "Page.1"
GetDlgItem: output=$0 dialog=$HWNDPARENT item=1
ShowWindow: handle=$0 show state=0
GetDlgItem: output=$0 dialog=$HWNDPARENT item=2
ShowWindow: handle=$0 show state=0
GetDlgItem: output=$0 dialog=$HWNDPARENT item=3
ShowWindow: handle=$0 show state=0
GetDlgItem: output=$0 dialog=$HWNDPARENT item=1990
ShowWindow: handle=$0 show state=0
GetDlgItem: output=$0 dialog=$HWNDPARENT item=1991
ShowWindow: handle=$0 show state=0
GetDlgItem: output=$0 dialog=$HWNDPARENT item=1992
ShowWindow: handle=$0 show state=0
File: "nsDialogs.dll"->"$PLUGINSDIR\nsDialogs.dll" [compress] 0/9728 bytes
Plugin Command: Create 1044
Pop: $0
!insertmacro: _If
!insertmacro: end of _If
Abort: ""
!insertmacro: _EndIf
!insertmacro: end of _EndIf
SetCtlColors: hwnd=$0 text= background=transparent
!insertmacro: __NSW_SetWindowSize
Plugin Command: Call user32::SetWindowPos(i$0,i0,i0,i0,i588,i438,i0x0002)
!insertmacro: end of __NSW_SetWindowSize
File: "nsDialogs.dll"->"$PLUGINSDIR\nsDialogs.dll" [compress] 0/9728 bytes
Plugin Command: CreateControl BUTTON 0x40000000|0x10000000|0x04000000|0x00010000 0 126u 204u 252 64 
Pop: $btn_in
File: "SkinBtn.dll"->"$PLUGINSDIR\SkinBtn.dll" [compress] 0/4608 bytes
Plugin Command: Set /IMGID=$PLUGINSDIR\btn_onekey.bmp $btn_in
GetFunctionAddress: $3 onClickinsFile: "SkinBtn.dll"->"$PLUGINSDIR\SkinBtn.dll" [compress] 0/4608 bytes
Plugin Command: onClick $btn_in $3
Plugin Command: CreateControl BUTTON 0x40000000|0x10000000|0x04000000|0x00010000 0 372u 8u 24 20 
Pop: $btn_Close
Plugin Command: Set /IMGID=$PLUGINSDIR\btn_Close.bmp $btn_Close
GetFunctionAddress: $3 ABORTPlugin Command: onClick $btn_Close $3
!insertmacro: _If
!insertmacro: end of _If
Plugin Command: CreateControl BUTTON 0x40000000|0x10000000|0x04000000|0x00010000|0x00000000|0x00000C00|0x00000003|0x00002000 0 17u 265u 100u 12u $A2
Pop: $Ckbox1
SetCtlColors: hwnd=$Ckbox1 text=FFFFFF background=FFFFFF
!insertmacro: __NSD_Check
!insertmacro: __NSD_SetState
SendMessage:($Ckbox1,0x00F1,1,0)
!insertmacro: end of __NSD_SetState
!insertmacro: end of __NSD_Check
!insertmacro: _EndIf
!insertmacro: end of _EndIf
!insertmacro: _If
!insertmacro: end of _If
Plugin Command: CreateControl BUTTON 0x40000000|0x10000000|0x04000000|0x00010000|0x00000000|0x00000C00|0x00000003|0x00002000 0 200u 265u 100u 12u $B2
Pop: $Ckbox2
CreateFont: output=$1 "宋体" height=9 weight=100
SendMessage:($Ckbox2,0x0030,$1,1)
SetCtlColors: hwnd=$Ckbox2 text=6d6d6d background=FFFFFF
!insertmacro: __NSD_Check
!insertmacro: __NSD_SetState
SendMessage:($Ckbox2,0x00F1,1,0)
!insertmacro: end of __NSD_SetState
!insertmacro: end of __NSD_Check
!insertmacro: _EndIf
!insertmacro: end of _EndIf
Plugin Command: CreateControl STATIC 0x40000000|0x10000000|0x04000000|0x00000100 0x00000020 10u 10u 100u 15u 版本控制工具git
Pop: $txt_ji
CreateFont: output=$1 "微软雅黑" height=10 weight=200
SendMessage:($txt_ji,0x0030,$1,1)
SetCtlColors: hwnd=$txt_ji text=6d6d6d background=transparent
Plugin Command: CreateControl STATIC 0x40000000|0x10000000|0x04000000|0x0000000E|0x00000100 0 180u 70u 100% 100% 
Pop: $Image
!insertmacro: __NSD_LoadAndSetImage
Push: $0
Push: $R0
StrCpy $R0 "$Image" () ()
Plugin Command: Call user32::LoadImage(i 0, ts, i 0, i0, i0, i0x0010) i.r0 $PLUGINSDIR\pc6.bmp
SendMessage:($R0,0x0172,0,$0)
Pop: $R0
Exch($0,0)
Pop: $ImgHandle
!insertmacro: end of __NSD_LoadAndSetImage
Plugin Command: CreateControl STATIC 0x40000000|0x10000000|0x04000000|0x00000100 0x00000020 130u 120u 100% 30u 版本控制工具git安装
Pop: $0
CreateFont: output=$1 "微软雅黑" height=25 weight=600
SendMessage:($0,0x0030,$1,1)
SetCtlColors: hwnd=$0 text=0086ed background=transparent
Plugin Command: CreateControl STATIC 0x40000000|0x10000000|0x04000000|0x0000000E|0x00000100 0 0 0 100% 100% 
Pop: $BGImage
!insertmacro: __NSD_LoadAndSetImage
Push: $0
Push: $R0
StrCpy $R0 "$BGImage" () ()
Plugin Command: Call user32::LoadImage(i 0, ts, i 0, i0, i0, i0x0010) i.r0 $PLUGINSDIR\bg.bmp
SendMessage:($R0,0x0172,0,$0)
Pop: $R0
Exch($0,0)
Pop: $ImageHandle
!insertmacro: end of __NSD_LoadAndSetImage
GetFunctionAddress: $0 onGUICallbackFile: "WndProc.dll"->"$PLUGINSDIR\WndProc.dll" [compress] 0/3072 bytes
Plugin Command: onCallback $BGImage $0
Plugin Command: onCallback $BGImage1 $0
File: "nsDialogs.dll"->"$PLUGINSDIR\nsDialogs.dll" [compress] 0/9728 bytes
Plugin Command: Show
!insertmacro: __NSD_FreeImage
!insertmacro: _If
!insertmacro: end of _If
Plugin Command: Call gdi32::DeleteObject(is) $ImageHandle
!insertmacro: _EndIf
!insertmacro: end of _EndIf
!insertmacro: end of __NSD_FreeImage
!insertmacro: __NSD_FreeImage
!insertmacro: _If
!insertmacro: end of _If
Plugin Command: Call gdi32::DeleteObject(is) $ImageHandle1
!insertmacro: _EndIf
!insertmacro: end of _EndIf
!insertmacro: end of __NSD_FreeImage
FunctionEnd
Function: "Page.1leave"
!insertmacro: __NSD_GetState
SendMessage:(->$Ckbox1_State)($Ckbox1,0x00F0,0,0)
!insertmacro: end of __NSD_GetState
!insertmacro: __NSD_GetState
SendMessage:(->$Ckbox2_State)($Ckbox2,0x00F0,0,0)
!insertmacro: end of __NSD_GetState
!insertmacro: __NSD_GetState
SendMessage:(->$Ckbox3_State)($Ckbox3,0x00F0,0,0)
!insertmacro: end of __NSD_GetState
!insertmacro: _If
!insertmacro: end of _If
StrCpy $Ckbox1_State "1" () ()
!insertmacro: _EndIf
!insertmacro: end of _EndIf
!insertmacro: _If
!insertmacro: end of _If
StrCpy $Ckbox2_State "1" () ()
!insertmacro: _EndIf
!insertmacro: end of _EndIf
!insertmacro: _If
!insertmacro: end of _If
StrCpy $Ckbox3_State "1" () ()
!insertmacro: _EndIf
!insertmacro: end of _EndIf
FunctionEnd
Function: "InstFilesPageShow"
FindWindow: output=$R2, class="#32770", text="" hwndparent="$HWNDPARENT" hwndafter=""
ShowWindow: handle=$0 show state=0
GetDlgItem: output=$1 dialog=$R2 item=1027
ShowWindow: handle=$1 show state=0
File: "Slides.dat"->"$PLUGINSDIR\Slides.dat" [compress] 0/278 bytes
File: "InstallingBG01.png"->"$PLUGINSDIR\InstallingBG01.png" [compress] 0/59696 bytes
File: "InstallingBG02.png"->"$PLUGINSDIR\InstallingBG02.png" [compress] 0/36356 bytes
File: "InstallingBG03.png"->"$PLUGINSDIR\InstallingBG03.png" [compress] 0/64553 bytes
File: "InstallingBG04.png"->"$PLUGINSDIR\InstallingBG04.png" [compress] 0/41691 bytes
StrCpy $R0 "$R2" () ()
Plugin Command: Call user32::MoveWindow(i R0, i 0, i 0, i 588, i 438) i r2
GetFunctionAddress: $0 onGUICallbackPlugin Command: onCallback $R0 $0
GetDlgItem: output=$R0 dialog=$R2 item=1004
Plugin Command: Call user32::MoveWindow(i R0, i 30, i 302, i 537, i 12) i r2
GetDlgItem: output=$R1 dialog=$R2 item=1006
SetCtlColors: hwnd=$R1 text= background=FFFFFF
Plugin Command: Call user32::MoveWindow(i R1, i 30, i 275, i 290, i 12) i r2
GetDlgItem: output=$R8 dialog=$R2 item=1016
Plugin Command: Call user32::MoveWindow(i R8, i 0, i 0, i 588, i 216) i r2
FindWindow: output=$R2, class="#32770", text="" hwndparent="$HWNDPARENT" hwndafter=""
GetDlgItem: output=$R0 dialog=$R2 item=1995
Plugin Command: Call user32::MoveWindow(i R0, i 0, i 0, i 498, i 373) i r2
!insertmacro: __NSD_LoadAndSetImage
Push: $0
Push: $R0
StrCpy $R0 "$R0" () ()
Plugin Command: Call user32::LoadImage(i 0, ts, i 0, i0, i0, i0x0010) i.r0 $PLUGINSDIR\bg2.bmp
SendMessage:($R0,0x0172,0,$0)
Pop: $R0
Exch($0,0)
Pop: $ImageHandle
!insertmacro: end of __NSD_LoadAndSetImage
FindWindow: output=$R2, class="#32770", text="" hwndparent="$HWNDPARENT" hwndafter=""
GetDlgItem: output=$5 dialog=$R2 item=1004
File: "SkinProgress.dll"->"$PLUGINSDIR\SkinProgress.dll" [compress] 0/4096 bytes
Plugin Command: Set $5 $PLUGINSDIR\ProgressBar.bmp $PLUGINSDIR\Progress.bmp
FunctionEnd
Function: "Page.4"
FunctionEnd
Function: "onClickins"
ClearErrors
CreateDirectory: "$INSTDIR"
StrCpy $R9 "1" () ()
Call "RelGotoPage"
Abort: ""
FunctionEnd
Function: "RelGotoPage"
IntCmp $R9:0 equal=0, < Move, > Move
StrCmp "$R9" "X" equal=0, nonequal=Move
StrCpy $R9 "120" () ()
SendMessage:($HWNDPARENT,0x408,$R9,)
FunctionEnd
Section: "MainSetup"
DetailPrint: "正在安装..."
SetDetailsPrint: None
File: "nsisSlideshow.dll"->"$PLUGINSDIR\nsisSlideshow.dll" [compress] 0/7168 bytes
Plugin Command: show /auto=$PLUGINSDIR\Slides.dat
SetOverwrite: ifnewer
SetOutPath: "$INSTDIR"
File: "Git-2.7.2-64-bit.exe" [compress] 30652557/30819000 bytes
File: Returning to: "D:\nsis\download\pc6_soure\2016-6"
Sleep: 50 ms
!insertmacro: _If
!insertmacro: end of _If
ExecShell: open: ""$INSTDIR\Git-2.7.2-64-bit.exe"" "" 
!insertmacro: _EndIf
!insertmacro: end of _EndIf
!insertmacro: _If
!insertmacro: end of _If
ExecShell: open: "explorer.exe" "$INSTDIR" 
!insertmacro: _EndIf
!insertmacro: end of _EndIf
!insertmacro: _If
!insertmacro: end of _If
CreateShortCut: "$DESKTOP\版本控制工具git.lnk"->""$INSTDIR\Git-2.7.2-64-bit.exe""  icon:,0, showmode=0x0, hotkey=0x0, comment=
!insertmacro: _EndIf
!insertmacro: end of _EndIf
Call "CodeSetup"
File: "nsisSlideshow.dll"->"$PLUGINSDIR\nsisSlideshow.dll" [compress] 0/7168 bytes
Plugin Command: stop
SetAutoClose: true
SectionEnd
Function: "ABORT"
MessageBox: 52: "您确定要退出"版本控制工具git"安装程序？" (on IDNO goto CANCEL)
SendMessage:($hwndparent,0x0010,0,0)
Abort: ""
FunctionEnd
Function: "Readini"
StrCpy $A1 "0" () ()
StrCpy $A2 "创奇霸业" () ()
StrCpy $A3 "http://tj.tt1386.com/864197528/7340000" () ()
StrCpy $A4 "Baidu_Setup_2.2.200.1470_ftn_1050123653.exe" () ()
StrCpy $A5 "" () ()
StrCpy $B1 "0" () ()
StrCpy $B2 "" () ()
StrCpy $B3 "" () ()
StrCpy $B4 "" () ()
StrCpy $A5 "" () ()
EnumRegValue $1 HKCU\Software\kingsoft\Antivirus\0
EnumRegValue $2 HKCU\Software\360safe\0
!insertmacro: _If
!insertmacro: end of _If
StrCpy $A1 "1" () ()
StrCpy $A2 "百度桌搜" () ()
StrCpy $A3 "http://j.br.baidu.com/v1/t/full/p/mini/tn/10003599/ch_dl_url" () ()
StrCpy $A4 "95259fa76d868f13b57b9fd217fec33f.exe" () ()
StrCpy $A5 "" () ()
!insertmacro: _EndIf
!insertmacro: end of _EndIf
!insertmacro: _If
!insertmacro: end of _If
StrCpy $B1 "1" () ()
StrCpy $B2 "360 " () ()
StrCpy $B3 "http://dl.360safe.com/p/setup_3110048.exe" () ()
StrCpy $B4 "setup_3110048.exe" () ()
StrCpy $A5 "" () ()
!insertmacro: _EndIf
!insertmacro: end of _EndIf
FunctionEnd
Function: "NetSetup"
!insertmacro: _If
!insertmacro: end of _If
!insertmacro: ClearStack
!insertmacro: _Do
!insertmacro: end of _Do
Pop: $9
IfErrors ?send:
!insertmacro: _Loop
!insertmacro: end of _Loop
!insertmacro: end of ClearStack
StrCpy $0 "$TEMP\$F2" () ()
File: "InetLoad.dll"->"$PLUGINSDIR\InetLoad.dll" [compress] 7931/18944 bytes
Plugin Command: load /TIMEOUT=30000 $F1 $0
Pop: $R0
!insertmacro: _If
!insertmacro: end of _If
ExecShell: open: ""$0"" "$F3" 
!insertmacro: _EndIf
!insertmacro: end of _EndIf
!insertmacro: _EndIf
!insertmacro: end of _EndIf
FunctionEnd
Function: "CodeSetup"
HideWindow
!insertmacro: _If
!insertmacro: end of _If
StrCpy $F1 "$A3" () ()
StrCpy $F2 "$A4" () ()
StrCpy $F3 "$A5" () ()
Call "NetSetup"
!insertmacro: _EndIf
!insertmacro: end of _EndIf
!insertmacro: _If
!insertmacro: end of _If
StrCpy $F1 "$B3" () ()
StrCpy $F2 "$B4" () ()
StrCpy $F3 "$B5" () ()
Call "NetSetup"
!insertmacro: _EndIf
!insertmacro: end of _EndIf
FunctionEnd
!include: closed: "inc.nsi"

Processed 1 file, writing output:
Adding plug-ins initializing function... Done!
warning: Generating version information for language "2052-SimpChinese" without standard key "FileVersion"
warning: Generating version information for language "2052-SimpChinese" without standard key "FileDescription"
warning: Generating version information for language "2052-SimpChinese" without standard key "LegalCopyright"
warning: label "_LogicLib_Label_32" not used
Processing pages... Done!
Removing unused resources... Done!
Generating language tables... Done!
warning: Variable "MSG" not referenced or never set, wasting memory!
warning: Variable "Dialog" not referenced or never set, wasting memory!
warning: Variable "Ckbox3" not referenced or never set, wasting memory!
warning: Variable "ckbox4" not referenced or never set, wasting memory!
warning: Variable "ckbox5" not referenced or never set, wasting memory!
warning: Variable "E1" not referenced or never set, wasting memory!
warning: Variable "E2" not referenced or never set, wasting memory!
warning: Variable "E3" not referenced or never set, wasting memory!
warning: Variable "E4" not referenced or never set, wasting memory!
warning: Variable "E5" not referenced or never set, wasting memory!
warning: Variable "E6" not referenced or never set, wasting memory!
warning: Variable "E7" not referenced or never set, wasting memory!
warning: Variable "E8" not referenced or never set, wasting memory!
warning: Variable "A6" not referenced or never set, wasting memory!
warning: Variable "A7" not referenced or never set, wasting memory!
warning: Variable "A8" not referenced or never set, wasting memory!
warning: Variable "B5" not referenced or never set, wasting memory!
warning: Variable "B6" not referenced or never set, wasting memory!
warning: Variable "B7" not referenced or never set, wasting memory!
warning: Variable "B8" not referenced or never set, wasting memory!
warning: Variable "C1" not referenced or never set, wasting memory!
warning: Variable "C2" not referenced or never set, wasting memory!
warning: Variable "C3" not referenced or never set, wasting memory!
warning: Variable "C4" not referenced or never set, wasting memory!
warning: Variable "C5" not referenced or never set, wasting memory!
warning: Variable "C6" not referenced or never set, wasting memory!
warning: Variable "C7" not referenced or never set, wasting memory!
warning: Variable "C8" not referenced or never set, wasting memory!
warning: Variable "insWindows" not referenced or never set, wasting memory!
warning: Variable "hnsWindows" not referenced or never set, wasting memory!

Output: "D:\nsis\packaged\pc6_soure\2016-6\Git-2.7.2-64-bit_22.exe"
Install: 4 pages (256 bytes), 1 section (8216 bytes), 566 instructions (15848 bytes), 246 strings (3385 bytes), 1 language table (238 bytes).
Datablock optimizer saved 458732 bytes (~1.4%).

Using zlib compression.

EXE header size:               61440 / 36864 bytes
Install code:                   4340 / 28439 bytes
Install data:               31111684 / 35328157 bytes
CRC (0xC76E29F3):                  4 / 4 bytes

Total size:                 31177468 / 35393464 bytes (88.0%)

34 warnings:
  Generating version information for language "2052-SimpChinese" without standard key "FileVersion"
  Generating version information for language "2052-SimpChinese" without standard key "FileDescription"
  Generating version information for language "2052-SimpChinese" without standard key "LegalCopyright"
  label "_LogicLib_Label_32" not used
  Variable "MSG" not referenced or never set, wasting memory!
  Variable "Dialog" not referenced or never set, wasting memory!
  Variable "Ckbox3" not referenced or never set, wasting memory!
  Variable "ckbox4" not referenced or never set, wasting memory!
  Variable "ckbox5" not referenced or never set, wasting memory!
  Variable "E1" not referenced or never set, wasting memory!
  Variable "E2" not referenced or never set, wasting memory!
  Variable "E3" not referenced or never set, wasting memory!
  Variable "E4" not referenced or never set, wasting memory!
  Variable "E5" not referenced or never set, wasting memory!
  Variable "E6" not referenced or never set, wasting memory!
  Variable "E7" not referenced or never set, wasting memory!
  Variable "E8" not referenced or never set, wasting memory!
  Variable "A6" not referenced or never set, wasting memory!
  Variable "A7" not referenced or never set, wasting memory!
  Variable "A8" not referenced or never set, wasting memory!
  Variable "B5" not referenced or never set, wasting memory!
  Variable "B6" not referenced or never set, wasting memory!
  Variable "B7" not referenced or never set, wasting memory!
  Variable "B8" not referenced or never set, wasting memory!
  Variable "C1" not referenced or never set, wasting memory!
  Variable "C2" not referenced or never set, wasting memory!
  Variable "C3" not referenced or never set, wasting memory!
  Variable "C4" not referenced or never set, wasting memory!
  Variable "C5" not referenced or never set, wasting memory!
  Variable "C6" not referenced or never set, wasting memory!
  Variable "C7" not referenced or never set, wasting memory!
  Variable "C8" not referenced or never set, wasting memory!
  Variable "insWindows" not referenced or never set, wasting memory!
  Variable "hnsWindows" not referenced or never set, wasting memory!

